****                   ADMIXTURE Version 1.3.0                  ****
****                    Copyright 2008-2015                     ****
****           David Alexander, Suyash Shringarpure,            ****
****                John  Novembre, Ken Lange                   ****
****                                                            ****
****                 Please cite our paper!                     ****
****   Information at www.genetics.ucla.edu/software/admixture  ****

Cross-validation will be performed.  Folds=5.
Parallel execution requested.  Will use 8 threads.
Random seed: 12345
Point estimation method: Block relaxation algorithm
Convergence acceleration algorithm: QuasiNewton, 3 secant conditions
Point estimation will terminate when objective function delta < 0.0001
Estimation of standard errors disabled; will compute point estimates only.
Size of G: 79x5426
Performing five EM steps to prime main algorithm
1 (EM) 	Elapsed: 0.004	Loglikelihood: -169238	(delta): 681722
2 (EM) 	Elapsed: 0.005	Loglikelihood: -169238	(delta): 0
3 (EM) 	Elapsed: 0.005	Loglikelihood: -169238	(delta): 0
4 (EM) 	Elapsed: 0.004	Loglikelihood: -169238	(delta): -2.91038e-11
5 (EM) 	Elapsed: 0.005	Loglikelihood: -169238	(delta): 2.91038e-11
Initial loglikelihood: -169238
Starting main algorithm
1 (QN/Block) 	Elapsed: 0.035	Loglikelihood: -169238	(delta): -2.91038e-11
2 (QN/Block) 	Elapsed: 0.036	Loglikelihood: -169238	(delta): 2.91038e-11
Summary: 
Converged in 2 iterations (0.103 sec)
Loglikelihood: -169237.855892
CV error (K=1): 0.29456
Writing output files.
