****                   ADMIXTURE Version 1.3.0                  ****
****                    Copyright 2008-2015                     ****
****           David Alexander, Suyash Shringarpure,            ****
****                John  Novembre, Ken Lange                   ****
****                                                            ****
****                 Please cite our paper!                     ****
****   Information at www.genetics.ucla.edu/software/admixture  ****

Cross-validation will be performed.  Folds=5.
Parallel execution requested.  Will use 8 threads.
Random seed: 12345
Point estimation method: Block relaxation algorithm
Convergence acceleration algorithm: QuasiNewton, 3 secant conditions
Point estimation will terminate when objective function delta < 0.0001
Estimation of standard errors disabled; will compute point estimates only.
Size of G: 79x5426
Performing five EM steps to prime main algorithm
1 (EM) 	Elapsed: 0.031	Loglikelihood: -178360	(delta): 544159
2 (EM) 	Elapsed: 0.027	Loglikelihood: -170171	(delta): 8189.28
3 (EM) 	Elapsed: 0.024	Loglikelihood: -168732	(delta): 1439.15
4 (EM) 	Elapsed: 0.025	Loglikelihood: -167964	(delta): 767.845
5 (EM) 	Elapsed: 0.025	Loglikelihood: -167503	(delta): 461.312
Initial loglikelihood: -167503
Starting main algorithm
1 (QN/Block) 	Elapsed: 0.089	Loglikelihood: -165890	(delta): 1612.43
2 (QN/Block) 	Elapsed: 0.088	Loglikelihood: -164972	(delta): 917.889
3 (QN/Block) 	Elapsed: 0.087	Loglikelihood: -164146	(delta): 826.89
4 (QN/Block) 	Elapsed: 0.09	Loglikelihood: -163424	(delta): 721.705
5 (QN/Block) 	Elapsed: 0.086	Loglikelihood: -162908	(delta): 515.455
6 (QN/Block) 	Elapsed: 0.094	Loglikelihood: -162641	(delta): 267.462
7 (QN/Block) 	Elapsed: 0.088	Loglikelihood: -162617	(delta): 23.8496
8 (QN/Block) 	Elapsed: 0.082	Loglikelihood: -162615	(delta): 2.39425
9 (QN/Block) 	Elapsed: 0.088	Loglikelihood: -162615	(delta): 0.157856
10 (QN/Block) 	Elapsed: 0.088	Loglikelihood: -162614	(delta): 0.0603189
11 (QN/Block) 	Elapsed: 0.088	Loglikelihood: -162614	(delta): 0.029826
12 (QN/Block) 	Elapsed: 0.087	Loglikelihood: -162614	(delta): 0.00123934
13 (QN/Block) 	Elapsed: 0.089	Loglikelihood: -162614	(delta): 0.000140193
14 (QN/Block) 	Elapsed: 0.092	Loglikelihood: -162614	(delta): 4.43857e-06
Summary: 
Converged in 14 iterations (1.395 sec)
Loglikelihood: -162614.437130
Fst divergences between estimated populations: 
	Pop0	
Pop0	
Pop1	0.059	
CV error (K=2): 0.29947
Writing output files.
