****                   ADMIXTURE Version 1.3.0                  ****
****                    Copyright 2008-2015                     ****
****           David Alexander, Suyash Shringarpure,            ****
****                John  Novembre, Ken Lange                   ****
****                                                            ****
****                 Please cite our paper!                     ****
****   Information at www.genetics.ucla.edu/software/admixture  ****

Cross-validation will be performed.  Folds=5.
Parallel execution requested.  Will use 8 threads.
Random seed: 12345
Point estimation method: Block relaxation algorithm
Convergence acceleration algorithm: QuasiNewton, 3 secant conditions
Point estimation will terminate when objective function delta < 0.0001
Estimation of standard errors disabled; will compute point estimates only.
Size of G: 79x5426
Performing five EM steps to prime main algorithm
1 (EM) 	Elapsed: 0.023	Loglikelihood: -181609	(delta): 483650
2 (EM) 	Elapsed: 0.021	Loglikelihood: -169671	(delta): 11938.2
3 (EM) 	Elapsed: 0.022	Loglikelihood: -167408	(delta): 2262.82
4 (EM) 	Elapsed: 0.022	Loglikelihood: -166153	(delta): 1254.75
5 (EM) 	Elapsed: 0.022	Loglikelihood: -165304	(delta): 848.964
Initial loglikelihood: -165304
Starting main algorithm
1 (QN/Block) 	Elapsed: 0.073	Loglikelihood: -160535	(delta): 4768.9
2 (QN/Block) 	Elapsed: 0.074	Loglikelihood: -158084	(delta): 2451.29
3 (QN/Block) 	Elapsed: 0.075	Loglikelihood: -156733	(delta): 1351.55
4 (QN/Block) 	Elapsed: 0.073	Loglikelihood: -156144	(delta): 588.553
5 (QN/Block) 	Elapsed: 0.072	Loglikelihood: -155801	(delta): 343.062
6 (QN/Block) 	Elapsed: 0.072	Loglikelihood: -155690	(delta): 111.429
7 (QN/Block) 	Elapsed: 0.072	Loglikelihood: -155642	(delta): 47.3826
8 (QN/Block) 	Elapsed: 0.074	Loglikelihood: -155620	(delta): 22.7069
9 (QN/Block) 	Elapsed: 0.076	Loglikelihood: -155600	(delta): 19.2476
10 (QN/Block) 	Elapsed: 0.073	Loglikelihood: -155593	(delta): 7.53492
11 (QN/Block) 	Elapsed: 0.072	Loglikelihood: -155586	(delta): 6.61799
12 (QN/Block) 	Elapsed: 0.074	Loglikelihood: -155581	(delta): 5.51197
13 (QN/Block) 	Elapsed: 0.071	Loglikelihood: -155579	(delta): 1.59167
14 (QN/Block) 	Elapsed: 0.074	Loglikelihood: -155565	(delta): 14.175
15 (QN/Block) 	Elapsed: 0.073	Loglikelihood: -155558	(delta): 7.07657
16 (QN/Block) 	Elapsed: 0.073	Loglikelihood: -155551	(delta): 7.19894
17 (QN/Block) 	Elapsed: 0.075	Loglikelihood: -155537	(delta): 13.5139
18 (QN/Block) 	Elapsed: 0.074	Loglikelihood: -155529	(delta): 8.35146
19 (QN/Block) 	Elapsed: 0.075	Loglikelihood: -155525	(delta): 4.04313
20 (QN/Block) 	Elapsed: 0.072	Loglikelihood: -155523	(delta): 1.87296
21 (QN/Block) 	Elapsed: 0.073	Loglikelihood: -155522	(delta): 0.44337
22 (QN/Block) 	Elapsed: 0.072	Loglikelihood: -155522	(delta): 0.199013
23 (QN/Block) 	Elapsed: 0.071	Loglikelihood: -155522	(delta): 0.349531
24 (QN/Block) 	Elapsed: 0.075	Loglikelihood: -155522	(delta): 0.225607
25 (QN/Block) 	Elapsed: 0.074	Loglikelihood: -155522	(delta): 0.0328469
26 (QN/Block) 	Elapsed: 0.072	Loglikelihood: -155522	(delta): 0.00956532
27 (QN/Block) 	Elapsed: 0.071	Loglikelihood: -155522	(delta): 0.00441001
28 (QN/Block) 	Elapsed: 0.072	Loglikelihood: -155522	(delta): 0.000916726
29 (QN/Block) 	Elapsed: 0.072	Loglikelihood: -155522	(delta): 0.000553049
30 (QN/Block) 	Elapsed: 0.072	Loglikelihood: -155522	(delta): 0.00105511
31 (QN/Block) 	Elapsed: 0.071	Loglikelihood: -155522	(delta): 0.000234738
32 (QN/Block) 	Elapsed: 0.072	Loglikelihood: -155522	(delta): 7.65994e-05
Summary: 
Converged in 32 iterations (2.486 sec)
Loglikelihood: -155521.500876
Fst divergences between estimated populations: 
	Pop0	Pop1	Pop2	
Pop0	
Pop1	0.078	
Pop2	0.039	0.073	
Pop3	0.043	0.081	0.040	
CV error (K=4): 0.34373
Writing output files.
