****                   ADMIXTURE Version 1.3.0                  ****
****                    Copyright 2008-2015                     ****
****           David Alexander, Suyash Shringarpure,            ****
****                John  Novembre, Ken Lange                   ****
****                                                            ****
****                 Please cite our paper!                     ****
****   Information at www.genetics.ucla.edu/software/admixture  ****

Cross-validation will be performed.  Folds=5.
Parallel execution requested.  Will use 8 threads.
Random seed: 12345
Point estimation method: Block relaxation algorithm
Convergence acceleration algorithm: QuasiNewton, 3 secant conditions
Point estimation will terminate when objective function delta < 0.0001
Estimation of standard errors disabled; will compute point estimates only.
Size of G: 79x5426
Performing five EM steps to prime main algorithm
1 (EM) 	Elapsed: 0.033	Loglikelihood: -181777	(delta): 470865
2 (EM) 	Elapsed: 0.029	Loglikelihood: -169367	(delta): 12409.8
3 (EM) 	Elapsed: 0.027	Loglikelihood: -166863	(delta): 2503.96
4 (EM) 	Elapsed: 0.025	Loglikelihood: -165446	(delta): 1416.99
5 (EM) 	Elapsed: 0.026	Loglikelihood: -164476	(delta): 970.227
Initial loglikelihood: -164476
Starting main algorithm
1 (QN/Block) 	Elapsed: 0.097	Loglikelihood: -159077	(delta): 5398.89
2 (QN/Block) 	Elapsed: 0.09	Loglikelihood: -156775	(delta): 2301.45
3 (QN/Block) 	Elapsed: 0.093	Loglikelihood: -154659	(delta): 2116.74
4 (QN/Block) 	Elapsed: 0.092	Loglikelihood: -153655	(delta): 1004
5 (QN/Block) 	Elapsed: 0.106	Loglikelihood: -153180	(delta): 474.583
6 (QN/Block) 	Elapsed: 0.101	Loglikelihood: -152978	(delta): 202.013
7 (QN/Block) 	Elapsed: 0.103	Loglikelihood: -152849	(delta): 128.829
8 (QN/Block) 	Elapsed: 0.093	Loglikelihood: -152809	(delta): 40.7748
9 (QN/Block) 	Elapsed: 0.092	Loglikelihood: -152796	(delta): 12.635
10 (QN/Block) 	Elapsed: 0.091	Loglikelihood: -152792	(delta): 3.74096
11 (QN/Block) 	Elapsed: 0.09	Loglikelihood: -152790	(delta): 1.99026
12 (QN/Block) 	Elapsed: 0.09	Loglikelihood: -152787	(delta): 3.63184
13 (QN/Block) 	Elapsed: 0.093	Loglikelihood: -152775	(delta): 11.7019
14 (QN/Block) 	Elapsed: 0.091	Loglikelihood: -152774	(delta): 0.453569
15 (QN/Block) 	Elapsed: 0.093	Loglikelihood: -152774	(delta): 0.108616
16 (QN/Block) 	Elapsed: 0.095	Loglikelihood: -152774	(delta): 0.211787
17 (QN/Block) 	Elapsed: 0.096	Loglikelihood: -152774	(delta): 0.076761
18 (QN/Block) 	Elapsed: 0.093	Loglikelihood: -152774	(delta): 0.014408
19 (QN/Block) 	Elapsed: 0.092	Loglikelihood: -152774	(delta): 0.0085386
20 (QN/Block) 	Elapsed: 0.093	Loglikelihood: -152774	(delta): 0.0319333
21 (QN/Block) 	Elapsed: 0.094	Loglikelihood: -152774	(delta): 0.0208802
22 (QN/Block) 	Elapsed: 0.095	Loglikelihood: -152774	(delta): 0.0298597
23 (QN/Block) 	Elapsed: 0.094	Loglikelihood: -152774	(delta): 0.0480123
24 (QN/Block) 	Elapsed: 0.095	Loglikelihood: -152774	(delta): 0.0781758
25 (QN/Block) 	Elapsed: 0.094	Loglikelihood: -152774	(delta): 0.104862
26 (QN/Block) 	Elapsed: 0.094	Loglikelihood: -152774	(delta): 0.0327449
27 (QN/Block) 	Elapsed: 0.095	Loglikelihood: -152773	(delta): 0.603044
28 (QN/Block) 	Elapsed: 0.095	Loglikelihood: -152758	(delta): 15.3448
29 (QN/Block) 	Elapsed: 0.094	Loglikelihood: -152751	(delta): 6.97532
30 (QN/Block) 	Elapsed: 0.093	Loglikelihood: -152747	(delta): 4.1847
31 (QN/Block) 	Elapsed: 0.094	Loglikelihood: -152745	(delta): 1.08692
32 (QN/Block) 	Elapsed: 0.093	Loglikelihood: -152745	(delta): 0.044235
33 (QN/Block) 	Elapsed: 0.092	Loglikelihood: -152745	(delta): 0.00488768
34 (QN/Block) 	Elapsed: 0.091	Loglikelihood: -152745	(delta): 0.00185605
35 (QN/Block) 	Elapsed: 0.092	Loglikelihood: -152745	(delta): 0.00296389
36 (QN/Block) 	Elapsed: 0.092	Loglikelihood: -152745	(delta): 0.000671185
37 (QN/Block) 	Elapsed: 0.093	Loglikelihood: -152745	(delta): 4.06718e-05
Summary: 
Converged in 37 iterations (3.666 sec)
Loglikelihood: -152745.388553
Fst divergences between estimated populations: 
	Pop0	Pop1	Pop2	Pop3	
Pop0	
Pop1	0.059	
Pop2	0.055	0.045	
Pop3	0.068	0.054	0.049	
Pop4	0.086	0.086	0.078	0.091	
CV error (K=5): 0.36632
Writing output files.
