****                   ADMIXTURE Version 1.3.0                  ****
****                    Copyright 2008-2015                     ****
****           David Alexander, Suyash Shringarpure,            ****
****                John  Novembre, Ken Lange                   ****
****                                                            ****
****                 Please cite our paper!                     ****
****   Information at www.genetics.ucla.edu/software/admixture  ****

Cross-validation will be performed.  Folds=5.
Parallel execution requested.  Will use 8 threads.
Random seed: 12345
Point estimation method: Block relaxation algorithm
Convergence acceleration algorithm: QuasiNewton, 3 secant conditions
Point estimation will terminate when objective function delta < 0.0001
Estimation of standard errors disabled; will compute point estimates only.
Size of G: 79x5426
Performing five EM steps to prime main algorithm
1 (EM) 	Elapsed: 0.047	Loglikelihood: -181808	(delta): 463407
2 (EM) 	Elapsed: 0.046	Loglikelihood: -169115	(delta): 12692.3
3 (EM) 	Elapsed: 0.045	Loglikelihood: -166518	(delta): 2597.42
4 (EM) 	Elapsed: 0.044	Loglikelihood: -165039	(delta): 1479.26
5 (EM) 	Elapsed: 0.046	Loglikelihood: -163990	(delta): 1048.44
Initial loglikelihood: -163990
Starting main algorithm
1 (QN/Block) 	Elapsed: 0.121	Loglikelihood: -156981	(delta): 7009.02
2 (QN/Block) 	Elapsed: 0.116	Loglikelihood: -154269	(delta): 2711.96
3 (QN/Block) 	Elapsed: 0.127	Loglikelihood: -152598	(delta): 1670.94
4 (QN/Block) 	Elapsed: 0.127	Loglikelihood: -151449	(delta): 1149.66
5 (QN/Block) 	Elapsed: 0.126	Loglikelihood: -150837	(delta): 611.891
6 (QN/Block) 	Elapsed: 0.125	Loglikelihood: -150546	(delta): 290.939
7 (QN/Block) 	Elapsed: 0.123	Loglikelihood: -150434	(delta): 111.778
8 (QN/Block) 	Elapsed: 0.123	Loglikelihood: -150369	(delta): 64.5155
9 (QN/Block) 	Elapsed: 0.123	Loglikelihood: -150310	(delta): 59.5648
10 (QN/Block) 	Elapsed: 0.118	Loglikelihood: -150269	(delta): 40.9283
11 (QN/Block) 	Elapsed: 0.121	Loglikelihood: -150251	(delta): 18.2087
12 (QN/Block) 	Elapsed: 0.121	Loglikelihood: -150238	(delta): 12.6787
13 (QN/Block) 	Elapsed: 0.122	Loglikelihood: -150232	(delta): 5.65272
14 (QN/Block) 	Elapsed: 0.123	Loglikelihood: -150230	(delta): 2.15381
15 (QN/Block) 	Elapsed: 0.123	Loglikelihood: -150226	(delta): 4.04167
16 (QN/Block) 	Elapsed: 0.125	Loglikelihood: -150224	(delta): 2.47176
17 (QN/Block) 	Elapsed: 0.124	Loglikelihood: -150224	(delta): 0.0259407
18 (QN/Block) 	Elapsed: 0.125	Loglikelihood: -150224	(delta): 0.00540317
19 (QN/Block) 	Elapsed: 0.123	Loglikelihood: -150224	(delta): 0.00175883
20 (QN/Block) 	Elapsed: 0.123	Loglikelihood: -150224	(delta): 0.000726159
21 (QN/Block) 	Elapsed: 0.123	Loglikelihood: -150224	(delta): 0.000253815
22 (QN/Block) 	Elapsed: 0.124	Loglikelihood: -150224	(delta): 0.00016716
23 (QN/Block) 	Elapsed: 0.119	Loglikelihood: -150224	(delta): 6.26495e-05
Summary: 
Converged in 23 iterations (3.097 sec)
Loglikelihood: -150223.734866
Fst divergences between estimated populations: 
	Pop0	Pop1	Pop2	Pop3	Pop4	
Pop0	
Pop1	0.070	
Pop2	0.102	0.098	
Pop3	0.064	0.074	0.093	
Pop4	0.060	0.064	0.091	0.052	
Pop5	0.068	0.065	0.093	0.062	0.060	
CV error (K=6): 0.38298
Writing output files.
