****                   ADMIXTURE Version 1.3.0                  ****
****                    Copyright 2008-2015                     ****
****           David Alexander, Suyash Shringarpure,            ****
****                John  Novembre, Ken Lange                   ****
****                                                            ****
****                 Please cite our paper!                     ****
****   Information at www.genetics.ucla.edu/software/admixture  ****

Cross-validation will be performed.  Folds=5.
Parallel execution requested.  Will use 8 threads.
Random seed: 12345
Point estimation method: Block relaxation algorithm
Convergence acceleration algorithm: QuasiNewton, 3 secant conditions
Point estimation will terminate when objective function delta < 0.0001
Estimation of standard errors disabled; will compute point estimates only.
Size of G: 79x5426
Performing five EM steps to prime main algorithm
1 (EM) 	Elapsed: 0.054	Loglikelihood: -181797	(delta): 453353
2 (EM) 	Elapsed: 0.054	Loglikelihood: -168521	(delta): 13275.9
3 (EM) 	Elapsed: 0.054	Loglikelihood: -165854	(delta): 2667.35
4 (EM) 	Elapsed: 0.053	Loglikelihood: -164288	(delta): 1565.81
5 (EM) 	Elapsed: 0.053	Loglikelihood: -163147	(delta): 1141.2
Initial loglikelihood: -163147
Starting main algorithm
1 (QN/Block) 	Elapsed: 0.124	Loglikelihood: -155183	(delta): 7963.51
2 (QN/Block) 	Elapsed: 0.137	Loglikelihood: -152339	(delta): 2844.39
3 (QN/Block) 	Elapsed: 0.148	Loglikelihood: -150113	(delta): 2226.17
4 (QN/Block) 	Elapsed: 0.13	Loglikelihood: -149108	(delta): 1005.03
5 (QN/Block) 	Elapsed: 0.133	Loglikelihood: -148597	(delta): 510.508
6 (QN/Block) 	Elapsed: 0.156	Loglikelihood: -148297	(delta): 299.967
7 (QN/Block) 	Elapsed: 0.138	Loglikelihood: -148175	(delta): 121.923
8 (QN/Block) 	Elapsed: 0.14	Loglikelihood: -148117	(delta): 57.8115
9 (QN/Block) 	Elapsed: 0.14	Loglikelihood: -148101	(delta): 16.7612
10 (QN/Block) 	Elapsed: 0.139	Loglikelihood: -148085	(delta): 15.6263
11 (QN/Block) 	Elapsed: 0.138	Loglikelihood: -148082	(delta): 2.99837
12 (QN/Block) 	Elapsed: 0.138	Loglikelihood: -148080	(delta): 1.53863
13 (QN/Block) 	Elapsed: 0.134	Loglikelihood: -148078	(delta): 1.94006
14 (QN/Block) 	Elapsed: 0.138	Loglikelihood: -148078	(delta): 0.775593
15 (QN/Block) 	Elapsed: 0.139	Loglikelihood: -148077	(delta): 0.425746
16 (QN/Block) 	Elapsed: 0.138	Loglikelihood: -148077	(delta): 0.626778
17 (QN/Block) 	Elapsed: 0.134	Loglikelihood: -148076	(delta): 0.936975
18 (QN/Block) 	Elapsed: 0.142	Loglikelihood: -148076	(delta): 0.169467
19 (QN/Block) 	Elapsed: 0.134	Loglikelihood: -148075	(delta): 0.0427093
20 (QN/Block) 	Elapsed: 0.135	Loglikelihood: -148075	(delta): 0.142639
21 (QN/Block) 	Elapsed: 0.133	Loglikelihood: -148075	(delta): 0.0327756
22 (QN/Block) 	Elapsed: 0.137	Loglikelihood: -148075	(delta): 0.0160503
23 (QN/Block) 	Elapsed: 0.139	Loglikelihood: -148075	(delta): 0.0260312
24 (QN/Block) 	Elapsed: 0.134	Loglikelihood: -148075	(delta): 0.00415029
25 (QN/Block) 	Elapsed: 0.153	Loglikelihood: -148075	(delta): 4.79665e-05
Summary: 
Converged in 25 iterations (3.767 sec)
Loglikelihood: -148075.253211
Fst divergences between estimated populations: 
	Pop0	Pop1	Pop2	Pop3	Pop4	Pop5	
Pop0	
Pop1	0.057	
Pop2	0.121	0.117	
Pop3	0.097	0.097	0.102	
Pop4	0.065	0.060	0.117	0.098	
Pop5	0.062	0.061	0.121	0.104	0.072	
Pop6	0.060	0.059	0.118	0.096	0.071	0.068	
CV error (K=7): 0.39901
Writing output files.
