****                   ADMIXTURE Version 1.3.0                  ****
****                    Copyright 2008-2015                     ****
****           David Alexander, Suyash Shringarpure,            ****
****                John  Novembre, Ken Lange                   ****
****                                                            ****
****                 Please cite our paper!                     ****
****   Information at www.genetics.ucla.edu/software/admixture  ****

Cross-validation will be performed.  Folds=5.
Parallel execution requested.  Will use 8 threads.
Random seed: 12345
Point estimation method: Block relaxation algorithm
Convergence acceleration algorithm: QuasiNewton, 3 secant conditions
Point estimation will terminate when objective function delta < 0.0001
Estimation of standard errors disabled; will compute point estimates only.
Size of G: 79x5426
Performing five EM steps to prime main algorithm
1 (EM) 	Elapsed: 0.059	Loglikelihood: -182138	(delta): 450279
2 (EM) 	Elapsed: 0.059	Loglikelihood: -168512	(delta): 13625.9
3 (EM) 	Elapsed: 0.06	Loglikelihood: -165863	(delta): 2649.69
4 (EM) 	Elapsed: 0.058	Loglikelihood: -164321	(delta): 1541.7
5 (EM) 	Elapsed: 0.057	Loglikelihood: -163187	(delta): 1133.61
Initial loglikelihood: -163187
Starting main algorithm
1 (QN/Block) 	Elapsed: 0.128	Loglikelihood: -154322	(delta): 8865.8
2 (QN/Block) 	Elapsed: 0.123	Loglikelihood: -151056	(delta): 3265.42
3 (QN/Block) 	Elapsed: 0.134	Loglikelihood: -148769	(delta): 2286.83
4 (QN/Block) 	Elapsed: 0.139	Loglikelihood: -147520	(delta): 1249.3
5 (QN/Block) 	Elapsed: 0.13	Loglikelihood: -146841	(delta): 679.091
6 (QN/Block) 	Elapsed: 0.125	Loglikelihood: -146435	(delta): 406.151
7 (QN/Block) 	Elapsed: 0.128	Loglikelihood: -146294	(delta): 140.434
8 (QN/Block) 	Elapsed: 0.131	Loglikelihood: -146081	(delta): 213.03
9 (QN/Block) 	Elapsed: 0.141	Loglikelihood: -146002	(delta): 79.074
10 (QN/Block) 	Elapsed: 0.139	Loglikelihood: -145968	(delta): 33.9014
11 (QN/Block) 	Elapsed: 0.137	Loglikelihood: -145933	(delta): 35.0459
12 (QN/Block) 	Elapsed: 0.131	Loglikelihood: -145899	(delta): 34.4252
13 (QN/Block) 	Elapsed: 0.132	Loglikelihood: -145892	(delta): 7.03828
14 (QN/Block) 	Elapsed: 0.13	Loglikelihood: -145889	(delta): 3.02349
15 (QN/Block) 	Elapsed: 0.13	Loglikelihood: -145886	(delta): 3.13964
16 (QN/Block) 	Elapsed: 0.132	Loglikelihood: -145883	(delta): 3.25437
17 (QN/Block) 	Elapsed: 0.132	Loglikelihood: -145879	(delta): 3.36687
18 (QN/Block) 	Elapsed: 0.13	Loglikelihood: -145879	(delta): 0.332815
19 (QN/Block) 	Elapsed: 0.132	Loglikelihood: -145879	(delta): 0.0245581
20 (QN/Block) 	Elapsed: 0.13	Loglikelihood: -145879	(delta): 0.0113163
21 (QN/Block) 	Elapsed: 0.129	Loglikelihood: -145879	(delta): 0.00383746
22 (QN/Block) 	Elapsed: 0.132	Loglikelihood: -145879	(delta): 0.00046457
23 (QN/Block) 	Elapsed: 0.137	Loglikelihood: -145879	(delta): 6.14186e-05
Summary: 
Converged in 23 iterations (3.375 sec)
Loglikelihood: -145878.771027
Fst divergences between estimated populations: 
	Pop0	Pop1	Pop2	Pop3	Pop4	Pop5	Pop6	
Pop0	
Pop1	0.071	
Pop2	0.123	0.122	
Pop3	0.074	0.078	0.124	
Pop4	0.069	0.079	0.117	0.076	
Pop5	0.106	0.116	0.150	0.115	0.115	
Pop6	0.074	0.084	0.112	0.090	0.081	0.107	
Pop7	0.074	0.077	0.122	0.082	0.081	0.091	0.078	
CV error (K=8): 0.41822
Writing output files.
