****                   ADMIXTURE Version 1.3.0                  ****
****                    Copyright 2008-2015                     ****
****           David Alexander, Suyash Shringarpure,            ****
****                John  Novembre, Ken Lange                   ****
****                                                            ****
****                 Please cite our paper!                     ****
****   Information at www.genetics.ucla.edu/software/admixture  ****

Cross-validation will be performed.  Folds=5.
Parallel execution requested.  Will use 8 threads.
Random seed: 12345
Point estimation method: Block relaxation algorithm
Convergence acceleration algorithm: QuasiNewton, 3 secant conditions
Point estimation will terminate when objective function delta < 0.0001
Estimation of standard errors disabled; will compute point estimates only.
Size of G: 79x5426
Performing five EM steps to prime main algorithm
1 (EM) 	Elapsed: 0.064	Loglikelihood: -181524	(delta): 447748
2 (EM) 	Elapsed: 0.056	Loglikelihood: -167959	(delta): 13564.3
3 (EM) 	Elapsed: 0.058	Loglikelihood: -165122	(delta): 2837.3
4 (EM) 	Elapsed: 0.057	Loglikelihood: -163412	(delta): 1709.64
5 (EM) 	Elapsed: 0.059	Loglikelihood: -162141	(delta): 1271.31
Initial loglikelihood: -162141
Starting main algorithm
1 (QN/Block) 	Elapsed: 0.138	Loglikelihood: -151969	(delta): 10172.4
2 (QN/Block) 	Elapsed: 0.138	Loglikelihood: -148359	(delta): 3609.78
3 (QN/Block) 	Elapsed: 0.144	Loglikelihood: -146417	(delta): 1942.34
4 (QN/Block) 	Elapsed: 0.14	Loglikelihood: -145228	(delta): 1188.55
5 (QN/Block) 	Elapsed: 0.141	Loglikelihood: -144548	(delta): 679.997
6 (QN/Block) 	Elapsed: 0.141	Loglikelihood: -144142	(delta): 405.468
7 (QN/Block) 	Elapsed: 0.14	Loglikelihood: -143971	(delta): 171.49
8 (QN/Block) 	Elapsed: 0.138	Loglikelihood: -143794	(delta): 177.483
9 (QN/Block) 	Elapsed: 0.139	Loglikelihood: -143698	(delta): 95.843
10 (QN/Block) 	Elapsed: 0.137	Loglikelihood: -143638	(delta): 59.4727
11 (QN/Block) 	Elapsed: 0.137	Loglikelihood: -143613	(delta): 24.9561
12 (QN/Block) 	Elapsed: 0.137	Loglikelihood: -143603	(delta): 10.014
13 (QN/Block) 	Elapsed: 0.139	Loglikelihood: -143598	(delta): 4.82581
14 (QN/Block) 	Elapsed: 0.139	Loglikelihood: -143594	(delta): 4.38898
15 (QN/Block) 	Elapsed: 0.139	Loglikelihood: -143589	(delta): 4.79113
16 (QN/Block) 	Elapsed: 0.143	Loglikelihood: -143586	(delta): 3.20293
17 (QN/Block) 	Elapsed: 0.137	Loglikelihood: -143586	(delta): 0.0270337
18 (QN/Block) 	Elapsed: 0.136	Loglikelihood: -143586	(delta): 0.0152839
19 (QN/Block) 	Elapsed: 0.14	Loglikelihood: -143586	(delta): 0.00218836
20 (QN/Block) 	Elapsed: 0.14	Loglikelihood: -143586	(delta): 0.00197
21 (QN/Block) 	Elapsed: 0.137	Loglikelihood: -143586	(delta): 0.000294318
22 (QN/Block) 	Elapsed: 0.138	Loglikelihood: -143586	(delta): 4.04819e-05
Summary: 
Converged in 22 iterations (3.415 sec)
Loglikelihood: -143585.979304
Fst divergences between estimated populations: 
	Pop0	Pop1	Pop2	Pop3	Pop4	Pop5	Pop6	Pop7	
Pop0	
Pop1	0.089	
Pop2	0.112	0.126	
Pop3	0.126	0.127	0.146	
Pop4	0.072	0.085	0.109	0.128	
Pop5	0.071	0.087	0.112	0.123	0.070	
Pop6	0.081	0.096	0.114	0.124	0.082	0.071	
Pop7	0.124	0.137	0.111	0.169	0.126	0.125	0.132	
Pop8	0.072	0.088	0.105	0.111	0.071	0.066	0.067	0.123	
CV error (K=9): 0.43465
Writing output files.
