Marginal likelihood with initialization (1) = -0.5718690665
Marginal likelihood with initialization (2) = -0.5718675384
Marginal likelihood with initialization (3) = -0.5718690541
Marginal likelihood with initialization (4) = -0.5718691606
Marginal likelihood with initialization (5) = -0.5718701860
Iteration Marginal_Likelihood delta_Marginal_Likelihood Iteration_Time (secs)
0 -0.5718675384 -- 0.675
10 -0.4294911231 0.1423764153 1.383
20 -0.3813290561 0.0481620670 0.993
30 -0.3789001724 0.0024288837 0.960
40 -0.3782788224 0.0006213500 0.936
50 -0.3777089229 0.0005698995 1.016
60 -0.3770879003 0.0006210226 1.005
70 -0.3763902093 0.0006976910 1.013
80 -0.3755950016 0.0007952077 1.025
90 -0.3746786489 0.0009163527 1.053
100 -0.3736110814 0.0010675675 1.096
110 -0.3723515078 0.0012595736 1.147
120 -0.3708501077 0.0015014001 1.169
130 -0.3690599396 0.0017901681 1.163
140 -0.3670215068 0.0020384328 1.190
150 -0.3647317945 0.0022897124 1.194
160 -0.3621302336 0.0026015608 1.206
170 -0.3593720978 0.0027581358 1.179
180 -0.3570143671 0.0023577308 1.131
190 -0.3554280800 0.0015862871 1.077
200 -0.3544364838 0.0009915962 1.066
210 -0.3537840263 0.0006524574 1.066
220 -0.3533230639 0.0004609624 1.052
230 -0.3529778788 0.0003451851 1.065
240 -0.3527077644 0.0002701144 1.051
250 -0.3524892179 0.0002185465 1.054
260 -0.3523077688 0.0001814491 1.054
270 -0.3521540190 0.0001537498 1.046
280 -0.3520215894 0.0001324296 1.047
290 -0.3519059878 0.0001156016 1.042
300 -0.3518039509 0.0001020369 1.047
310 -0.3517130442 0.0000909068 1.048
320 -0.3516314093 0.0000816349 1.291
330 -0.3515575994 0.0000738099 1.020
340 -0.3514904681 0.0000671313 0.961
350 -0.3514290931 0.0000613750 0.940
360 -0.3513727224 0.0000563707 0.958
370 -0.3513207355 0.0000519869 1.015
380 -0.3512726148 0.0000481207 1.004
390 -0.3512279245 0.0000446903 0.990
400 -0.3511862944 0.0000416300 0.989
410 -0.3511474080 0.0000388864 0.944
420 -0.3511109922 0.0000364158 0.942
430 -0.3510768104 0.0000341818 0.918
440 -0.3510446562 0.0000321543 0.916
450 -0.3510143484 0.0000303078 0.990
460 -0.3509857276 0.0000286208 0.935
470 -0.3509586527 0.0000270749 0.924
480 -0.3509329981 0.0000256546 0.926
490 -0.3509086519 0.0000243462 0.921
500 -0.3508855140 0.0000231379 0.989
510 -0.3508634943 0.0000220197 1.021
520 -0.3508425116 0.0000209827 1.002
530 -0.3508224927 0.0000200189 1.015
540 -0.3508033712 0.0000191216 1.006
550 -0.3507850866 0.0000182846 1.015
560 -0.3507675839 0.0000175026 1.017
570 -0.3507508131 0.0000167708 1.009
580 -0.3507347281 0.0000160850 1.015
590 -0.3507192869 0.0000154412 1.010
600 -0.3507044507 0.0000148362 1.011
610 -0.3506901840 0.0000142667 1.014
620 -0.3506764539 0.0000137301 1.011
630 -0.3506632301 0.0000132238 1.021
640 -0.3506504846 0.0000127455 0.950
650 -0.3506381914 0.0000122932 0.955
660 -0.3506263264 0.0000118650 0.968
670 -0.3506148671 0.0000114593 0.946
680 -0.3506037927 0.0000110744 0.921
690 -0.3505930837 0.0000107090 0.951
700 -0.3505827220 0.0000103617 0.918
710 -0.3505726907 0.0000100313 0.931
720 -0.3505629738 0.0000097168 0.926
730 -0.3505535567 0.0000094172 1.012
740 -0.3505444253 0.0000091314 0.995
750 -0.3505355665 0.0000088587 0.919
760 -0.3505269682 0.0000085983 0.924
770 -0.3505186188 0.0000083494 0.921
780 -0.3505105074 0.0000081114 0.917
790 -0.3505026238 0.0000078836 0.924
800 -0.3504949584 0.0000076655 0.981
810 -0.3504875019 0.0000074564 1.017
820 -0.3504802460 0.0000072560 1.012
830 -0.3504731823 0.0000070637 1.015
840 -0.3504663032 0.0000068791 1.013
850 -0.3504596015 0.0000067017 0.995
860 -0.3504530702 0.0000065313 1.021
870 -0.3504467027 0.0000063674 0.989
880 -0.3504404929 0.0000062098 0.998
890 -0.3504344349 0.0000060580 1.002
900 -0.3504285230 0.0000059119 0.993
910 -0.3504227519 0.0000057711 1.044
920 -0.3504171165 0.0000056354 1.020
930 -0.3504116121 0.0000055045 1.021
940 -0.3504062339 0.0000053782 1.023
950 -0.3504009777 0.0000052563 1.020
960 -0.3503958391 0.0000051385 1.022
970 -0.3503908143 0.0000050248 1.016
980 -0.3503858994 0.0000049149 1.016
990 -0.3503810907 0.0000048087 1.017
1000 -0.3503763848 0.0000047059 1.004
1010 -0.3503717784 0.0000046064 1.008
1020 -0.3503672682 0.0000045102 0.997
1030 -0.3503628512 0.0000044170 0.945
1040 -0.3503585245 0.0000043267 0.945
1050 -0.3503542852 0.0000042393 0.939
1060 -0.3503501307 0.0000041545 0.997
1070 -0.3503460584 0.0000040723 0.998
1080 -0.3503420659 0.0000039926 0.990
1090 -0.3503381507 0.0000039152 1.004
1100 -0.3503343105 0.0000038401 0.977
1110 -0.3503305433 0.0000037673 0.939
1120 -0.3503268468 0.0000036965 0.941
1130 -0.3503232190 0.0000036277 0.938
1140 -0.3503196581 0.0000035609 0.958
1150 -0.3503161621 0.0000034960 0.961
1160 -0.3503127292 0.0000034329 0.913
1170 -0.3503093576 0.0000033715 0.938
1180 -0.3503060458 0.0000033118 0.938
1190 -0.3503027921 0.0000032537 0.979
1200 -0.3502995949 0.0000031972 1.006
1210 -0.3502964527 0.0000031422 0.928
1220 -0.3502933642 0.0000030886 0.910
1230 -0.3502903278 0.0000030364 0.913
1240 -0.3502873423 0.0000029855 0.976
1250 -0.3502844063 0.0000029360 1.001
1260 -0.3502815185 0.0000028877 0.993
1270 -0.3502786779 0.0000028406 1.000
1280 -0.3502758831 0.0000027948 0.981
1290 -0.3502731332 0.0000027500 0.995
1300 -0.3502704268 0.0000027063 1.017
1310 -0.3502677631 0.0000026637 1.033
1320 -0.3502651409 0.0000026222 1.020
1330 -0.3502625593 0.0000025816 0.995
1340 -0.3502600174 0.0000025420 0.991
1350 -0.3502575141 0.0000025033 0.996
1360 -0.3502550486 0.0000024655 0.983
1370 -0.3502526199 0.0000024286 0.994
1380 -0.3502502274 0.0000023926 0.977
1390 -0.3502478701 0.0000023573 0.980
1400 -0.3502455472 0.0000023229 0.990
1410 -0.3502432580 0.0000022892 0.980
1420 -0.3502410016 0.0000022563 0.987
1430 -0.3502387775 0.0000022241 0.980
1440 -0.3502365849 0.0000021926 0.976
1450 -0.3502344230 0.0000021619 1.006
1460 -0.3502322913 0.0000021317 0.995
1470 -0.3502301891 0.0000021022 1.005
1480 -0.3502281157 0.0000020734 0.996
1490 -0.3502260705 0.0000020451 0.963
1500 -0.3502240530 0.0000020175 0.907
1510 -0.3502220626 0.0000019904 0.904
1520 -0.3502200987 0.0000019639 0.903
1530 -0.3502181608 0.0000019379 0.898
1540 -0.3502162483 0.0000019125 0.913
1550 -0.3502143607 0.0000018876 0.936
1560 -0.3502124976 0.0000018631 0.972
1570 -0.3502106584 0.0000018392 0.965
1580 -0.3502088427 0.0000018157 0.980
1590 -0.3502070499 0.0000017927 0.929
1600 -0.3502052797 0.0000017702 0.916
1610 -0.3502035316 0.0000017481 0.889
1620 -0.3502018052 0.0000017264 0.899
1630 -0.3502001001 0.0000017051 0.891
1640 -0.3501984159 0.0000016843 0.896
1650 -0.3501967521 0.0000016638 0.888
1660 -0.3501951083 0.0000016437 0.924
1670 -0.3501934843 0.0000016240 0.987
1680 -0.3501918797 0.0000016047 0.984
1690 -0.3501902940 0.0000015857 0.994
1700 -0.3501887270 0.0000015670 0.983
1710 -0.3501871782 0.0000015487 0.992
1720 -0.3501856475 0.0000015308 0.987
1730 -0.3501841343 0.0000015131 0.980
1740 -0.3501826385 0.0000014958 0.991
1750 -0.3501811597 0.0000014788 0.989
1760 -0.3501796977 0.0000014621 0.989
1770 -0.3501782521 0.0000014456 0.986
1780 -0.3501768226 0.0000014295 0.981
1790 -0.3501754089 0.0000014136 0.991
1800 -0.3501740109 0.0000013980 0.985
1810 -0.3501726282 0.0000013827 0.988
1820 -0.3501712605 0.0000013677 0.986
1830 -0.3501699077 0.0000013529 0.980
1840 -0.3501685694 0.0000013383 0.989
1850 -0.3501672454 0.0000013240 0.983
1860 -0.3501659355 0.0000013099 0.984
1870 -0.3501646394 0.0000012961 0.940
1880 -0.3501633569 0.0000012825 1.092
1890 -0.3501620879 0.0000012691 0.922
1900 -0.3501608320 0.0000012559 0.912
1910 -0.3501595890 0.0000012429 0.918
1920 -0.3501583589 0.0000012302 0.921
1930 -0.3501571412 0.0000012176 1.044
1940 -0.3501559360 0.0000012053 0.892
1950 -0.3501547428 0.0000011931 0.987
1960 -0.3501535617 0.0000011812 0.996
1970 -0.3501523923 0.0000011694 0.995
1980 -0.3501512345 0.0000011578 0.984
1990 -0.3501500881 0.0000011464 0.967
2000 -0.3501489530 0.0000011351 0.969
2010 -0.3501478289 0.0000011241 0.965
2020 -0.3501467157 0.0000011132 0.988
2030 -0.3501456133 0.0000011024 0.985
2040 -0.3501445214 0.0000010919 0.888
2050 -0.3501434400 0.0000010815 0.947
2060 -0.3501423688 0.0000010712 0.978
2070 -0.3501413077 0.0000010611 0.987
2080 -0.3501402565 0.0000010511 0.982
2090 -0.3501392152 0.0000010413 0.978
2100 -0.3501381835 0.0000010317 0.985
2110 -0.3501371614 0.0000010221 0.978
2120 -0.3501361487 0.0000010127 0.988
2130 -0.3501351452 0.0000010035 0.965
2140 -0.3501341508 0.0000009944 0.960
Marginal Likelihood = -0.3501341508
Total time = 212.6603 seconds
Total iterations = 2140 
