Marginal likelihood with initialization (1) = -0.6356336869
Marginal likelihood with initialization (2) = -0.6356335065
Marginal likelihood with initialization (3) = -0.6356362125
Marginal likelihood with initialization (4) = -0.6356324365
Marginal likelihood with initialization (5) = -0.6356351838
Iteration Marginal_Likelihood delta_Marginal_Likelihood Iteration_Time (secs)
0 -0.6356324365 -- 1.068
10 -0.4019412431 0.2336911934 2.510
20 -0.3472795174 0.0546617257 1.825
30 -0.3456217491 0.0016577683 1.643
40 -0.3454118666 0.0002098824 1.728
50 -0.3452646694 0.0001471972 1.773
60 -0.3451233072 0.0001413622 1.764
70 -0.3449836396 0.0001396676 1.772
80 -0.3448448027 0.0001388370 1.777
90 -0.3447063265 0.0001384761 1.762
100 -0.3445678492 0.0001384773 1.779
110 -0.3444290670 0.0001387822 1.781
120 -0.3442897219 0.0001393451 1.779
130 -0.3441495961 0.0001401258 1.677
140 -0.3440085084 0.0001410877 1.620
150 -0.3438663118 0.0001421967 1.684
160 -0.3437228905 0.0001434213 1.693
170 -0.3435781584 0.0001447321 1.696
180 -0.3434320568 0.0001461016 1.651
190 -0.3432845525 0.0001475043 1.648
200 -0.3431356361 0.0001489163 1.659
210 -0.3429853202 0.0001503159 1.664
220 -0.3428336370 0.0001516832 1.669
230 -0.3426806365 0.0001530005 1.714
240 -0.3425263846 0.0001542519 1.814
250 -0.3423709604 0.0001554242 1.813
260 -0.3422144545 0.0001565059 1.806
270 -0.3420569665 0.0001574880 1.807
280 -0.3418986030 0.0001583635 1.808
290 -0.3417394755 0.0001591275 1.844
300 -0.3415796984 0.0001597770 2.159
310 -0.3414193876 0.0001603109 1.842
320 -0.3412586580 0.0001607295 1.829
330 -0.3410976233 0.0001610348 1.815
340 -0.3409363935 0.0001612298 1.793
350 -0.3407750746 0.0001613189 1.803
360 -0.3406137676 0.0001613070 1.794
370 -0.3404525677 0.0001611999 1.795
380 -0.3402915636 0.0001610040 1.789
390 -0.3401308376 0.0001607260 1.656
400 -0.3399704648 0.0001603728 1.755
410 -0.3398105135 0.0001599514 1.781
420 -0.3396510446 0.0001594689 1.666
430 -0.3394921124 0.0001589322 1.664
440 -0.3393337640 0.0001583484 1.667
450 -0.3391760402 0.0001577238 1.663
460 -0.3390189751 0.0001570651 1.668
470 -0.3388625969 0.0001563781 1.712
480 -0.3387069281 0.0001556688 1.662
490 -0.3385519855 0.0001549426 1.674
500 -0.3383977810 0.0001542045 1.671
510 -0.3382443216 0.0001534594 1.712
520 -0.3380916098 0.0001527118 1.803
530 -0.3379396442 0.0001519656 1.796
540 -0.3377884194 0.0001512248 1.862
550 -0.3376379265 0.0001504929 2.092
560 -0.3374881533 0.0001497731 1.837
570 -0.3373390849 0.0001490684 1.808
580 -0.3371907033 0.0001483816 1.822
590 -0.3370429883 0.0001477150 1.824
600 -0.3368959171 0.0001470712 1.826
610 -0.3367494650 0.0001464521 1.816
620 -0.3366036064 0.0001458586 1.827
630 -0.3364583867 0.0001452197 1.805
640 -0.3363135713 0.0001448153 1.814
650 -0.3361707076 0.0001428638 1.904
660 -0.3360255367 0.0001451708 1.835
670 -0.3358822047 0.0001433320 1.832
680 -0.3357392791 0.0001429256 1.816
690 -0.3355967135 0.0001425657 1.665
700 -0.3354544785 0.0001422349 1.679
710 -0.3353125760 0.0001419025 1.731
720 -0.3351709332 0.0001416428 1.656
730 -0.3350295211 0.0001414121 1.653
740 -0.3348883343 0.0001411868 1.681
750 -0.3347473591 0.0001409751 1.690
760 -0.3346066036 0.0001407555 1.704
770 -0.3344659682 0.0001406354 1.784
780 -0.3343246663 0.0001413019 1.703
790 -0.3341828968 0.0001417695 1.714
800 -0.3340468543 0.0001360426 1.689
810 -0.3339122880 0.0001345663 1.660
820 -0.3337790992 0.0001331888 1.771
830 -0.3336471965 0.0001319027 1.825
840 -0.3335164906 0.0001307059 1.811
850 -0.3333868955 0.0001295951 1.812
860 -0.3332583285 0.0001285670 1.805
870 -0.3331307096 0.0001276189 1.801
880 -0.3330039619 0.0001267478 1.801
890 -0.3328780099 0.0001259520 1.789
900 -0.3327527772 0.0001252327 1.782
910 -0.3326281925 0.0001245847 1.779
920 -0.3325041863 0.0001240062 1.777
930 -0.3323806862 0.0001235001 1.778
940 -0.3322576231 0.0001230631 1.766
950 -0.3321349297 0.0001226934 1.774
960 -0.3320125391 0.0001223906 1.773
970 -0.3318903824 0.0001221567 1.774
980 -0.3317683939 0.0001219885 1.767
990 -0.3316465152 0.0001218787 1.783
1000 -0.3315246893 0.0001218259 1.780
1010 -0.3314028425 0.0001218468 1.681
1020 -0.3312809014 0.0001219411 1.684
1030 -0.3311588055 0.0001220959 1.753
1040 -0.3310365001 0.0001223054 1.641
1050 -0.3309139355 0.0001225646 1.641
1060 -0.3307910520 0.0001228836 1.649
1070 -0.3306677619 0.0001232901 1.653
1080 -0.3305439474 0.0001238145 1.675
1090 -0.3304165666 0.0001273808 1.708
1100 -0.3302948958 0.0001216708 1.670
1110 -0.3301688483 0.0001260474 1.666
1120 -0.3300462818 0.0001225665 1.756
1130 -0.3299237948 0.0001224870 1.671
1140 -0.3298012929 0.0001225019 1.812
1150 -0.3296786720 0.0001226209 1.810
1160 -0.3295558463 0.0001228258 1.807
1170 -0.3294327263 0.0001231199 1.818
1180 -0.3293092274 0.0001234990 1.800
1190 -0.3291852544 0.0001239730 1.817
1200 -0.3290607194 0.0001245350 1.798
1210 -0.3289355279 0.0001251916 1.796
1220 -0.3288095856 0.0001259423 1.799
1230 -0.3286828006 0.0001267850 1.773
1240 -0.3285550982 0.0001277024 1.790
1250 -0.3284263878 0.0001287104 1.792
1260 -0.3282966293 0.0001297585 1.801
1270 -0.3281654239 0.0001312054 1.790
1280 -0.3280296496 0.0001357743 1.774
1290 -0.3278987157 0.0001309339 1.849
1300 -0.3277671659 0.0001315498 1.814
1310 -0.3276349389 0.0001322270 1.807
1320 -0.3275020039 0.0001329350 1.691
1330 -0.3273681814 0.0001338226 1.681
1340 -0.3272331763 0.0001350051 1.762
1350 -0.3270932505 0.0001399257 1.693
1360 -0.3269586984 0.0001345522 1.688
1370 -0.3268236276 0.0001350708 1.705
1380 -0.3266879121 0.0001357155 1.673
1390 -0.3265514231 0.0001364890 1.696
1400 -0.3264140285 0.0001373946 1.673
1410 -0.3262755925 0.0001384361 1.680
1420 -0.3261359744 0.0001396180 1.659
1430 -0.3259950288 0.0001409456 1.695
1440 -0.3258526041 0.0001424247 1.700
1450 -0.3257085424 0.0001440617 1.881
1460 -0.3255626786 0.0001458638 1.724
1470 -0.3254148398 0.0001478388 1.658
1480 -0.3252648444 0.0001499954 1.723
1490 -0.3251125016 0.0001523428 1.797
1500 -0.3249576107 0.0001548908 1.791
1510 -0.3247999607 0.0001576500 1.778
1520 -0.3246393296 0.0001606312 1.778
1530 -0.3244754840 0.0001638455 1.774
1540 -0.3243081798 0.0001673042 1.794
1550 -0.3241371618 0.0001710180 1.793
1560 -0.3239621653 0.0001749965 1.786
1570 -0.3237829177 0.0001792476 1.758
1580 -0.3235991414 0.0001837763 1.759
1590 -0.3234105586 0.0001885828 1.759
1600 -0.3232168975 0.0001936611 1.763
1610 -0.3230179020 0.0001989955 1.763
1620 -0.3228133445 0.0002045575 1.760
1630 -0.3226030432 0.0002103013 1.764
1640 -0.3223868853 0.0002161579 1.778
1650 -0.3221648564 0.0002220289 1.782
1660 -0.3219370769 0.0002277795 1.776
1670 -0.3217038455 0.0002332314 1.774
1680 -0.3214656872 0.0002381583 2.012
1690 -0.3212234024 0.0002422848 1.950
1700 -0.3209781098 0.0002452926 1.874
1710 -0.3207312713 0.0002468385 1.853
1720 -0.3204846873 0.0002465840 1.818
1730 -0.3202404482 0.0002442391 1.795
1740 -0.3200008357 0.0002396125 1.759
1750 -0.3197681767 0.0002326590 1.657
1760 -0.3195446679 0.0002235088 1.659
1770 -0.3193322011 0.0002124668 1.660
1780 -0.3191322238 0.0001999773 1.676
1790 -0.3189456602 0.0001865637 1.742
1800 -0.3187729030 0.0001727572 1.765
1810 -0.3186138675 0.0001590355 1.697
1820 -0.3184680853 0.0001457822 1.733
1830 -0.3183348149 0.0001332705 1.671
1840 -0.3182131470 0.0001216679 1.663
1850 -0.3181020938 0.0001110532 1.750
1860 -0.3180006562 0.0001014376 1.813
1870 -0.3179078693 0.0000927869 1.832
1880 -0.3178228305 0.0000850387 1.814
1890 -0.3177447143 0.0000781162 1.798
1900 -0.3176727766 0.0000719377 1.837
1910 -0.3176063542 0.0000664225 1.813
1920 -0.3175448597 0.0000614945 1.837
1930 -0.3174877754 0.0000570843 1.804
1940 -0.3174346460 0.0000531294 1.820
1950 -0.3173850716 0.0000495745 1.835
1960 -0.3173387004 0.0000463711 1.821
1970 -0.3172952234 0.0000434770 1.801
1980 -0.3172543682 0.0000408552 1.790
1990 -0.3172158945 0.0000384738 1.805
2000 -0.3171795895 0.0000363050 2.038
2010 -0.3171452648 0.0000343247 1.772
2020 -0.3171127529 0.0000325119 1.835
2030 -0.3170819045 0.0000308484 1.804
2040 -0.3170525862 0.0000293183 1.684
2050 -0.3170246786 0.0000279077 1.773
2060 -0.3169980743 0.0000266043 1.763
2070 -0.3169726768 0.0000253975 1.878
2080 -0.3169483989 0.0000242779 1.646
2090 -0.3169251619 0.0000232370 1.626
2100 -0.3169028942 0.0000222677 1.678
2110 -0.3168815308 0.0000213634 1.809
2120 -0.3168610126 0.0000205182 1.771
2130 -0.3168412857 0.0000197269 1.679
2140 -0.3168223006 0.0000189851 1.687
2150 -0.3168040121 0.0000182885 1.675
2160 -0.3167863786 0.0000176334 1.672
2170 -0.3167693620 0.0000170166 1.690
2180 -0.3167529271 0.0000164349 1.788
2190 -0.3167370414 0.0000158857 1.801
2200 -0.3167216748 0.0000153666 1.824
2210 -0.3167067996 0.0000148752 1.810
2220 -0.3166923900 0.0000144096 1.768
2230 -0.3166784220 0.0000139680 1.804
2240 -0.3166648733 0.0000135486 1.790
2250 -0.3166517233 0.0000131500 1.739
2260 -0.3166389526 0.0000127707 1.748
2270 -0.3166265432 0.0000124095 1.799
2280 -0.3166144781 0.0000120651 1.772
2290 -0.3166027415 0.0000117366 1.781
2300 -0.3165913187 0.0000114228 1.796
2310 -0.3165801957 0.0000111229 1.782
2320 -0.3165693596 0.0000108361 1.784
2330 -0.3165587980 0.0000105616 1.806
2340 -0.3165484994 0.0000102986 1.786
2350 -0.3165384529 0.0000100465 1.786
2360 -0.3165286483 0.0000098046 1.878
2370 -0.3165190759 0.0000095724 1.811
2380 -0.3165097265 0.0000093494 1.764
2390 -0.3165005914 0.0000091350 1.773
2400 -0.3164916626 0.0000089288 1.799
2410 -0.3164829322 0.0000087304 1.714
2420 -0.3164743929 0.0000085393 1.726
2430 -0.3164660378 0.0000083552 1.695
2440 -0.3164578601 0.0000081777 1.666
2450 -0.3164498536 0.0000080065 1.611
2460 -0.3164420124 0.0000078412 1.721
2470 -0.3164343307 0.0000076817 1.643
2480 -0.3164268031 0.0000075276 1.610
2490 -0.3164194245 0.0000073786 1.693
2500 -0.3164121899 0.0000072346 1.803
2510 -0.3164050946 0.0000070953 1.770
2520 -0.3163981342 0.0000069604 1.750
2530 -0.3163913044 0.0000068299 1.804
2540 -0.3163846010 0.0000067034 1.775
2550 -0.3163780201 0.0000065808 1.769
2560 -0.3163715581 0.0000064620 1.761
2570 -0.3163652113 0.0000063468 1.798
2580 -0.3163589763 0.0000062350 1.792
2590 -0.3163528498 0.0000061265 1.772
2600 -0.3163468287 0.0000060212 1.768
2610 -0.3163409098 0.0000059189 1.797
2620 -0.3163350904 0.0000058195 1.789
2630 -0.3163293675 0.0000057228 1.800
2640 -0.3163237386 0.0000056289 1.800
2650 -0.3163182011 0.0000055376 1.792
2660 -0.3163127524 0.0000054487 1.854
2670 -0.3163073902 0.0000053622 1.814
2680 -0.3163021121 0.0000052780 1.764
2690 -0.3162969161 0.0000051960 1.764
2700 -0.3162917999 0.0000051162 1.704
2710 -0.3162867615 0.0000050384 1.618
2720 -0.3162817990 0.0000049626 1.644
2730 -0.3162769103 0.0000048887 1.634
2740 -0.3162720937 0.0000048166 1.622
2750 -0.3162673474 0.0000047463 1.615
2760 -0.3162626697 0.0000046777 1.650
2770 -0.3162580589 0.0000046108 1.769
2780 -0.3162535135 0.0000045455 1.772
2790 -0.3162490318 0.0000044817 1.777
2800 -0.3162446123 0.0000044194 1.805
2810 -0.3162402538 0.0000043586 1.769
2820 -0.3162359546 0.0000042991 1.764
2830 -0.3162317136 0.0000042411 1.822
2840 -0.3162275293 0.0000041843 1.781
2850 -0.3162234005 0.0000041288 1.777
2860 -0.3162193260 0.0000040745 1.787
2870 -0.3162153045 0.0000040214 1.700
2880 -0.3162113350 0.0000039695 1.768
2890 -0.3162074163 0.0000039187 1.745
2900 -0.3162035473 0.0000038690 1.826
2910 -0.3161997270 0.0000038203 1.765
2920 -0.3161959543 0.0000037727 1.790
2930 -0.3161922283 0.0000037260 1.815
2940 -0.3161885479 0.0000036803 1.768
2950 -0.3161849123 0.0000036356 1.765
2960 -0.3161813206 0.0000035917 1.800
2970 -0.3161777718 0.0000035488 1.762
2980 -0.3161742652 0.0000035067 1.762
2990 -0.3161707998 0.0000034654 1.974
3000 -0.3161673748 0.0000034249 1.821
3010 -0.3161639896 0.0000033853 1.776
3020 -0.3161606432 0.0000033463 1.765
3030 -0.3161573351 0.0000033082 1.791
3040 -0.3161540643 0.0000032707 1.717
3050 -0.3161508303 0.0000032340 1.765
3060 -0.3161476324 0.0000031980 1.824
3070 -0.3161444698 0.0000031626 1.630
3080 -0.3161413419 0.0000031279 1.628
3090 -0.3161382482 0.0000030938 1.631
3100 -0.3161351879 0.0000030603 1.607
3110 -0.3161321604 0.0000030274 1.609
3120 -0.3161291653 0.0000029952 1.630
3130 -0.3161262018 0.0000029634 1.675
3140 -0.3161232695 0.0000029323 1.774
3150 -0.3161203678 0.0000029017 1.772
3160 -0.3161174962 0.0000028716 2.070
3170 -0.3161146541 0.0000028421 1.797
3180 -0.3161118411 0.0000028130 1.779
3190 -0.3161090566 0.0000027845 1.781
3200 -0.3161063002 0.0000027564 1.804
3210 -0.3161035714 0.0000027288 1.795
3220 -0.3161008697 0.0000027017 1.759
3230 -0.3160981948 0.0000026750 1.747
3240 -0.3160955460 0.0000026487 1.787
3250 -0.3160929231 0.0000026229 1.760
3260 -0.3160903256 0.0000025975 1.770
3270 -0.3160877531 0.0000025725 1.783
3280 -0.3160852052 0.0000025479 1.771
3290 -0.3160826815 0.0000025237 1.775
3300 -0.3160801817 0.0000024999 1.794
3310 -0.3160777052 0.0000024764 1.764
3320 -0.3160752519 0.0000024533 1.777
3330 -0.3160728213 0.0000024306 1.781
3340 -0.3160704131 0.0000024082 1.632
3350 -0.3160680269 0.0000023862 1.633
3360 -0.3160656624 0.0000023645 1.666
3370 -0.3160633192 0.0000023431 1.658
3380 -0.3160609972 0.0000023221 1.757
3390 -0.3160586958 0.0000023013 1.808
3400 -0.3160564149 0.0000022809 1.795
3410 -0.3160541541 0.0000022608 1.821
3420 -0.3160519132 0.0000022409 1.804
3430 -0.3160496918 0.0000022214 1.682
3440 -0.3160474896 0.0000022021 1.769
3450 -0.3160453065 0.0000021832 1.797
3460 -0.3160431421 0.0000021644 2.114
3470 -0.3160409961 0.0000021460 1.775
3480 -0.3160388683 0.0000021278 1.744
3490 -0.3160367584 0.0000021099 1.804
3500 -0.3160346662 0.0000020922 1.791
3510 -0.3160325915 0.0000020748 1.742
3520 -0.3160305339 0.0000020576 1.748
3530 -0.3160284933 0.0000020406 1.778
3540 -0.3160264694 0.0000020239 1.753
3550 -0.3160244620 0.0000020074 1.750
3560 -0.3160224709 0.0000019911 1.716
3570 -0.3160204959 0.0000019750 1.617
3580 -0.3160185367 0.0000019592 1.714
3590 -0.3160165931 0.0000019436 1.649
3600 -0.3160146650 0.0000019281 1.659
3610 -0.3160127520 0.0000019129 1.797
3620 -0.3160108541 0.0000018979 1.723
3630 -0.3160089711 0.0000018831 1.689
3640 -0.3160071026 0.0000018684 1.785
3650 -0.3160052486 0.0000018540 1.757
3660 -0.3160034089 0.0000018397 1.655
3670 -0.3160015832 0.0000018256 1.790
3680 -0.3159997715 0.0000018117 1.748
3690 -0.3159979735 0.0000017980 1.751
3700 -0.3159961890 0.0000017845 1.831
3710 -0.3159944179 0.0000017711 2.033
3720 -0.3159926601 0.0000017579 1.822
3730 -0.3159909153 0.0000017448 1.778
3740 -0.3159891833 0.0000017319 1.784
3750 -0.3159874642 0.0000017192 1.754
3760 -0.3159857576 0.0000017066 1.750
3770 -0.3159840634 0.0000016942 1.752
3780 -0.3159823815 0.0000016819 1.749
3790 -0.3159807118 0.0000016698 1.782
3800 -0.3159790540 0.0000016578 1.744
3810 -0.3159774081 0.0000016459 1.741
3820 -0.3159757739 0.0000016342 1.797
3830 -0.3159741512 0.0000016226 1.646
3840 -0.3159725400 0.0000016112 1.706
3850 -0.3159709401 0.0000015999 1.614
3860 -0.3159693514 0.0000015887 1.624
3870 -0.3159677736 0.0000015777 1.715
3880 -0.3159662069 0.0000015668 1.749
3890 -0.3159646508 0.0000015560 1.667
3900 -0.3159631055 0.0000015453 1.677
3910 -0.3159615707 0.0000015348 1.684
3920 -0.3159600463 0.0000015244 1.690
3930 -0.3159585322 0.0000015141 1.779
3940 -0.3159570284 0.0000015039 1.817
3950 -0.3159555346 0.0000014938 1.845
3960 -0.3159540507 0.0000014838 1.775
3970 -0.3159525767 0.0000014740 1.772
3980 -0.3159511125 0.0000014642 1.807
3990 -0.3159496579 0.0000014546 1.840
4000 -0.3159482129 0.0000014451 1.778
4010 -0.3159467772 0.0000014356 1.754
4020 -0.3159453509 0.0000014263 1.760
4030 -0.3159439339 0.0000014171 1.792
4040 -0.3159425260 0.0000014079 1.770
4050 -0.3159411271 0.0000013989 1.755
4060 -0.3159397371 0.0000013900 1.748
4070 -0.3159383560 0.0000013811 1.805
4080 -0.3159369837 0.0000013724 1.829
4090 -0.3159356200 0.0000013637 1.754
4100 -0.3159342648 0.0000013551 1.765
4110 -0.3159329182 0.0000013466 1.685
4120 -0.3159315799 0.0000013383 1.619
4130 -0.3159302500 0.0000013299 1.610
4140 -0.3159289283 0.0000013217 1.643
4150 -0.3159276147 0.0000013136 1.630
4160 -0.3159263091 0.0000013055 1.664
4170 -0.3159250116 0.0000012976 1.626
4180 -0.3159237219 0.0000012897 1.646
4190 -0.3159224401 0.0000012819 1.660
4200 -0.3159211659 0.0000012741 1.656
4210 -0.3159198995 0.0000012665 1.662
4220 -0.3159186406 0.0000012589 1.735
4230 -0.3159173892 0.0000012514 1.744
4240 -0.3159161453 0.0000012439 1.797
4250 -0.3159149087 0.0000012366 1.763
4260 -0.3159136794 0.0000012293 1.773
4270 -0.3159124573 0.0000012221 1.784
4280 -0.3159112424 0.0000012149 1.804
4290 -0.3159100345 0.0000012079 1.800
4300 -0.3159088337 0.0000012008 1.778
4310 -0.3159076398 0.0000011939 1.789
4320 -0.3159064528 0.0000011870 1.867
4330 -0.3159052726 0.0000011802 1.781
4340 -0.3159040991 0.0000011735 1.785
4350 -0.3159029323 0.0000011668 1.804
4360 -0.3159017721 0.0000011602 1.774
4370 -0.3159006185 0.0000011536 1.778
4380 -0.3158994714 0.0000011471 1.776
4390 -0.3158983307 0.0000011407 1.785
4400 -0.3158971964 0.0000011343 1.780
4410 -0.3158960684 0.0000011280 1.836
4420 -0.3158949467 0.0000011217 1.801
4430 -0.3158938312 0.0000011155 1.763
4440 -0.3158927218 0.0000011094 1.752
4450 -0.3158916185 0.0000011033 1.789
4460 -0.3158905213 0.0000010973 1.763
4470 -0.3158894300 0.0000010913 1.758
4480 -0.3158883446 0.0000010854 1.742
4490 -0.3158872652 0.0000010795 1.767
4500 -0.3158861915 0.0000010737 1.730
4510 -0.3158851236 0.0000010679 1.597
4520 -0.3158840614 0.0000010622 1.624
4530 -0.3158830049 0.0000010565 1.637
4540 -0.3158819540 0.0000010509 1.642
4550 -0.3158809087 0.0000010453 1.665
4560 -0.3158798689 0.0000010398 1.669
4570 -0.3158788346 0.0000010343 1.671
4580 -0.3158778056 0.0000010289 1.681
4590 -0.3158767821 0.0000010235 1.846
4600 -0.3158757639 0.0000010182 1.781
4610 -0.3158747510 0.0000010129 1.802
4620 -0.3158737433 0.0000010077 1.821
4630 -0.3158727408 0.0000010025 1.799
4640 -0.3158717434 0.0000009973 1.767
Marginal Likelihood = -0.3158717434
Total time = 816.8334 seconds
Total iterations = 4640 
