Marginal likelihood with initialization (1) = -0.6656398834
Marginal likelihood with initialization (2) = -0.6656395068
Marginal likelihood with initialization (3) = -0.6656415362
Marginal likelihood with initialization (4) = -0.6656395839
Marginal likelihood with initialization (5) = -0.6656409823
Iteration Marginal_Likelihood delta_Marginal_Likelihood Iteration_Time (secs)
0 -0.6656395068 -- 1.190
10 -0.4059839750 0.2596555319 3.097
20 -0.3247323230 0.0812516519 2.327
30 -0.3227184618 0.0020138613 2.297
40 -0.3225238512 0.0001946105 2.092
50 -0.3224163591 0.0001074921 2.149
60 -0.3223134443 0.0001029148 2.288
70 -0.3222170435 0.0000964008 2.271
80 -0.3221217135 0.0000953301 2.280
90 -0.3220272383 0.0000944751 2.275
100 -0.3219334296 0.0000938087 2.098
110 -0.3218401201 0.0000933096 2.100
120 -0.3217471607 0.0000929593 2.148
130 -0.3216544192 0.0000927415 2.104
140 -0.3215617780 0.0000926413 2.111
150 -0.3214691329 0.0000926451 2.108
160 -0.3213763925 0.0000927404 2.105
170 -0.3212834769 0.0000929156 2.106
180 -0.3211903169 0.0000931599 2.114
190 -0.3210968539 0.0000934630 2.292
200 -0.3210030388 0.0000938152 2.280
210 -0.3209088316 0.0000942072 2.286
220 -0.3208142014 0.0000946302 2.279
230 -0.3207191255 0.0000950759 2.279
240 -0.3206235892 0.0000955363 2.318
250 -0.3205275853 0.0000960039 2.343
260 -0.3204311137 0.0000964715 2.329
270 -0.3203341811 0.0000969326 2.381
280 -0.3202368001 0.0000973810 2.218
290 -0.3201389890 0.0000978111 2.176
300 -0.3200407713 0.0000982177 2.120
310 -0.3199421751 0.0000985962 2.115
320 -0.3198432324 0.0000989426 2.184
330 -0.3197439790 0.0000992534 2.317
340 -0.3196444535 0.0000995256 2.130
350 -0.3195446968 0.0000997567 2.133
360 -0.3194447520 0.0000999448 2.177
370 -0.3193446636 0.0001000885 2.207
380 -0.3192444768 0.0001001868 2.211
390 -0.3191442377 0.0001002391 2.178
400 -0.3190439923 0.0001002454 2.226
410 -0.3189437865 0.0001002058 2.516
420 -0.3188436655 0.0001001211 2.201
430 -0.3187436735 0.0000999919 2.251
440 -0.3186438540 0.0000998196 2.313
450 -0.3185442486 0.0000996054 2.174
460 -0.3184448976 0.0000993510 2.264
470 -0.3183458396 0.0000990580 2.333
480 -0.3182471112 0.0000987284 2.326
490 -0.3181487472 0.0000983640 2.221
500 -0.3180507802 0.0000979670 2.139
510 -0.3179532409 0.0000975393 2.189
520 -0.3178561577 0.0000970832 2.198
530 -0.3177595571 0.0000966006 2.177
540 -0.3176634633 0.0000960937 2.138
550 -0.3175678987 0.0000955646 2.162
560 -0.3174728834 0.0000950153 2.166
570 -0.3173784357 0.0000944477 2.161
580 -0.3172845719 0.0000938638 2.160
590 -0.3171913065 0.0000932654 2.288
600 -0.3170986522 0.0000926543 2.385
610 -0.3170066201 0.0000920321 2.341
620 -0.3169152195 0.0000914005 2.323
630 -0.3168244585 0.0000907611 2.387
640 -0.3167343433 0.0000901152 2.335
650 -0.3166448791 0.0000894642 2.409
660 -0.3165560698 0.0000888093 2.359
670 -0.3164679179 0.0000881519 2.320
680 -0.3163804249 0.0000874930 2.263
690 -0.3162935913 0.0000868336 2.200
700 -0.3162074167 0.0000861747 2.205
710 -0.3161218995 0.0000855171 2.205
720 -0.3160370378 0.0000848618 2.186
730 -0.3159528284 0.0000842094 2.185
740 -0.3158692677 0.0000835607 2.150
750 -0.3157863515 0.0000829162 2.169
760 -0.3157040750 0.0000822765 2.198
770 -0.3156224327 0.0000816423 2.282
780 -0.3155414189 0.0000810138 2.348
790 -0.3154610272 0.0000803916 2.337
800 -0.3153812512 0.0000797761 2.178
810 -0.3153020837 0.0000791675 2.218
820 -0.3152235176 0.0000785661 2.221
830 -0.3151455453 0.0000779723 2.219
840 -0.3150681591 0.0000773862 2.219
850 -0.3149913510 0.0000768081 2.204
860 -0.3149151130 0.0000762380 2.149
870 -0.3148394367 0.0000756763 2.190
880 -0.3147643138 0.0000751229 2.211
890 -0.3146897358 0.0000745780 2.197
900 -0.3146156943 0.0000740416 2.216
910 -0.3145421805 0.0000735138 2.196
920 -0.3144691858 0.0000729947 2.145
930 -0.3143967016 0.0000724842 2.245
940 -0.3143247192 0.0000719824 2.349
950 -0.3142532300 0.0000714893 2.341
960 -0.3141822252 0.0000710048 2.330
970 -0.3141116963 0.0000705289 2.337
980 -0.3140416346 0.0000700617 2.330
990 -0.3139720316 0.0000696030 2.324
1000 -0.3139028788 0.0000691528 2.340
1010 -0.3138341678 0.0000687110 2.317
1020 -0.3137658901 0.0000682777 2.318
1030 -0.3136980375 0.0000678526 2.269
1040 -0.3136306017 0.0000674358 2.189
1050 -0.3135635745 0.0000670272 2.196
1060 -0.3134969479 0.0000666266 2.191
1070 -0.3134307139 0.0000662340 2.209
1080 -0.3133648645 0.0000658494 2.201
1090 -0.3132993919 0.0000654726 2.204
1100 -0.3132342883 0.0000651036 2.149
1110 -0.3131695461 0.0000647422 2.137
1120 -0.3131051578 0.0000643884 2.183
1130 -0.3130411157 0.0000640420 2.205
1140 -0.3129774126 0.0000637031 2.168
1150 -0.3129140411 0.0000633715 2.142
1160 -0.3128509939 0.0000630472 2.192
1170 -0.3127882639 0.0000627300 2.216
1180 -0.3127258441 0.0000624198 2.192
1190 -0.3126637274 0.0000621167 2.261
1200 -0.3126019068 0.0000618205 2.326
1210 -0.3125403756 0.0000615312 2.343
1220 -0.3124791269 0.0000612487 2.504
1230 -0.3124181540 0.0000609729 2.348
1240 -0.3123574501 0.0000607039 2.324
1250 -0.3122970086 0.0000604415 2.321
1260 -0.3122368228 0.0000601858 2.326
1270 -0.3121784863 0.0000583365 2.321
1280 -0.3120729190 0.0001055673 2.314
1290 -0.3120006157 0.0000723034 2.292
1300 -0.3119342167 0.0000663990 2.314
1310 -0.3118731995 0.0000610172 2.269
1320 -0.3118200017 0.0000531978 2.120
1330 -0.3117520452 0.0000679564 2.106
1340 -0.3116918652 0.0000601801 2.330
1350 -0.3116351024 0.0000567627 2.139
1360 -0.3115733379 0.0000617646 2.148
1370 -0.3115127744 0.0000605634 2.133
1380 -0.3114584567 0.0000543178 2.152
1390 -0.3113960132 0.0000624434 2.150
1400 -0.3113371576 0.0000588556 2.176
1410 -0.3112768789 0.0000602787 2.141
1420 -0.3112182586 0.0000586203 2.135
1430 -0.3111619703 0.0000562883 2.175
1440 -0.3110947607 0.0000672096 2.135
1450 -0.3110370028 0.0000577579 2.135
1460 -0.3109797299 0.0000572729 2.138
1470 -0.3109229034 0.0000568265 2.147
1480 -0.3108665121 0.0000563913 2.325
1490 -0.3108105454 0.0000559667 2.303
1500 -0.3107549926 0.0000555529 2.296
1510 -0.3106998434 0.0000551492 2.316
1520 -0.3106450873 0.0000547561 2.320
1530 -0.3105907146 0.0000543727 2.318
1540 -0.3105367157 0.0000539988 2.318
1550 -0.3104830815 0.0000536342 2.297
1560 -0.3104298028 0.0000532787 2.295
1570 -0.3103768707 0.0000529321 2.286
1580 -0.3103242765 0.0000525942 2.224
1590 -0.3102720119 0.0000522646 2.135
1600 -0.3102200688 0.0000519432 2.112
1610 -0.3101684393 0.0000516295 2.156
1620 -0.3101171158 0.0000513235 2.120
1630 -0.3100660895 0.0000510263 2.135
1640 -0.3100153538 0.0000507357 2.127
1650 -0.3099649013 0.0000504526 2.883
1660 -0.3099147248 0.0000501765 2.426
1670 -0.3098648176 0.0000499073 2.316
1680 -0.3098151975 0.0000496201 2.288
1690 -0.3097657839 0.0000494136 2.285
1700 -0.3097166441 0.0000491398 2.239
1710 -0.3096677474 0.0000488967 2.114
1720 -0.3096190875 0.0000486598 2.127
1730 -0.3095706582 0.0000484293 2.128
1740 -0.3095224537 0.0000482045 2.128
1750 -0.3094744682 0.0000479856 2.125
1760 -0.3094266957 0.0000477724 2.172
1770 -0.3093791318 0.0000475640 2.133
1780 -0.3093317715 0.0000473603 2.142
1790 -0.3092846054 0.0000471661 2.170
1800 -0.3092376307 0.0000469747 2.142
1810 -0.3091908420 0.0000467887 2.156
1820 -0.3091442346 0.0000466074 2.138
1830 -0.3090978031 0.0000464315 2.244
1840 -0.3090515430 0.0000462601 2.344
1850 -0.3090054490 0.0000460940 2.325
1860 -0.3089595165 0.0000459325 2.307
1870 -0.3089137410 0.0000457756 2.299
1880 -0.3088681177 0.0000456233 2.323
1890 -0.3088226423 0.0000454753 2.323
1900 -0.3087773099 0.0000453324 2.299
1910 -0.3087321163 0.0000451936 2.328
1920 -0.3086870572 0.0000450591 2.331
1930 -0.3086421285 0.0000449287 2.204
1940 -0.3085973256 0.0000448028 2.177
1950 -0.3085526456 0.0000446801 2.258
1960 -0.3085080841 0.0000445615 2.224
1970 -0.3084636404 0.0000444437 2.188
1980 -0.3084193095 0.0000443309 2.274
1990 -0.3083750757 0.0000442339 2.271
2000 -0.3083309444 0.0000441313 2.268
2010 -0.3082869108 0.0000440336 2.196
2020 -0.3082429710 0.0000439399 2.117
2030 -0.3082019450 0.0000410260 2.227
2040 -0.3081553653 0.0000465797 2.375
2050 -0.3081116838 0.0000436815 2.330
2060 -0.3080680806 0.0000436033 2.316
2070 -0.3080245516 0.0000435289 2.154
2080 -0.3079810962 0.0000434555 2.303
2090 -0.3079377091 0.0000433870 2.157
2100 -0.3078943846 0.0000433246 2.201
2110 -0.3078511232 0.0000432614 2.151
2120 -0.3078079168 0.0000432063 2.129
2130 -0.3077647628 0.0000431540 2.143
2140 -0.3077216577 0.0000431051 2.262
2150 -0.3076785976 0.0000430601 2.202
2160 -0.3076355786 0.0000430190 2.145
2170 -0.3075925967 0.0000429820 2.184
2180 -0.3075496476 0.0000429491 2.306
2190 -0.3075067274 0.0000429202 2.358
2200 -0.3074638307 0.0000428966 2.351
2210 -0.3074209523 0.0000428784 2.254
2220 -0.3073780860 0.0000428663 2.309
2230 -0.3073352242 0.0000428618 2.308
2240 -0.3072923566 0.0000428676 2.375
2250 -0.3072494686 0.0000428880 2.302
2260 -0.3072065412 0.0000429274 2.278
2270 -0.3071635154 0.0000430258 2.313
2280 -0.3071199137 0.0000436017 2.206
2290 -0.3070703340 0.0000495797 2.125
2300 -0.3070273582 0.0000429758 2.140
2310 -0.3069844708 0.0000428874 2.356
2320 -0.3069416682 0.0000428026 2.322
2330 -0.3068989467 0.0000427215 2.146
2340 -0.3068563020 0.0000426447 2.157
2350 -0.3068137299 0.0000425722 2.195
2360 -0.3067712260 0.0000425039 2.191
2370 -0.3067287861 0.0000424399 2.188
2380 -0.3066864059 0.0000423801 2.177
2390 -0.3066440813 0.0000423246 2.158
2400 -0.3066018079 0.0000422734 2.131
2410 -0.3065595817 0.0000422263 2.170
2420 -0.3065173983 0.0000421834 2.252
2430 -0.3064752536 0.0000421447 2.354
2440 -0.3064331434 0.0000421102 2.230
2450 -0.3063910636 0.0000420798 2.203
2460 -0.3063490100 0.0000420536 2.177
2470 -0.3063069784 0.0000420316 2.270
2480 -0.3062649647 0.0000420137 2.385
2490 -0.3062229647 0.0000420000 2.344
2500 -0.3061809742 0.0000419905 2.369
2510 -0.3061389889 0.0000419852 2.329
2520 -0.3060970048 0.0000419841 2.316
2530 -0.3060550183 0.0000419865 2.331
2540 -0.3060130255 0.0000419928 2.274
2550 -0.3059710210 0.0000420045 2.166
2560 -0.3059290006 0.0000420205 2.124
2570 -0.3058869597 0.0000420409 2.283
2580 -0.3058448939 0.0000420658 2.332
2590 -0.3058027987 0.0000420952 2.319
2600 -0.3057606694 0.0000421293 2.159
2610 -0.3057185015 0.0000421680 2.136
2620 -0.3056762907 0.0000422107 2.215
2630 -0.3056340314 0.0000422594 2.198
2640 -0.3055917182 0.0000423131 2.169
2650 -0.3055493466 0.0000423716 2.126
2660 -0.3055069113 0.0000424353 2.131
2670 -0.3054644048 0.0000425065 2.125
2680 -0.3054218199 0.0000425849 2.230
2690 -0.3053791498 0.0000426702 2.685
2700 -0.3053363861 0.0000427637 2.215
2710 -0.3052935175 0.0000428687 2.207
2720 -0.3052505270 0.0000429905 2.232
2730 -0.3052073870 0.0000431400 2.528
2740 -0.3051640225 0.0000433645 2.437
2750 -0.3051202664 0.0000437561 2.322
2760 -0.3050697207 0.0000505457 2.309
2770 -0.3050261426 0.0000435781 2.277
2780 -0.3049825643 0.0000435783 2.129
2790 -0.3049389819 0.0000435824 2.126
2800 -0.3048953895 0.0000435925 2.266
2810 -0.3048517782 0.0000436113 2.164
2820 -0.3048081390 0.0000436391 2.272
2830 -0.3047644580 0.0000436811 2.132
2840 -0.3047207153 0.0000437427 2.174
2850 -0.3046768800 0.0000438353 2.146
2860 -0.3046328829 0.0000439971 2.202
2870 -0.3045884750 0.0000444078 2.198
2880 -0.3045374939 0.0000509811 2.217
2890 -0.3044932753 0.0000442185 2.335
2900 -0.3044532215 0.0000400538 2.337
2910 -0.3044010357 0.0000521858 2.357
2920 -0.3043553037 0.0000457321 2.334
2930 -0.3043095785 0.0000457252 2.346
2940 -0.3042697830 0.0000397955 2.277
2950 -0.3042249746 0.0000448083 2.120
2960 -0.3041789838 0.0000459908 2.221
2970 -0.3041357596 0.0000432242 2.116
2980 -0.3040927103 0.0000430493 2.287
2990 -0.3040497802 0.0000429301 2.328
3000 -0.3040068830 0.0000428972 2.150
3010 -0.3039665559 0.0000403271 2.184
3020 -0.3039243459 0.0000422101 2.305
3030 -0.3038784228 0.0000459231 2.213
3040 -0.3038301088 0.0000483140 2.146
3050 -0.3037867801 0.0000433287 2.304
3060 -0.3037449283 0.0000418517 2.328
3070 -0.3037041455 0.0000407829 2.224
3080 -0.3036619964 0.0000421491 2.126
3090 -0.3036209046 0.0000410917 2.161
3100 -0.3035800539 0.0000408507 2.187
3110 -0.3035395345 0.0000405194 2.190
3120 -0.3034990543 0.0000404802 2.181
3130 -0.3034588940 0.0000401603 2.210
3140 -0.3034189522 0.0000399417 2.244
3150 -0.3033792245 0.0000397277 2.308
3160 -0.3033397562 0.0000394683 2.209
3170 -0.3033003897 0.0000393664 2.177
3180 -0.3032612716 0.0000391181 2.200
3190 -0.3032246158 0.0000366558 2.200
3200 -0.3031836489 0.0000409669 2.132
3210 -0.3031450597 0.0000385892 2.195
3220 -0.3031066866 0.0000383731 2.285
3230 -0.3030684892 0.0000381974 2.270
3240 -0.3030304609 0.0000380283 2.326
3250 -0.3029925987 0.0000378622 2.339
3260 -0.3029548991 0.0000376996 2.321
3270 -0.3029173572 0.0000375419 2.316
3280 -0.3028799686 0.0000373886 2.360
3290 -0.3028427590 0.0000372096 2.136
3300 -0.3028056338 0.0000371252 2.120
3310 -0.3027692433 0.0000363905 2.210
3320 -0.3027318650 0.0000373783 2.112
3330 -0.3026951835 0.0000366815 2.094
3340 -0.3026586333 0.0000365502 2.109
3350 -0.3026222105 0.0000364228 2.244
3360 -0.3025859102 0.0000363003 2.181
3370 -0.3025497283 0.0000361819 2.111
3380 -0.3025136634 0.0000360649 2.111
3390 -0.3024784791 0.0000351843 2.177
3400 -0.3024418675 0.0000366116 2.177
3410 -0.3024061290 0.0000357385 2.142
3420 -0.3023707550 0.0000353741 2.345
3430 -0.3023349557 0.0000357993 2.311
3440 -0.3022995143 0.0000354414 2.354
3450 -0.3022641670 0.0000353473 2.323
3460 -0.3022289096 0.0000352573 2.314
3470 -0.3021937389 0.0000351707 2.331
3480 -0.3021586520 0.0000350869 2.333
3490 -0.3021236452 0.0000350069 2.170
3500 -0.3020915163 0.0000321289 2.186
3510 -0.3020538589 0.0000376574 2.283
3520 -0.3020190768 0.0000347821 2.102
3530 -0.3019843641 0.0000347127 2.118
3540 -0.3019497153 0.0000346488 2.106
3550 -0.3019155885 0.0000341268 2.168
3560 -0.3018806037 0.0000349848 2.128
3570 -0.3018461319 0.0000344718 2.130
3580 -0.3018117149 0.0000344170 2.242
3590 -0.3017778745 0.0000338404 2.230
3600 -0.3017432133 0.0000346612 2.124
3610 -0.3017087627 0.0000344506 2.322
3620 -0.3016745324 0.0000342303 2.203
3630 -0.3016403446 0.0000341879 2.231
3640 -0.3016061955 0.0000341491 2.289
3650 -0.3015720814 0.0000341141 2.289
3660 -0.3015379994 0.0000340820 2.318
3670 -0.3015123497 0.0000256497 2.158
3680 -0.3014699178 0.0000424319 2.165
3690 -0.3014359119 0.0000340058 2.172
3700 -0.3014019277 0.0000339842 2.202
3710 -0.3013679688 0.0000339590 2.224
3720 -0.3013343529 0.0000336158 2.261
3730 -0.3013000822 0.0000342707 2.172
3740 -0.3012661555 0.0000339267 2.275
3750 -0.3012322371 0.0000339184 2.159
3760 -0.3011983998 0.0000338373 2.132
3770 -0.3011670961 0.0000313037 2.142
3780 -0.3011314429 0.0000356532 2.172
3790 -0.3011018909 0.0000295521 2.204
3800 -0.3010626510 0.0000392399 2.108
3810 -0.3010304205 0.0000322306 2.106
3820 -0.3009947657 0.0000356547 2.182
3830 -0.3009845164 0.0000102493 2.329
3840 -0.3009268225 0.0000576939 2.309
3850 -0.3008928221 0.0000340004 2.324
3860 -0.3008644224 0.0000283997 2.283
3870 -0.3008247413 0.0000396810 2.323
3880 -0.3007906599 0.0000340815 2.236
3890 -0.3007565548 0.0000341051 2.243
3900 -0.3007223771 0.0000341776 2.203
3910 -0.3006881692 0.0000342080 2.158
3920 -0.3006539204 0.0000342488 2.152
3930 -0.3006234726 0.0000304477 2.131
3940 -0.3005853166 0.0000381560 2.129
3950 -0.3005508656 0.0000344510 2.323
3960 -0.3005164120 0.0000344536 2.186
3970 -0.3004848438 0.0000315681 2.167
3980 -0.3004473099 0.0000375340 2.232
3990 -0.3004126383 0.0000346716 2.196
4000 -0.3003893426 0.0000232957 2.193
4010 -0.3003433640 0.0000459786 2.174
4020 -0.3003110266 0.0000323374 2.169
4030 -0.3002780749 0.0000329517 2.258
4040 -0.3002380197 0.0000400553 2.329
4050 -0.3002076381 0.0000303816 2.163
4060 -0.3001682914 0.0000393467 2.339
4070 -0.3001320370 0.0000362544 2.311
4080 -0.3000964526 0.0000355844 2.330
4090 -0.3000607783 0.0000356743 2.382
4100 -0.3000248870 0.0000358913 2.314
4110 -0.2999902827 0.0000346044 2.272
4120 -0.2999551479 0.0000351348 2.168
4130 -0.2999085560 0.0000465919 2.161
4140 -0.2998723442 0.0000362118 2.105
4150 -0.2998360874 0.0000362568 2.092
4160 -0.2997997815 0.0000363059 2.116
4170 -0.2997634226 0.0000363589 2.178
4180 -0.2997270066 0.0000364159 2.175
4190 -0.2996905298 0.0000364768 2.249
4200 -0.2996539882 0.0000365416 2.171
4210 -0.2996173778 0.0000366103 2.272
4220 -0.2995806948 0.0000366830 2.241
4230 -0.2995439353 0.0000367596 2.191
4240 -0.2995070951 0.0000368402 2.114
4250 -0.2994701703 0.0000369248 2.218
4260 -0.2994331568 0.0000370135 2.296
4270 -0.2993960504 0.0000371064 2.328
4280 -0.2993588470 0.0000372034 2.315
4290 -0.2993215422 0.0000373048 2.322
4300 -0.2992841317 0.0000374104 2.165
4310 -0.2992466113 0.0000375205 2.113
4320 -0.2992089763 0.0000376350 2.111
4330 -0.2991712222 0.0000377541 2.161
4340 -0.2991333445 0.0000378777 2.162
4350 -0.2990953383 0.0000380061 2.366
4360 -0.2990571991 0.0000381393 2.150
4370 -0.2990189218 0.0000382773 2.113
4380 -0.2989805016 0.0000384202 2.110
4390 -0.2989419333 0.0000385683 2.385
4400 -0.2989032119 0.0000387214 2.128
4410 -0.2988643321 0.0000388798 2.152
4420 -0.2988252886 0.0000390435 2.321
4430 -0.2987860759 0.0000392127 2.315
4440 -0.2987466885 0.0000393874 2.325
4450 -0.2987071207 0.0000395678 2.324
4460 -0.2986673668 0.0000397539 2.291
4470 -0.2986274209 0.0000399459 2.283
4480 -0.2985872770 0.0000401439 2.300
4490 -0.2985469290 0.0000403480 2.140
4500 -0.2985063707 0.0000405583 2.140
4510 -0.2984655957 0.0000407750 2.187
4520 -0.2984245976 0.0000409981 2.163
4530 -0.2983833699 0.0000412278 2.141
4540 -0.2983419057 0.0000414642 2.162
4550 -0.2983001983 0.0000417074 2.106
4560 -0.2982582408 0.0000419575 2.245
4570 -0.2982160261 0.0000422147 2.164
4580 -0.2981735471 0.0000424791 2.135
4590 -0.2981307964 0.0000427507 2.183
4600 -0.2980877667 0.0000430296 2.176
4610 -0.2980444507 0.0000433161 2.255
4620 -0.2980008406 0.0000436101 2.271
4630 -0.2979569290 0.0000439116 2.392
4640 -0.2979127080 0.0000442209 2.150
4650 -0.2978681701 0.0000445379 2.298
4660 -0.2978233075 0.0000448626 2.177
4670 -0.2977781124 0.0000451951 2.222
4680 -0.2977325770 0.0000455353 2.266
4690 -0.2976866938 0.0000458833 2.294
4700 -0.2976404550 0.0000462388 2.112
4710 -0.2975938532 0.0000466018 2.190
4720 -0.2975468810 0.0000469722 2.277
4730 -0.2974995314 0.0000473496 2.275
4740 -0.2974517974 0.0000477340 2.313
4750 -0.2974036725 0.0000481249 2.297
4760 -0.2973551506 0.0000485219 2.224
4770 -0.2973062260 0.0000489246 2.179
4780 -0.2972568935 0.0000493324 2.126
4790 -0.2972071488 0.0000497447 2.172
4800 -0.2971569882 0.0000501607 2.174
4810 -0.2971064087 0.0000505794 2.140
4820 -0.2970554088 0.0000509999 2.106
4830 -0.2970039877 0.0000514211 2.152
4840 -0.2969521461 0.0000518416 2.161
4850 -0.2968998863 0.0000522598 2.160
4860 -0.2968472120 0.0000526743 2.166
4870 -0.2967941290 0.0000530830 2.327
4880 -0.2967406450 0.0000534840 2.319
4890 -0.2966867700 0.0000538750 2.306
4900 -0.2966325165 0.0000542535 2.362
4910 -0.2965778996 0.0000546169 2.285
4920 -0.2965229375 0.0000549621 2.181
4930 -0.2964676513 0.0000552862 2.114
4940 -0.2964120655 0.0000555858 2.103
4950 -0.2963562081 0.0000558574 2.099
4960 -0.2963001107 0.0000560974 2.129
4970 -0.2962438086 0.0000563021 2.088
4980 -0.2961873410 0.0000564676 2.168
4990 -0.2961307510 0.0000565900 2.182
5000 -0.2960740854 0.0000566656 2.176
5010 -0.2960173946 0.0000566907 2.172
5020 -0.2959607328 0.0000566618 2.290
5030 -0.2959041573 0.0000565755 2.351
5040 -0.2958477283 0.0000564290 2.359
5050 -0.2957915084 0.0000562198 2.294
5060 -0.2957355626 0.0000559458 2.125
5070 -0.2956799569 0.0000556057 2.143
5080 -0.2956247584 0.0000551985 2.310
5090 -0.2955700341 0.0000547243 2.192
5100 -0.2955158505 0.0000541836 2.118
5110 -0.2954622729 0.0000535776 2.153
5120 -0.2954093645 0.0000529085 2.117
5130 -0.2953571856 0.0000521789 2.197
5140 -0.2953057934 0.0000513922 2.175
5150 -0.2952552410 0.0000505524 2.106
5160 -0.2952055770 0.0000496640 2.157
5170 -0.2951568452 0.0000487318 2.178
5180 -0.2951090843 0.0000477610 2.168
5190 -0.2950623273 0.0000467570 2.121
5200 -0.2950166019 0.0000457254 2.122
5210 -0.2949719301 0.0000446718 2.263
5220 -0.2949283286 0.0000436015 2.281
5230 -0.2948858088 0.0000425199 2.283
5240 -0.2948443767 0.0000414321 2.345
5250 -0.2948040338 0.0000403428 2.334
5260 -0.2947647773 0.0000392566 2.309
5270 -0.2947265998 0.0000381774 2.340
5280 -0.2946894908 0.0000371090 2.308
5290 -0.2946534362 0.0000360547 2.181
5300 -0.2946184190 0.0000350172 2.186
5310 -0.2945844199 0.0000339991 2.180
5320 -0.2945514174 0.0000330025 2.192
5330 -0.2945193883 0.0000320290 2.168
5340 -0.2944883082 0.0000310802 2.168
5350 -0.2944581512 0.0000301569 2.192
5360 -0.2944288911 0.0000292601 2.154
5370 -0.2944005009 0.0000283902 2.123
5380 -0.2943729532 0.0000275476 2.103
5390 -0.2943462210 0.0000267323 2.208
5400 -0.2943202768 0.0000259442 2.165
5410 -0.2942950936 0.0000251831 2.316
5420 -0.2942706449 0.0000244487 2.188
5430 -0.2942469044 0.0000237405 2.277
5440 -0.2942238464 0.0000230579 2.248
5450 -0.2942014460 0.0000224004 2.394
5460 -0.2941796789 0.0000217672 2.355
5470 -0.2941585213 0.0000211576 2.311
5480 -0.2941379504 0.0000205709 2.291
5490 -0.2941179441 0.0000200063 2.281
5500 -0.2940984811 0.0000194630 2.274
5510 -0.2940795407 0.0000189403 2.160
5520 -0.2940611033 0.0000184375 2.148
5530 -0.2940431497 0.0000179536 2.104
5540 -0.2940256618 0.0000174880 2.306
5550 -0.2940086219 0.0000170399 2.250
5560 -0.2939920133 0.0000166086 2.108
5570 -0.2939758199 0.0000161934 2.092
5580 -0.2939600262 0.0000157937 2.180
5590 -0.2939446176 0.0000154087 2.186
5600 -0.2939295798 0.0000150378 2.188
5610 -0.2939148993 0.0000146804 2.172
5620 -0.2939005633 0.0000143360 2.103
5630 -0.2938865593 0.0000140040 2.115
5640 -0.2938728755 0.0000136838 2.104
5650 -0.2938595006 0.0000133749 2.271
5660 -0.2938464238 0.0000130768 2.332
5670 -0.2938336346 0.0000127891 2.102
5680 -0.2938211233 0.0000125113 2.133
5690 -0.2938088803 0.0000122430 2.321
5700 -0.2937968966 0.0000119837 2.329
5710 -0.2937851635 0.0000117331 2.203
5720 -0.2937736727 0.0000114908 2.123
5730 -0.2937624161 0.0000112565 2.135
5740 -0.2937513863 0.0000110298 2.266
5750 -0.2937405760 0.0000108104 2.162
5760 -0.2937299780 0.0000105980 2.163
5770 -0.2937195858 0.0000103922 2.167
5780 -0.2937093929 0.0000101929 2.141
5790 -0.2936993931 0.0000099998 2.305
5800 -0.2936895806 0.0000098125 2.122
5810 -0.2936799496 0.0000096310 2.103
5820 -0.2936704948 0.0000094548 2.205
5830 -0.2936612109 0.0000092839 2.133
5840 -0.2936520928 0.0000091180 2.126
5850 -0.2936431359 0.0000089570 2.320
5860 -0.2936343353 0.0000088006 2.284
5870 -0.2936256867 0.0000086486 2.318
5880 -0.2936171858 0.0000085009 2.304
5890 -0.2936088285 0.0000083573 2.306
5900 -0.2936006107 0.0000082177 2.307
5910 -0.2935925287 0.0000080820 2.267
5920 -0.2935845789 0.0000079499 2.316
5930 -0.2935767575 0.0000078213 2.212
5940 -0.2935690613 0.0000076962 2.131
5950 -0.2935614870 0.0000075744 2.093
5960 -0.2935540313 0.0000074557 2.106
5970 -0.2935466912 0.0000073401 2.093
5980 -0.2935394638 0.0000072274 2.121
5990 -0.2935323462 0.0000071176 2.200
6000 -0.2935253356 0.0000070106 2.195
6010 -0.2935184294 0.0000069062 2.094
6020 -0.2935116250 0.0000068044 2.188
6030 -0.2935049200 0.0000067050 2.340
6040 -0.2934983119 0.0000066081 2.334
6050 -0.2934917984 0.0000065135 2.351
6060 -0.2934853773 0.0000064211 2.243
6070 -0.2934790464 0.0000063309 2.164
6080 -0.2934728035 0.0000062428 2.181
6090 -0.2934666468 0.0000061567 2.158
6100 -0.2934605742 0.0000060726 2.104
6110 -0.2934545837 0.0000059905 2.160
6120 -0.2934486736 0.0000059101 2.128
6130 -0.2934428420 0.0000058316 2.186
6140 -0.2934370873 0.0000057548 2.135
6150 -0.2934314076 0.0000056796 2.113
6160 -0.2934258015 0.0000056061 2.123
6170 -0.2934202673 0.0000055342 2.137
6180 -0.2934148035 0.0000054638 2.287
6190 -0.2934094085 0.0000053949 2.325
6200 -0.2934040810 0.0000053275 2.284
6210 -0.2933988195 0.0000052615 2.320
6220 -0.2933936227 0.0000051968 2.313
6230 -0.2933884893 0.0000051335 2.317
6240 -0.2933834179 0.0000050714 2.298
6250 -0.2933784073 0.0000050106 2.075
6260 -0.2933734562 0.0000049510 2.301
6270 -0.2933685636 0.0000048926 2.352
6280 -0.2933637282 0.0000048354 2.128
6290 -0.2933589490 0.0000047792 2.192
6300 -0.2933542248 0.0000047242 2.113
6310 -0.2933495545 0.0000046702 2.216
6320 -0.2933449373 0.0000046173 2.324
6330 -0.2933403719 0.0000045653 2.316
6340 -0.2933358575 0.0000045144 2.314
6350 -0.2933313931 0.0000044644 2.311
6360 -0.2933269778 0.0000044153 2.197
6370 -0.2933226107 0.0000043671 2.114
6380 -0.2933182909 0.0000043198 2.118
6390 -0.2933140175 0.0000042734 2.106
6400 -0.2933097897 0.0000042278 2.137
6410 -0.2933056067 0.0000041830 2.105
6420 -0.2933014676 0.0000041390 2.164
6430 -0.2932973718 0.0000040958 2.132
6440 -0.2932933184 0.0000040534 2.192
6450 -0.2932893068 0.0000040117 2.224
6460 -0.2932853361 0.0000039707 2.153
6470 -0.2932814057 0.0000039304 2.204
6480 -0.2932775149 0.0000038908 2.223
6490 -0.2932736631 0.0000038519 2.202
6500 -0.2932698495 0.0000038136 2.219
6510 -0.2932660735 0.0000037760 2.213
6520 -0.2932623345 0.0000037390 2.178
6530 -0.2932586320 0.0000037026 2.354
6540 -0.2932549652 0.0000036668 2.398
6550 -0.2932513336 0.0000036316 2.321
6560 -0.2932477367 0.0000035969 2.340
6570 -0.2932441739 0.0000035628 2.350
6580 -0.2932406446 0.0000035293 2.287
6590 -0.2932371484 0.0000034963 2.161
6600 -0.2932336846 0.0000034638 2.110
6610 -0.2932302528 0.0000034318 2.202
6620 -0.2932268524 0.0000034003 2.097
6630 -0.2932234831 0.0000033693 2.127
6640 -0.2932201443 0.0000033388 2.294
6650 -0.2932168355 0.0000033088 2.124
6660 -0.2932135563 0.0000032792 2.305
6670 -0.2932103063 0.0000032500 2.274
6680 -0.2932070850 0.0000032213 2.265
6690 -0.2932038919 0.0000031931 2.229
6700 -0.2932007267 0.0000031652 2.179
6710 -0.2931975889 0.0000031378 2.177
6720 -0.2931944782 0.0000031107 2.159
6730 -0.2931913941 0.0000030841 2.155
6740 -0.2931883363 0.0000030578 2.174
6750 -0.2931853044 0.0000030319 2.329
6760 -0.2931822980 0.0000030064 2.117
6770 -0.2931793167 0.0000029813 2.129
6780 -0.2931763602 0.0000029565 2.101
6790 -0.2931734281 0.0000029321 2.124
6800 -0.2931705201 0.0000029080 2.117
6810 -0.2931676359 0.0000028842 2.171
6820 -0.2931647751 0.0000028608 2.114
6830 -0.2931619375 0.0000028377 2.167
6840 -0.2931591226 0.0000028149 2.273
6850 -0.2931563302 0.0000027924 2.325
6860 -0.2931535599 0.0000027702 2.317
6870 -0.2931508115 0.0000027484 2.702
6880 -0.2931480847 0.0000027268 2.346
6890 -0.2931453792 0.0000027055 2.308
6900 -0.2931426947 0.0000026845 2.313
6910 -0.2931400309 0.0000026638 2.299
6920 -0.2931373876 0.0000026433 2.215
6930 -0.2931347645 0.0000026231 2.111
6940 -0.2931321612 0.0000026032 2.131
6950 -0.2931295777 0.0000025836 2.105
6960 -0.2931270136 0.0000025641 2.096
6970 -0.2931244686 0.0000025450 2.121
6980 -0.2931219425 0.0000025261 2.236
6990 -0.2931194351 0.0000025074 2.117
7000 -0.2931169462 0.0000024889 2.173
7010 -0.2931144754 0.0000024707 2.115
7020 -0.2931120227 0.0000024528 2.142
7030 -0.2931095877 0.0000024350 2.114
7040 -0.2931071702 0.0000024175 2.264
7050 -0.2931047701 0.0000024001 2.273
7060 -0.2931023870 0.0000023830 2.226
7070 -0.2931000209 0.0000023661 2.207
7080 -0.2930976715 0.0000023494 2.213
7090 -0.2930953385 0.0000023330 2.356
7100 -0.2930930218 0.0000023167 2.276
7110 -0.2930907213 0.0000023006 2.175
7120 -0.2930884366 0.0000022847 2.086
7130 -0.2930861676 0.0000022690 2.121
7140 -0.2930839142 0.0000022534 2.303
7150 -0.2930816761 0.0000022381 2.350
7160 -0.2930794532 0.0000022229 2.198
7170 -0.2930772453 0.0000022079 2.099
7180 -0.2930750522 0.0000021931 2.130
7190 -0.2930728738 0.0000021785 2.316
7200 -0.2930707098 0.0000021640 2.293
7210 -0.2930685601 0.0000021497 2.104
7220 -0.2930664246 0.0000021355 2.098
7230 -0.2930643030 0.0000021215 2.148
7240 -0.2930621953 0.0000021077 2.344
7250 -0.2930601012 0.0000020940 2.356
7260 -0.2930580207 0.0000020805 2.267
7270 -0.2930559535 0.0000020672 2.100
7280 -0.2930538996 0.0000020539 2.193
7290 -0.2930518587 0.0000020409 2.111
7300 -0.2930498308 0.0000020279 2.086
7310 -0.2930478156 0.0000020152 2.088
7320 -0.2930458131 0.0000020025 2.111
7330 -0.2930438231 0.0000019900 2.106
7340 -0.2930418455 0.0000019776 2.136
7350 -0.2930398801 0.0000019654 2.156
7360 -0.2930379268 0.0000019533 2.091
7370 -0.2930359854 0.0000019413 2.106
7380 -0.2930340560 0.0000019295 2.115
7390 -0.2930321382 0.0000019177 2.243
7400 -0.2930302321 0.0000019061 2.313
7410 -0.2930283374 0.0000018947 2.269
7420 -0.2930264541 0.0000018833 2.337
7430 -0.2930245820 0.0000018721 2.338
7440 -0.2930227211 0.0000018610 2.282
7450 -0.2930208711 0.0000018499 2.314
7460 -0.2930190321 0.0000018391 2.114
7470 -0.2930172038 0.0000018283 2.137
7480 -0.2930153862 0.0000018176 2.229
7490 -0.2930135792 0.0000018070 2.239
7500 -0.2930117826 0.0000017966 2.178
7510 -0.2930099963 0.0000017863 2.160
7520 -0.2930082203 0.0000017760 2.131
7530 -0.2930064544 0.0000017659 2.139
7540 -0.2930046986 0.0000017558 2.129
7550 -0.2930029527 0.0000017459 2.149
7560 -0.2930012166 0.0000017361 2.122
7570 -0.2929994903 0.0000017263 2.107
7580 -0.2929977736 0.0000017167 2.174
7590 -0.2929960665 0.0000017071 2.182
7600 -0.2929943688 0.0000016977 2.174
7610 -0.2929926805 0.0000016883 2.182
7620 -0.2929910014 0.0000016790 2.225
7630 -0.2929893316 0.0000016699 2.175
7640 -0.2929876708 0.0000016608 2.189
7650 -0.2929860190 0.0000016518 2.178
7660 -0.2929843762 0.0000016429 2.254
7670 -0.2929827421 0.0000016340 2.261
7680 -0.2929811169 0.0000016253 2.251
7690 -0.2929795002 0.0000016166 2.337
7700 -0.2929778922 0.0000016080 2.322
7710 -0.2929762927 0.0000015995 2.303
7720 -0.2929747016 0.0000015911 2.247
7730 -0.2929731188 0.0000015828 2.129
7740 -0.2929715443 0.0000015745 2.297
7750 -0.2929699780 0.0000015663 2.163
7760 -0.2929684198 0.0000015582 2.250
7770 -0.2929668696 0.0000015502 2.168
7780 -0.2929653274 0.0000015422 2.102
7790 -0.2929637931 0.0000015343 2.109
7800 -0.2929622666 0.0000015265 2.122
7810 -0.2929607478 0.0000015188 2.118
7820 -0.2929592367 0.0000015111 2.108
7830 -0.2929577332 0.0000015035 2.101
7840 -0.2929562373 0.0000014960 2.090
7850 -0.2929547488 0.0000014885 2.137
7860 -0.2929532677 0.0000014811 2.129
7870 -0.2929517939 0.0000014738 2.112
7880 -0.2929503275 0.0000014665 2.094
7890 -0.2929488682 0.0000014593 2.091
7900 -0.2929474160 0.0000014521 2.231
7910 -0.2929459709 0.0000014451 2.201
7920 -0.2929445329 0.0000014381 2.270
7930 -0.2929431018 0.0000014311 2.290
7940 -0.2929416775 0.0000014242 2.296
7950 -0.2929402601 0.0000014174 2.319
7960 -0.2929388495 0.0000014106 2.323
7970 -0.2929374456 0.0000014039 2.331
7980 -0.2929360483 0.0000013973 2.185
7990 -0.2929346577 0.0000013907 2.182
8000 -0.2929332735 0.0000013841 2.174
8010 -0.2929318959 0.0000013777 2.188
8020 -0.2929305246 0.0000013712 2.224
8030 -0.2929291598 0.0000013649 2.114
8040 -0.2929278012 0.0000013586 2.080
8050 -0.2929264489 0.0000013523 2.084
8060 -0.2929251028 0.0000013461 2.106
8070 -0.2929237629 0.0000013399 2.170
8080 -0.2929224291 0.0000013338 2.145
8090 -0.2929211013 0.0000013278 2.090
8100 -0.2929197795 0.0000013218 2.084
8110 -0.2929184637 0.0000013158 2.295
8120 -0.2929171537 0.0000013099 2.416
8130 -0.2929158497 0.0000013041 2.241
8140 -0.2929145514 0.0000012983 2.182
8150 -0.2929132588 0.0000012925 2.096
8160 -0.2929119720 0.0000012868 2.119
8170 -0.2929106909 0.0000012812 2.164
8180 -0.2929094153 0.0000012756 2.260
8190 -0.2929081453 0.0000012700 2.335
8200 -0.2929068808 0.0000012645 2.327
8210 -0.2929056218 0.0000012590 2.305
8220 -0.2929043683 0.0000012536 2.215
8230 -0.2929031201 0.0000012482 2.175
8240 -0.2929018772 0.0000012428 2.098
8250 -0.2929006397 0.0000012376 2.091
8260 -0.2928994074 0.0000012323 2.168
8270 -0.2928981803 0.0000012271 2.275
8280 -0.2928969584 0.0000012219 2.106
8290 -0.2928957416 0.0000012168 2.195
8300 -0.2928945299 0.0000012117 2.092
8310 -0.2928933232 0.0000012067 2.103
8320 -0.2928921216 0.0000012017 2.225
8330 -0.2928909249 0.0000011967 2.339
8340 -0.2928897331 0.0000011918 2.220
8350 -0.2928885462 0.0000011869 2.114
8360 -0.2928873642 0.0000011820 2.183
8370 -0.2928861870 0.0000011772 2.318
8380 -0.2928850145 0.0000011725 2.241
8390 -0.2928838468 0.0000011677 2.307
8400 -0.2928826838 0.0000011630 2.301
8410 -0.2928815254 0.0000011584 2.272
8420 -0.2928803716 0.0000011537 2.255
8430 -0.2928792225 0.0000011492 2.096
8440 -0.2928780779 0.0000011446 2.107
8450 -0.2928769378 0.0000011401 2.118
8460 -0.2928758021 0.0000011356 2.151
8470 -0.2928746710 0.0000011312 2.150
8480 -0.2928735442 0.0000011268 2.176
8490 -0.2928724218 0.0000011224 2.100
8500 -0.2928713037 0.0000011181 2.110
8510 -0.2928701900 0.0000011138 2.093
8520 -0.2928690805 0.0000011095 2.320
8530 -0.2928679752 0.0000011052 2.151
8540 -0.2928668742 0.0000011010 2.116
8550 -0.2928657773 0.0000010969 2.179
8560 -0.2928646846 0.0000010927 2.191
8570 -0.2928635960 0.0000010886 2.165
8580 -0.2928625115 0.0000010845 2.191
8590 -0.2928614310 0.0000010805 2.201
8600 -0.2928603545 0.0000010765 2.347
8610 -0.2928592821 0.0000010725 2.409
8620 -0.2928582135 0.0000010685 2.327
8630 -0.2928571489 0.0000010646 2.316
8640 -0.2928560882 0.0000010607 2.314
8650 -0.2928550314 0.0000010568 2.301
8660 -0.2928539784 0.0000010530 2.171
8670 -0.2928529292 0.0000010492 2.267
8680 -0.2928518838 0.0000010454 2.100
8690 -0.2928508421 0.0000010417 2.171
8700 -0.2928498041 0.0000010380 2.175
8710 -0.2928487699 0.0000010343 2.174
8720 -0.2928477393 0.0000010306 2.198
8730 -0.2928467123 0.0000010270 2.156
8740 -0.2928456890 0.0000010233 2.185
8750 -0.2928446692 0.0000010198 2.176
8760 -0.2928436530 0.0000010162 2.167
8770 -0.2928426403 0.0000010127 2.158
8780 -0.2928416311 0.0000010092 2.278
8790 -0.2928406254 0.0000010057 2.332
8800 -0.2928396232 0.0000010023 2.176
8810 -0.2928386243 0.0000009988 2.092
Marginal Likelihood = -0.2928386243
Total time = 1956.2343 seconds
Total iterations = 8810 
