Marginal likelihood with initialization (1) = -0.5429257808
Marginal likelihood with initialization (2) = -0.5429261585
Marginal likelihood with initialization (3) = -0.5429249283
Marginal likelihood with initialization (4) = -0.5429261141
Marginal likelihood with initialization (5) = -0.5429268240
Iteration Marginal_Likelihood delta_Marginal_Likelihood Iteration_Time (secs)
0 -0.5429249283 -- 1.092
10 -0.4408912247 0.1020337036 0.997
20 -0.3920852613 0.0488059634 0.767
30 -0.3883594733 0.0037257880 0.894
40 -0.3864991430 0.0018603303 0.991
50 -0.3845291587 0.0019699842 380.715
60 -0.3813900664 0.0031390923 355.008
70 -0.3769621473 0.0044279191 356.922
80 -0.3720889742 0.0048731731 4.061
90 -0.3684354705 0.0036535037 1.319
100 -0.3665194077 0.0019160628 0.833
110 -0.3654720426 0.0010473651 0.885
120 -0.3648171963 0.0006548463 0.876
130 -0.3643646011 0.0004525953 0.874
140 -0.3640302871 0.0003343140 0.878
150 -0.3637712506 0.0002590365 0.856
160 -0.3635632569 0.0002079937 0.842
170 -0.3633916795 0.0001715774 0.866
180 -0.3632470975 0.0001445820 0.821
190 -0.3631231761 0.0001239214 0.823
200 -0.3630154861 0.0001076900 0.844
210 -0.3629208266 0.0000946595 0.819
220 -0.3628368208 0.0000840058 0.856
230 -0.3627616608 0.0000751600 0.842
240 -0.3626939433 0.0000677175 0.805
250 -0.3626325594 0.0000613839 0.791
260 -0.3625766188 0.0000559406 0.800
270 -0.3625253970 0.0000512218 0.794
280 -0.3624782972 0.0000470998 0.791
290 -0.3624348227 0.0000434745 0.808
300 -0.3623945558 0.0000402669 0.795
310 -0.3623571427 0.0000374131 1.054
320 -0.3623222810 0.0000348616 0.786
330 -0.3622897110 0.0000325700 0.776
340 -0.3622592078 0.0000305033 0.765
350 -0.3622305755 0.0000286322 0.785
360 -0.3622036432 0.0000269324 0.768
370 -0.3621782603 0.0000253829 0.829
380 -0.3621542939 0.0000239663 0.791
390 -0.3621316265 0.0000226674 0.778
400 -0.3621101531 0.0000214734 0.779
410 -0.3620897803 0.0000203728 0.794
420 -0.3620704241 0.0000193562 0.794
430 -0.3620520092 0.0000184149 0.715
440 -0.3620344676 0.0000175416 0.719
450 -0.3620177379 0.0000167297 0.725
460 -0.3620017643 0.0000159736 0.726
470 -0.3619864962 0.0000152681 0.721
480 -0.3619718874 0.0000146088 0.760
490 -0.3619578958 0.0000139916 0.778
500 -0.3619444828 0.0000134130 0.762
510 -0.3619316130 0.0000128698 0.761
520 -0.3619192540 0.0000123590 0.777
530 -0.3619073758 0.0000118782 0.764
540 -0.3618959507 0.0000114250 0.763
550 -0.3618849533 0.0000109974 0.774
560 -0.3618743600 0.0000105933 0.768
570 -0.3618641489 0.0000102111 0.765
580 -0.3618542996 0.0000098493 0.769
590 -0.3618447933 0.0000095063 0.728
600 -0.3618356123 0.0000091810 0.723
610 -0.3618267403 0.0000088720 0.724
620 -0.3618181619 0.0000085783 0.725
630 -0.3618098629 0.0000082990 0.722
640 -0.3618018299 0.0000080330 0.721
650 -0.3617940502 0.0000077796 0.732
660 -0.3617865122 0.0000075380 0.732
670 -0.3617792048 0.0000073074 0.723
680 -0.3617721176 0.0000070872 0.721
690 -0.3617652409 0.0000068768 0.720
700 -0.3617585653 0.0000066755 0.725
710 -0.3617520824 0.0000064830 0.724
720 -0.3617457838 0.0000062986 0.725
730 -0.3617396618 0.0000061219 0.729
740 -0.3617337092 0.0000059526 0.726
750 -0.3617279191 0.0000057901 0.716
760 -0.3617222849 0.0000056342 0.707
770 -0.3617168004 0.0000054845 0.738
780 -0.3617114597 0.0000053406 0.716
790 -0.3617062574 0.0000052024 0.724
800 -0.3617011880 0.0000050694 0.766
810 -0.3616962466 0.0000049414 0.777
820 -0.3616914284 0.0000048182 0.764
830 -0.3616867289 0.0000046995 0.771
840 -0.3616821437 0.0000045852 0.781
850 -0.3616776688 0.0000044750 0.768
860 -0.3616733001 0.0000043686 0.766
870 -0.3616690340 0.0000042661 0.786
880 -0.3616648670 0.0000041671 0.768
890 -0.3616607955 0.0000040715 0.756
900 -0.3616568163 0.0000039791 0.769
910 -0.3616529264 0.0000038899 0.763
920 -0.3616491228 0.0000038036 0.762
930 -0.3616454026 0.0000037202 0.765
940 -0.3616417631 0.0000036395 0.776
950 -0.3616382017 0.0000035614 0.767
960 -0.3616347159 0.0000034858 0.761
970 -0.3616313034 0.0000034125 0.774
980 -0.3616279618 0.0000033416 0.760
990 -0.3616246889 0.0000032729 0.774
1000 -0.3616214827 0.0000032062 0.778
1010 -0.3616183410 0.0000031416 0.763
1020 -0.3616152621 0.0000030789 0.760
1030 -0.3616122439 0.0000030181 0.778
1040 -0.3616092848 0.0000029591 0.797
1050 -0.3616063830 0.0000029018 0.773
1060 -0.3616035368 0.0000028462 0.757
1070 -0.3616007446 0.0000027922 0.773
1080 -0.3615980049 0.0000027397 0.768
1090 -0.3615953163 0.0000026886 0.758
1100 -0.3615926773 0.0000026390 0.764
1110 -0.3615900865 0.0000025908 0.805
1120 -0.3615875426 0.0000025439 0.780
1130 -0.3615850443 0.0000024983 0.778
1140 -0.3615825905 0.0000024538 0.792
1150 -0.3615801799 0.0000024106 0.771
1160 -0.3615778113 0.0000023685 0.842
1170 -0.3615754838 0.0000023276 0.805
1180 -0.3615731961 0.0000022876 0.783
1190 -0.3615709473 0.0000022488 0.770
1200 -0.3615687365 0.0000022109 0.829
1210 -0.3615665625 0.0000021740 0.944
1220 -0.3615644246 0.0000021380 1.039
1230 -0.3615623217 0.0000021029 0.971
1240 -0.3615602531 0.0000020686 0.881
1250 -0.3615582179 0.0000020352 0.792
1260 -0.3615562152 0.0000020027 0.763
1270 -0.3615542443 0.0000019709 0.759
1280 -0.3615523045 0.0000019398 0.759
1290 -0.3615503950 0.0000019095 0.698
1300 -0.3615485150 0.0000018800 0.703
1310 -0.3615466639 0.0000018511 0.828
1320 -0.3615448410 0.0000018229 0.787
1330 -0.3615430457 0.0000017953 0.802
1340 -0.3615412773 0.0000017684 0.773
1350 -0.3615395353 0.0000017421 0.810
1360 -0.3615378189 0.0000017163 0.787
1370 -0.3615361277 0.0000016912 0.759
1380 -0.3615344611 0.0000016666 0.812
1390 -0.3615328186 0.0000016426 0.770
1400 -0.3615311995 0.0000016190 0.763
1410 -0.3615296035 0.0000015960 0.762
1420 -0.3615280300 0.0000015735 0.769
1430 -0.3615264785 0.0000015515 0.771
1440 -0.3615249486 0.0000015299 0.695
1450 -0.3615234398 0.0000015088 0.693
1460 -0.3615219516 0.0000014882 0.694
1470 -0.3615204837 0.0000014679 0.745
1480 -0.3615190355 0.0000014481 0.752
1490 -0.3615176068 0.0000014287 0.758
1500 -0.3615161971 0.0000014097 0.767
1510 -0.3615148060 0.0000013911 0.760
1520 -0.3615134332 0.0000013728 0.768
1530 -0.3615120783 0.0000013550 0.761
1540 -0.3615107408 0.0000013374 0.769
1550 -0.3615094206 0.0000013202 0.748
1560 -0.3615081172 0.0000013034 0.703
1570 -0.3615068303 0.0000012869 0.697
1580 -0.3615055596 0.0000012707 0.699
1590 -0.3615043048 0.0000012548 0.697
1600 -0.3615030656 0.0000012392 0.697
1610 -0.3615018416 0.0000012239 0.713
1620 -0.3615006327 0.0000012090 0.677
1630 -0.3614994384 0.0000011942 0.684
1640 -0.3614982586 0.0000011798 0.685
1650 -0.3614970930 0.0000011656 0.683
1660 -0.3614959413 0.0000011517 0.688
1670 -0.3614948032 0.0000011381 0.771
1680 -0.3614936785 0.0000011247 0.765
1690 -0.3614925671 0.0000011115 0.737
1700 -0.3614914685 0.0000010986 0.737
1710 -0.3614903826 0.0000010859 0.748
1720 -0.3614893092 0.0000010734 0.758
1730 -0.3614882481 0.0000010611 0.756
1740 -0.3614871990 0.0000010491 0.776
1750 -0.3614861617 0.0000010373 0.786
1760 -0.3614851361 0.0000010257 0.808
1770 -0.3614841218 0.0000010142 0.691
1780 -0.3614831188 0.0000010030 0.682
1790 -0.3614821269 0.0000009920 0.706
Marginal Likelihood = -0.3614821269
Total time = 1233.7939 seconds
Total iterations = 1790 
