Marginal likelihood with initialization (1) = -0.5572971807
Marginal likelihood with initialization (2) = -0.5572964711
Marginal likelihood with initialization (3) = -0.5572967536
Marginal likelihood with initialization (4) = -0.5572962432
Marginal likelihood with initialization (5) = -0.5572963277
Iteration Marginal_Likelihood delta_Marginal_Likelihood Iteration_Time (secs)
0 -0.5572962432 -- 0.146
10 -0.5019074804 0.0553887628 0.549
20 -0.4665080190 0.0353994613 0.546
30 -0.4637996594 0.0027083597 0.543
40 -0.4625471879 0.0012524715 0.542
50 -0.4615771394 0.0009700484 0.556
60 -0.4608459378 0.0007312016 0.570
70 -0.4604463331 0.0003996047 0.553
80 -0.4602249857 0.0002213474 0.562
90 -0.4600900275 0.0001349583 0.561
100 -0.4599628983 0.0001271291 0.571
110 -0.4598631065 0.0000997918 0.569
120 -0.4597565871 0.0001065194 0.563
130 -0.4596930849 0.0000635022 0.541
140 -0.4596667300 0.0000263549 0.539
150 -0.4596540620 0.0000126680 0.567
160 -0.4596459822 0.0000080798 0.605
170 -0.4596385594 0.0000074228 0.541
180 -0.4596431660 -0.0000046065 0.541
190 -0.4596354076 0.0000077584 0.545
200 -0.4596313570 0.0000040506 0.547
210 -0.4596287339 0.0000026232 0.549
220 -0.4596216869 0.0000070470 0.539
230 -0.4596209443 0.0000007425 0.537
Marginal Likelihood = -0.4596209443
Total time = 12.8864 seconds
Total iterations = 230 
