Marginal likelihood with initialization (1) = -0.6516086827
Marginal likelihood with initialization (2) = -0.6516084869
Marginal likelihood with initialization (3) = -0.6516080820
Marginal likelihood with initialization (4) = -0.6516086609
Marginal likelihood with initialization (5) = -0.6516080034
Iteration Marginal_Likelihood delta_Marginal_Likelihood Iteration_Time (secs)
0 -0.6516080034 -- 1.211
10 -0.4418212935 0.2097867099 2.824
20 -0.3518306354 0.0899906581 2.477
30 -0.3416183663 0.0102122691 2.443
40 -0.3359494484 0.0056689178 2.272
50 -0.3338980531 0.0020513953 2.115
60 -0.3332758371 0.0006222160 2.079
70 -0.3329864789 0.0002893582 2.050
80 -0.3327750417 0.0002114372 2.093
90 -0.3325684201 0.0002066216 2.065
100 -0.3323552773 0.0002131429 2.067
110 -0.3321376023 0.0002176749 2.106
120 -0.3319161382 0.0002214641 1.967
130 -0.3316914256 0.0002247127 1.986
140 -0.3314639392 0.0002274863 2.077
150 -0.3312341228 0.0002298164 2.070
160 -0.3310023996 0.0002317232 2.038
170 -0.3307691763 0.0002332234 2.096
180 -0.3305348437 0.0002343325 2.240
190 -0.3302997771 0.0002350666 2.075
200 -0.3300643345 0.0002354426 2.100
210 -0.3298288557 0.0002354788 2.098
220 -0.3295936604 0.0002351953 2.084
230 -0.3293590466 0.0002346138 2.081
240 -0.3291252895 0.0002337571 2.099
250 -0.3288926405 0.0002326490 2.083
260 -0.3286613262 0.0002313143 2.087
270 -0.3284315486 0.0002297776 2.091
280 -0.3282034850 0.0002280636 2.083
290 -0.3279772886 0.0002261964 2.076
300 -0.3277530893 0.0002241993 1.946
310 -0.3275309947 0.0002220946 1.894
320 -0.3273110915 0.0002199032 1.900
330 -0.3270934467 0.0002176448 1.906
340 -0.3268781092 0.0002153375 1.890
350 -0.3266651113 0.0002129980 1.890
360 -0.3264544700 0.0002106412 1.900
370 -0.3262461890 0.0002082810 1.993
380 -0.3260402596 0.0002059294 2.176
390 -0.3258366622 0.0002035973 2.043
400 -0.3256353680 0.0002012942 2.057
410 -0.3254363397 0.0001990284 2.056
420 -0.3252395327 0.0001968070 2.067
430 -0.3250448963 0.0001946364 2.053
440 -0.3248523746 0.0001925217 2.052
450 -0.3246619071 0.0001904675 2.044
460 -0.3244734296 0.0001884775 2.051
470 -0.3242868749 0.0001865547 2.043
480 -0.3241021730 0.0001847018 2.068
490 -0.3239192521 0.0001829209 2.071
500 -0.3237401194 0.0001791327 2.044
510 -0.3235591060 0.0001810134 2.042
520 -0.3233804514 0.0001786546 2.060
530 -0.3232079970 0.0001724544 2.082
540 -0.3230364479 0.0001715491 2.077
550 -0.3228581098 0.0001783381 2.073
560 -0.3226881736 0.0001699362 2.069
570 -0.3225175880 0.0001705856 2.066
580 -0.3223459094 0.0001716785 1.940
590 -0.3221761547 0.0001697547 1.916
600 -0.3220034998 0.0001726549 2.023
610 -0.3218418542 0.0001616456 1.914
620 -0.3216784276 0.0001634266 1.921
630 -0.3215047541 0.0001736735 1.925
640 -0.3213380785 0.0001666756 1.926
650 -0.3211746945 0.0001633840 1.929
660 -0.3210082264 0.0001664681 2.130
670 -0.3208486796 0.0001595468 2.067
680 -0.3206916816 0.0001569981 1.924
690 -0.3205338940 0.0001577876 1.954
700 -0.3203847790 0.0001491150 2.077
710 -0.3202298949 0.0001548840 2.067
720 -0.3200702497 0.0001596453 2.056
730 -0.3199177997 0.0001524500 2.065
740 -0.3197707649 0.0001470348 2.060
750 -0.3196299176 0.0001408473 2.057
760 -0.3194776924 0.0001522252 2.052
770 -0.3193280662 0.0001496262 2.056
780 -0.3191709310 0.0001571352 2.098
790 -0.3190196455 0.0001512855 2.058
800 -0.3188753764 0.0001442691 2.058
810 -0.3187231740 0.0001522023 2.068
820 -0.3185804914 0.0001426827 2.067
830 -0.3184201918 0.0001602995 2.033
840 -0.3182791441 0.0001410478 2.026
850 -0.3181280899 0.0001510541 2.027
860 -0.3179717372 0.0001563528 2.019
870 -0.3178180388 0.0001536983 2.020
880 -0.3176688049 0.0001492340 2.034
890 -0.3175207638 0.0001480410 2.035
900 -0.3173717821 0.0001489817 2.077
910 -0.3172204597 0.0001513225 2.028
920 -0.3170682627 0.0001521969 1.951
930 -0.3169246701 0.0001435926 2.013
940 -0.3167768925 0.0001477776 2.034
950 -0.3166340663 0.0001428261 1.874
960 -0.3164994231 0.0001346432 1.923
970 -0.3163662682 0.0001331550 1.920
980 -0.3162395220 0.0001267462 1.864
990 -0.3161081817 0.0001313403 1.874
1000 -0.3159797891 0.0001283926 1.870
1010 -0.3158545138 0.0001252753 1.875
1020 -0.3157322491 0.0001222646 1.948
1030 -0.3156086018 0.0001236473 2.027
1040 -0.3154973431 0.0001112587 2.034
1050 -0.3153700893 0.0001272538 2.031
1060 -0.3152535898 0.0001164995 2.032
1070 -0.3151318092 0.0001217806 2.036
1080 -0.3150147378 0.0001170714 2.031
1090 -0.3148985601 0.0001161777 2.053
1100 -0.3147860281 0.0001125320 2.044
1110 -0.3146657370 0.0001202911 2.044
1120 -0.3145512384 0.0001144986 2.058
1130 -0.3144426148 0.0001086237 2.030
1140 -0.3143274931 0.0001151217 2.015
1150 -0.3142201689 0.0001073241 1.960
1160 -0.3141096241 0.0001105448 1.913
1170 -0.3140001651 0.0001094591 1.913
1180 -0.3138926404 0.0001075247 2.038
1190 -0.3137953843 0.0000972560 2.041
1200 -0.3136801936 0.0001151907 2.035
1210 -0.3135742203 0.0001059733 2.056
1220 -0.3134672569 0.0001069634 2.038
1230 -0.3133696457 0.0000976112 2.020
1240 -0.3132575952 0.0001120504 1.967
1250 -0.3131509409 0.0001066543 1.905
1260 -0.3130460800 0.0001048609 2.036
1270 -0.3129451852 0.0001008948 1.888
1280 -0.3128377509 0.0001074342 1.920
1290 -0.3127353010 0.0001024499 1.869
1300 -0.3126334988 0.0001018023 1.893
1310 -0.3125254377 0.0001080611 2.040
1320 -0.3124169361 0.0001085016 2.032
1330 -0.3123089649 0.0001079713 2.034
1340 -0.3122075082 0.0001014566 2.024
1350 -0.3120998671 0.0001076412 1.924
1360 -0.3119944899 0.0001053772 2.009
1370 -0.3119127107 0.0000817792 2.024
1380 -0.3117910627 0.0001216480 2.005
1390 -0.3116579477 0.0001331149 1.921
1400 -0.3115359166 0.0001220312 1.918
1410 -0.3114115307 0.0001243859 1.912
1420 -0.3112932794 0.0001182512 2.028
1430 -0.3111757535 0.0001175260 1.944
1440 -0.3110511575 0.0001245959 1.949
1450 -0.3109377165 0.0001134411 1.884
1460 -0.3108101248 0.0001275917 1.906
1470 -0.3106863980 0.0001237268 1.998
1480 -0.3105588514 0.0001275466 2.042
1490 -0.3104342121 0.0001246393 2.026
1500 -0.3103099810 0.0001242311 1.999
1510 -0.3101795075 0.0001304735 2.006
1520 -0.3100765610 0.0001029464 2.057
1530 -0.3099279873 0.0001485737 2.034
1540 -0.3097997511 0.0001282362 2.014
1550 -0.3096738919 0.0001258592 2.032
1560 -0.3095476849 0.0001262070 2.019
1570 -0.3094173845 0.0001303004 2.049
1580 -0.3092923235 0.0001250610 2.031
1590 -0.3091669488 0.0001253747 2.028
1600 -0.3090412052 0.0001257436 1.863
1610 -0.3089150534 0.0001261518 1.991
1620 -0.3087884730 0.0001265804 1.861
1630 -0.3086614651 0.0001270079 1.852
1640 -0.3085340562 0.0001274090 1.943
1650 -0.3084063014 0.0001277548 1.909
1660 -0.3082782888 0.0001280125 1.870
1670 -0.3081501432 0.0001281457 2.023
1680 -0.3080220290 0.0001281141 2.258
1690 -0.3078941535 0.0001278755 2.064
1700 -0.3077667675 0.0001273860 2.052
1710 -0.3076401652 0.0001266024 2.035
1720 -0.3075146808 0.0001254844 2.048
1730 -0.3073906835 0.0001239973 2.011
1740 -0.3072685687 0.0001221148 1.889
1750 -0.3071487467 0.0001198219 2.036
1760 -0.3070316298 0.0001171170 2.003
1770 -0.3069176167 0.0001140131 1.909
1780 -0.3068070782 0.0001105385 1.935
1790 -0.3067003427 0.0001067355 1.937
1800 -0.3065976849 0.0001026578 1.941
1810 -0.3064993171 0.0000983678 1.955
1820 -0.3064053849 0.0000939322 1.945
1830 -0.3063159666 0.0000894183 1.931
1840 -0.3062310762 0.0000848904 1.907
1850 -0.3061506696 0.0000804066 1.958
1860 -0.3060746524 0.0000760172 1.882
1870 -0.3060028892 0.0000717632 1.972
1880 -0.3059352129 0.0000676763 2.124
1890 -0.3058714336 0.0000637793 2.065
1900 -0.3058113470 0.0000600867 2.060
1910 -0.3057547409 0.0000566061 2.019
1920 -0.3057014015 0.0000533394 2.045
1930 -0.3056511175 0.0000502840 2.032
1940 -0.3056036837 0.0000474338 2.027
1950 -0.3055589033 0.0000447804 2.020
1960 -0.3055165896 0.0000423137 2.030
1970 -0.3054765667 0.0000400229 1.890
1980 -0.3054386702 0.0000378965 1.917
1990 -0.3054027472 0.0000359230 1.930
2000 -0.3053686559 0.0000340914 2.225
2010 -0.3053362651 0.0000323907 2.051
2020 -0.3053054542 0.0000308109 1.875
2030 -0.3052761119 0.0000293423 1.859
2040 -0.3052481360 0.0000279759 1.873
2050 -0.3052214325 0.0000267035 2.028
2060 -0.3051959152 0.0000255173 2.002
2070 -0.3051715047 0.0000244105 1.973
2080 -0.3051481282 0.0000233765 1.840
2090 -0.3051257187 0.0000224095 1.839
2100 -0.3051042146 0.0000215041 1.845
2110 -0.3050835593 0.0000206553 1.842
2120 -0.3050637005 0.0000198588 1.874
2130 -0.3050445900 0.0000191105 1.872
2140 -0.3050261833 0.0000184067 1.859
2150 -0.3050084394 0.0000177439 1.943
2160 -0.3049913204 0.0000171191 2.034
2170 -0.3049747909 0.0000165295 2.199
2180 -0.3049588185 0.0000159724 2.143
2190 -0.3049433728 0.0000154457 2.009
2200 -0.3049284257 0.0000149471 1.994
2210 -0.3049139511 0.0000144746 1.992
2220 -0.3048999247 0.0000140264 1.989
2230 -0.3048863238 0.0000136010 1.982
2240 -0.3048731271 0.0000131967 1.991
2250 -0.3048603150 0.0000128121 1.996
2260 -0.3048478688 0.0000124461 1.899
2270 -0.3048357714 0.0000120974 1.898
2280 -0.3048240065 0.0000117649 2.001
2290 -0.3048125589 0.0000114476 2.010
2300 -0.3048014143 0.0000111446 1.916
2310 -0.3047905592 0.0000108550 2.014
2320 -0.3047799811 0.0000105781 1.843
2330 -0.3047696681 0.0000103130 1.877
2340 -0.3047596090 0.0000100592 1.933
2350 -0.3047497931 0.0000098158 1.890
2360 -0.3047402106 0.0000095825 1.860
2370 -0.3047308520 0.0000093586 1.838
2380 -0.3047217084 0.0000091436 1.838
2390 -0.3047127713 0.0000089370 1.846
2400 -0.3047040328 0.0000087385 1.861
2410 -0.3046954854 0.0000085475 1.860
2420 -0.3046871218 0.0000083636 1.868
2430 -0.3046789352 0.0000081866 1.882
2440 -0.3046709191 0.0000080161 1.917
2450 -0.3046630674 0.0000078517 1.912
2460 -0.3046553743 0.0000076931 1.919
2470 -0.3046478341 0.0000075402 1.920
2480 -0.3046404416 0.0000073925 1.851
2490 -0.3046331917 0.0000072499 2.070
2500 -0.3046260795 0.0000071121 2.024
2510 -0.3046191005 0.0000069790 2.010
2520 -0.3046122503 0.0000068502 2.011
2530 -0.3046055247 0.0000067256 2.003
2540 -0.3045989197 0.0000066051 2.004
2550 -0.3045924313 0.0000064883 2.026
2560 -0.3045860560 0.0000063753 2.020
2570 -0.3045797902 0.0000062658 2.004
2580 -0.3045736306 0.0000061596 1.999
2590 -0.3045675739 0.0000060567 1.997
2600 -0.3045616170 0.0000059569 1.986
2610 -0.3045557570 0.0000058600 1.978
2620 -0.3045499909 0.0000057661 1.907
2630 -0.3045443161 0.0000056748 1.879
2640 -0.3045387299 0.0000055862 1.888
2650 -0.3045332298 0.0000055001 1.889
2660 -0.3045278133 0.0000054165 1.888
2670 -0.3045224781 0.0000053352 1.895
2680 -0.3045172220 0.0000052562 1.889
2690 -0.3045120427 0.0000051793 1.826
2700 -0.3045069382 0.0000051045 1.834
2710 -0.3045019064 0.0000050318 1.840
2720 -0.3044969454 0.0000049610 1.867
2730 -0.3044920534 0.0000048920 1.904
2740 -0.3044872285 0.0000048249 1.907
2750 -0.3044824689 0.0000047596 1.906
2760 -0.3044777730 0.0000046959 1.906
2770 -0.3044731392 0.0000046338 1.906
2780 -0.3044685658 0.0000045734 1.906
2790 -0.3044640514 0.0000045144 1.904
2800 -0.3044595944 0.0000044570 1.946
2810 -0.3044551935 0.0000044009 1.968
2820 -0.3044508473 0.0000043463 2.013
2830 -0.3044465543 0.0000042929 2.011
2840 -0.3044423134 0.0000042409 2.010
2850 -0.3044381233 0.0000041901 2.005
2860 -0.3044339828 0.0000041405 2.003
2870 -0.3044298906 0.0000040922 1.971
2880 -0.3044258457 0.0000040449 1.998
2890 -0.3044218470 0.0000039988 1.992
2900 -0.3044178933 0.0000039537 2.003
2910 -0.3044139836 0.0000039097 1.993
2920 -0.3044101170 0.0000038666 2.030
2930 -0.3044062924 0.0000038246 1.838
2940 -0.3044025089 0.0000037835 1.831
2950 -0.3043987655 0.0000037434 1.852
2960 -0.3043950614 0.0000037041 1.831
2970 -0.3043913957 0.0000036657 1.824
2980 -0.3043877675 0.0000036282 1.889
2990 -0.3043841761 0.0000035915 1.899
3000 -0.3043806205 0.0000035556 1.900
3010 -0.3043771001 0.0000035204 1.912
3020 -0.3043736140 0.0000034861 1.896
3030 -0.3043701616 0.0000034524 1.885
3040 -0.3043667421 0.0000034195 1.853
3050 -0.3043633548 0.0000033873 1.862
3060 -0.3043599990 0.0000033558 1.899
3070 -0.3043566740 0.0000033249 1.928
3080 -0.3043533793 0.0000032947 1.907
3090 -0.3043501142 0.0000032651 1.907
3100 -0.3043468781 0.0000032361 1.908
3110 -0.3043436703 0.0000032078 1.954
3120 -0.3043404903 0.0000031800 2.006
3130 -0.3043373376 0.0000031528 1.998
3140 -0.3043342115 0.0000031261 1.995
3150 -0.3043311115 0.0000031000 2.037
3160 -0.3043280372 0.0000030743 2.014
3170 -0.3043249879 0.0000030493 1.992
3180 -0.3043219633 0.0000030247 1.991
3190 -0.3043189627 0.0000030006 1.989
3200 -0.3043159858 0.0000029769 1.981
3210 -0.3043130320 0.0000029538 1.991
3220 -0.3043101010 0.0000029310 2.136
3230 -0.3043071922 0.0000029088 1.979
3240 -0.3043043053 0.0000028869 1.950
3250 -0.3043014398 0.0000028655 1.846
3260 -0.3042985953 0.0000028445 1.824
3270 -0.3042957715 0.0000028239 1.831
3280 -0.3042929678 0.0000028036 1.840
3290 -0.3042901840 0.0000027838 1.845
3300 -0.3042874197 0.0000027643 1.846
3310 -0.3042846745 0.0000027452 1.914
3320 -0.3042819481 0.0000027264 1.841
3330 -0.3042792400 0.0000027080 1.834
3340 -0.3042765501 0.0000026899 1.954
3350 -0.3042738779 0.0000026722 1.960
3360 -0.3042712232 0.0000026547 1.869
3370 -0.3042685856 0.0000026376 1.961
3380 -0.3042659649 0.0000026207 1.853
3390 -0.3042633607 0.0000026042 1.902
3400 -0.3042607727 0.0000025879 1.906
3410 -0.3042582008 0.0000025720 1.878
3420 -0.3042556445 0.0000025563 1.878
3430 -0.3042531037 0.0000025408 1.897
3440 -0.3042505781 0.0000025256 1.896
3450 -0.3042480674 0.0000025107 1.944
3460 -0.3042455714 0.0000024960 2.021
3470 -0.3042430899 0.0000024815 2.017
3480 -0.3042406227 0.0000024673 2.008
3490 -0.3042381694 0.0000024532 2.013
3500 -0.3042357300 0.0000024394 2.013
3510 -0.3042333042 0.0000024258 2.020
3520 -0.3042308918 0.0000024124 2.012
3530 -0.3042284926 0.0000023992 1.990
3540 -0.3042261064 0.0000023862 1.982
3550 -0.3042237330 0.0000023733 1.997
3560 -0.3042213724 0.0000023607 2.005
3570 -0.3042190242 0.0000023482 1.889
3580 -0.3042166883 0.0000023358 1.866
3590 -0.3042143647 0.0000023237 1.843
3600 -0.3042120531 0.0000023116 1.837
3610 -0.3042097534 0.0000022997 1.889
3620 -0.3042074654 0.0000022880 1.853
3630 -0.3042051890 0.0000022763 1.875
3640 -0.3042029242 0.0000022649 1.856
3650 -0.3042006707 0.0000022535 1.947
3660 -0.3041984285 0.0000022422 1.937
3670 -0.3041961975 0.0000022311 1.850
3680 -0.3041939775 0.0000022200 1.856
3690 -0.3041917684 0.0000022090 1.986
3700 -0.3041895703 0.0000021982 1.973
3710 -0.3041873829 0.0000021874 1.866
3720 -0.3041852062 0.0000021767 1.991
3730 -0.3041830401 0.0000021661 2.262
3740 -0.3041808846 0.0000021555 2.015
3750 -0.3041787396 0.0000021450 1.958
3760 -0.3041766050 0.0000021346 1.870
3770 -0.3041744808 0.0000021242 1.886
3780 -0.3041723669 0.0000021139 1.898
3790 -0.3041702633 0.0000021036 1.908
3800 -0.3041681700 0.0000020933 1.875
3810 -0.3041660868 0.0000020831 1.885
3820 -0.3041640139 0.0000020730 2.023
3830 -0.3041619511 0.0000020628 1.995
3840 -0.3041598984 0.0000020527 1.996
3850 -0.3041578559 0.0000020425 2.001
3860 -0.3041558235 0.0000020324 2.021
3870 -0.3041538011 0.0000020223 2.001
3880 -0.3041517889 0.0000020122 2.011
3890 -0.3041497867 0.0000020022 1.961
3900 -0.3041477947 0.0000019921 1.848
3910 -0.3041458127 0.0000019820 1.851
3920 -0.3041438409 0.0000019718 1.883
3930 -0.3041418792 0.0000019617 1.853
3940 -0.3041399276 0.0000019516 1.856
3950 -0.3041379862 0.0000019414 1.880
3960 -0.3041360550 0.0000019312 1.920
3970 -0.3041341340 0.0000019210 1.916
3980 -0.3041322232 0.0000019108 1.878
3990 -0.3041303227 0.0000019005 1.918
4000 -0.3041284325 0.0000018902 1.855
4010 -0.3041265527 0.0000018799 1.888
4020 -0.3041246832 0.0000018695 1.931
4030 -0.3041228241 0.0000018591 1.848
4040 -0.3041209755 0.0000018486 1.910
4050 -0.3041191373 0.0000018381 1.883
4060 -0.3041173097 0.0000018276 1.853
4070 -0.3041154927 0.0000018170 1.872
4080 -0.3041136862 0.0000018064 1.902
4090 -0.3041118905 0.0000017958 1.857
4100 -0.3041101054 0.0000017851 1.918
4110 -0.3041083310 0.0000017743 2.014
4120 -0.3041065675 0.0000017636 2.015
4130 -0.3041048147 0.0000017527 2.022
4140 -0.3041030729 0.0000017419 2.018
4150 -0.3041013419 0.0000017310 2.020
4160 -0.3040996219 0.0000017200 2.017
4170 -0.3040979129 0.0000017090 2.020
4180 -0.3040962149 0.0000016980 2.002
4190 -0.3040945280 0.0000016869 2.003
4200 -0.3040928521 0.0000016759 2.024
4210 -0.3040911874 0.0000016647 2.025
4220 -0.3040895338 0.0000016536 2.011
4230 -0.3040878914 0.0000016424 2.021
4240 -0.3040862602 0.0000016312 1.981
4250 -0.3040846403 0.0000016200 1.837
4260 -0.3040830315 0.0000016087 1.895
4270 -0.3040814341 0.0000015975 1.854
4280 -0.3040798479 0.0000015862 1.843
4290 -0.3040782730 0.0000015749 1.872
4300 -0.3040767094 0.0000015636 1.858
4310 -0.3040751572 0.0000015523 1.847
4320 -0.3040736162 0.0000015410 1.893
4330 -0.3040720865 0.0000015297 1.853
4340 -0.3040705681 0.0000015184 1.875
4350 -0.3040690610 0.0000015071 1.892
4360 -0.3040675651 0.0000014959 1.904
4370 -0.3040660805 0.0000014846 1.860
4380 -0.3040646071 0.0000014734 1.869
4390 -0.3040631450 0.0000014622 1.959
4400 -0.3040616940 0.0000014510 1.877
4410 -0.3040602541 0.0000014398 1.904
4420 -0.3040588254 0.0000014287 2.036
4430 -0.3040574077 0.0000014177 2.029
4440 -0.3040560011 0.0000014066 2.026
4450 -0.3040546054 0.0000013957 2.028
4460 -0.3040532207 0.0000013847 2.048
4470 -0.3040518469 0.0000013738 2.007
4480 -0.3040504838 0.0000013630 2.009
4490 -0.3040491316 0.0000013523 2.004
4500 -0.3040477900 0.0000013416 1.877
4510 -0.3040464590 0.0000013309 1.900
4520 -0.3040451387 0.0000013204 2.005
4530 -0.3040438288 0.0000013099 2.017
4540 -0.3040425293 0.0000012995 2.016
4550 -0.3040412401 0.0000012892 2.012
4560 -0.3040399612 0.0000012789 1.983
4570 -0.3040386925 0.0000012687 1.897
4580 -0.3040374339 0.0000012586 1.916
4590 -0.3040361852 0.0000012486 1.921
4600 -0.3040349465 0.0000012387 1.931
4610 -0.3040337175 0.0000012289 1.903
4620 -0.3040324983 0.0000012192 1.855
4630 -0.3040312887 0.0000012096 1.858
4640 -0.3040300887 0.0000012001 1.864
4650 -0.3040288981 0.0000011906 1.898
4660 -0.3040277168 0.0000011813 1.947
4670 -0.3040265447 0.0000011721 1.937
4680 -0.3040253818 0.0000011629 1.859
4690 -0.3040242279 0.0000011539 1.864
4700 -0.3040230829 0.0000011450 1.900
4710 -0.3040219467 0.0000011362 1.893
4720 -0.3040208193 0.0000011274 2.009
4730 -0.3040197005 0.0000011188 1.995
4740 -0.3040185901 0.0000011103 1.996
4750 -0.3040174882 0.0000011019 2.021
4760 -0.3040163946 0.0000010936 2.015
4770 -0.3040153091 0.0000010854 2.019
4780 -0.3040142318 0.0000010774 2.274
4790 -0.3040131624 0.0000010694 1.998
4800 -0.3040121009 0.0000010615 1.987
4810 -0.3040110472 0.0000010537 1.986
4820 -0.3040100011 0.0000010461 1.943
4830 -0.3040089626 0.0000010385 1.840
4840 -0.3040079316 0.0000010310 1.929
4850 -0.3040069079 0.0000010237 1.911
4860 -0.3040058915 0.0000010164 1.914
4870 -0.3040048823 0.0000010092 1.911
4880 -0.3040038802 0.0000010022 1.871
4890 -0.3040028850 0.0000009952 1.849
Marginal Likelihood = -0.3040028850
Total time = 964.3450 seconds
Total iterations = 4890 
