Marginal likelihood with initialization (1) = -0.5311752376
Marginal likelihood with initialization (2) = -0.5311760423
Marginal likelihood with initialization (3) = -0.5311759411
Marginal likelihood with initialization (4) = -0.5311755359
Marginal likelihood with initialization (5) = -0.5311758516
Iteration Marginal_Likelihood delta_Marginal_Likelihood Iteration_Time (secs)
0 -0.5311752376 -- 0.134
10 -0.5082153185 0.0229599191 0.453
20 -0.4884229594 0.0197923591 0.510
30 -0.4766235119 0.0117994475 0.444
40 -0.4648655406 0.0117579713 0.438
50 -0.4644561314 0.0004094092 0.414
60 -0.4641916226 0.0002645088 0.428
70 -0.4638137098 0.0003779128 0.446
80 -0.4633008385 0.0005128713 0.429
90 -0.4628021780 0.0004986605 0.421
100 -0.4623668300 0.0004353480 0.426
110 -0.4618825842 0.0004842458 0.423
120 -0.4616605004 0.0002220838 0.430
130 -0.4615133115 0.0001471889 0.427
140 -0.4614018696 0.0001114418 0.424
150 -0.4613345026 0.0000673670 0.425
160 -0.4612903729 0.0000441297 0.421
170 -0.4612659691 0.0000244038 0.427
180 -0.4612437104 0.0000222587 0.427
190 -0.4612307018 0.0000130086 0.433
200 -0.4612592312 -0.0000285294 0.431
210 -0.4612139405 0.0000452907 0.424
220 -0.4612087387 0.0000052019 0.426
230 -0.4612086220 0.0000001166 0.423
Marginal Likelihood = -0.4612086220
Total time = 10.0882 seconds
Total iterations = 230 
