Marginal likelihood with initialization (1) = -0.5077590734
Marginal likelihood with initialization (2) = -0.5077600271
Marginal likelihood with initialization (3) = -0.5077593634
Marginal likelihood with initialization (4) = -0.5077596805
Marginal likelihood with initialization (5) = -0.5077577679
Iteration Marginal_Likelihood delta_Marginal_Likelihood Iteration_Time (secs)
0 -0.5077577679 -- 0.318
10 -0.4954524588 0.0123053092 0.651
20 -0.3932120927 0.1022403661 0.579
30 -0.3818985724 0.0113135202 0.529
40 -0.3778790547 0.0040195177 0.492
50 -0.3759087379 0.0019703168 0.524
60 -0.3747493919 0.0011593460 0.525
70 -0.3739826467 0.0007667452 0.506
80 -0.3734350136 0.0005476331 0.511
90 -0.3730209956 0.0004140180 0.510
100 -0.3726957084 0.0003252872 0.494
110 -0.3724328217 0.0002628867 0.498
120 -0.3722146858 0.0002181359 0.495
130 -0.3720314594 0.0001832264 0.502
140 -0.3718753323 0.0001561271 0.489
150 -0.3717411275 0.0001342048 0.491
160 -0.3716249276 0.0001161999 0.673
170 -0.3715228264 0.0001021012 0.493
180 -0.3714333354 0.0000894910 0.491
190 -0.3713541857 0.0000791496 0.543
200 -0.3712837571 0.0000704286 0.507
210 -0.3712207096 0.0000630475 0.504
220 -0.3711640027 0.0000567069 0.486
230 -0.3711124367 0.0000515660 0.488
240 -0.3710655320 0.0000469047 0.481
250 -0.3710228392 0.0000426927 0.480
260 -0.3709840805 0.0000387587 0.480
270 -0.3709488120 0.0000352685 0.485
280 -0.3709158004 0.0000330116 0.484
290 -0.3708856591 0.0000301413 0.487
300 -0.3708577072 0.0000279519 0.484
310 -0.3708317839 0.0000259234 0.492
320 -0.3708076252 0.0000241587 0.481
330 -0.3707850686 0.0000225566 0.484
340 -0.3707639299 0.0000211387 0.481
350 -0.3707441647 0.0000197652 0.502
360 -0.3707254731 0.0000186916 0.479
370 -0.3707079260 0.0000175471 0.484
380 -0.3706913451 0.0000165809 0.487
390 -0.3706756626 0.0000156825 0.483
400 -0.3706608264 0.0000148362 0.477
410 -0.3706467223 0.0000141041 0.480
420 -0.3706333238 0.0000133985 0.477
430 -0.3706205749 0.0000127489 0.481
440 -0.3706084244 0.0000121505 0.479
450 -0.3705968252 0.0000115993 0.478
460 -0.3705857434 0.0000110817 0.483
470 -0.3705751397 0.0000106037 0.477
480 -0.3705649833 0.0000101564 0.480
490 -0.3705552786 0.0000097048 0.476
500 -0.3705459030 0.0000093756 0.480
510 -0.3705369184 0.0000089846 0.477
520 -0.3705282947 0.0000086237 0.491
530 -0.3705199782 0.0000083165 0.497
540 -0.3705119692 0.0000080091 0.520
550 -0.3705042968 0.0000076724 0.514
560 -0.3704968299 0.0000074670 0.503
570 -0.3704896612 0.0000071686 0.498
580 -0.3704827349 0.0000069264 0.597
590 -0.3704759789 0.0000067560 0.496
600 -0.3704694800 0.0000064989 0.643
610 -0.3704631900 0.0000062900 0.498
620 -0.3704570898 0.0000061002 0.496
630 -0.3704511947 0.0000058952 0.513
640 -0.3704454641 0.0000057305 0.491
650 -0.3704399138 0.0000055503 0.509
660 -0.3704345306 0.0000053832 0.502
670 -0.3704292837 0.0000052469 0.513
680 -0.3704241984 0.0000050853 0.571
690 -0.3704192820 0.0000049163 0.612
700 -0.3704144287 0.0000048533 0.854
710 -0.3704097437 0.0000046850 0.604
720 -0.3704052004 0.0000045433 0.533
730 -0.3704007405 0.0000044599 0.500
740 -0.3703964144 0.0000043261 0.538
750 -0.3703921921 0.0000042223 0.517
760 -0.3703880768 0.0000041153 0.491
770 -0.3703840622 0.0000040146 0.479
780 -0.3703801440 0.0000039182 0.487
790 -0.3703763193 0.0000038246 0.502
800 -0.3703725832 0.0000037361 0.499
810 -0.3703689484 0.0000036348 0.495
820 -0.3703653810 0.0000035674 0.491
830 -0.3703618794 0.0000035016 0.488
840 -0.3703584752 0.0000034041 0.489
850 -0.3703551469 0.0000033283 0.490
860 -0.3703518701 0.0000032769 0.489
870 -0.3703486867 0.0000031833 0.500
880 -0.3703455483 0.0000031384 0.502
890 -0.3703424849 0.0000030634 0.500
900 -0.3703394846 0.0000030004 0.492
910 -0.3703365448 0.0000029398 0.496
920 -0.3703336635 0.0000028813 0.499
930 -0.3703308456 0.0000028179 0.490
940 -0.3703280687 0.0000027768 0.494
950 -0.3703253522 0.0000027165 0.492
960 -0.3703226870 0.0000026652 0.489
970 -0.3703200724 0.0000026146 0.478
980 -0.3703175061 0.0000025663 0.474
990 -0.3703149855 0.0000025206 0.477
1000 -0.3703125114 0.0000024741 0.472
1010 -0.3703100817 0.0000024298 0.476
1020 -0.3703076974 0.0000023843 0.472
1030 -0.3703053500 0.0000023474 0.470
1040 -0.3703030458 0.0000023042 0.468
1050 -0.3703007871 0.0000022587 0.469
1060 -0.3702985544 0.0000022328 0.467
1070 -0.3702963653 0.0000021890 0.471
1080 -0.3702942126 0.0000021528 0.467
1090 -0.3702920970 0.0000021156 0.472
1100 -0.3702900123 0.0000020847 0.480
1110 -0.3702879625 0.0000020499 0.518
1120 -0.3702859456 0.0000020169 0.482
1130 -0.3702839605 0.0000019851 0.491
1140 -0.3702820064 0.0000019541 0.483
1150 -0.3702800825 0.0000019239 0.477
1160 -0.3702781881 0.0000018944 0.481
1170 -0.3702763224 0.0000018657 0.484
1180 -0.3702744880 0.0000018343 0.493
1190 -0.3702726742 0.0000018138 0.484
1200 -0.3702708905 0.0000017837 0.483
1210 -0.3702691328 0.0000017577 0.485
1220 -0.3702674005 0.0000017323 0.482
1230 -0.3702656931 0.0000017075 0.481
1240 -0.3702640099 0.0000016832 0.481
1250 -0.3702623504 0.0000016595 0.487
1260 -0.3702607149 0.0000016355 0.486
1270 -0.3702591002 0.0000016147 0.485
1280 -0.3702575085 0.0000015917 0.502
1290 -0.3702559420 0.0000015665 0.493
1300 -0.3702543896 0.0000015524 0.508
1310 -0.3702528614 0.0000015282 0.496
1320 -0.3702513533 0.0000015081 0.511
1330 -0.3702498654 0.0000014879 0.510
1340 -0.3702483962 0.0000014692 0.515
1350 -0.3702469489 0.0000014474 0.532
1360 -0.3702455150 0.0000014339 0.515
1370 -0.3702441020 0.0000014130 0.511
1380 -0.3702427064 0.0000013956 0.476
1390 -0.3702413285 0.0000013780 0.498
1400 -0.3702399676 0.0000013609 0.476
1410 -0.3702386236 0.0000013440 0.468
1420 -0.3702372975 0.0000013261 0.493
1430 -0.3702359840 0.0000013136 0.472
1440 -0.3702346887 0.0000012953 0.470
1450 -0.3702334076 0.0000012811 0.487
1460 -0.3702321421 0.0000012655 0.477
1470 -0.3702308916 0.0000012505 0.472
1480 -0.3702296556 0.0000012360 0.476
1490 -0.3702284340 0.0000012216 0.488
1500 -0.3702272262 0.0000012078 0.503
1510 -0.3702260323 0.0000011939 0.480
1520 -0.3702248518 0.0000011804 0.484
1530 -0.3702236846 0.0000011672 0.489
1540 -0.3702225307 0.0000011540 0.480
1550 -0.3702213900 0.0000011406 0.475
1560 -0.3702202601 0.0000011299 0.473
1570 -0.3702191435 0.0000011166 0.483
1580 -0.3702180390 0.0000011045 0.521
1590 -0.3702169463 0.0000010926 0.543
1600 -0.3702158654 0.0000010810 0.513
1610 -0.3702147959 0.0000010695 0.517
1620 -0.3702137376 0.0000010583 0.508
1630 -0.3702126904 0.0000010472 0.507
1640 -0.3702116541 0.0000010364 0.532
1650 -0.3702106284 0.0000010256 0.490
1660 -0.3702096139 0.0000010146 0.485
1670 -0.3702086095 0.0000010043 0.505
1680 -0.3702076139 0.0000009956 0.507
Marginal Likelihood = -0.3702076139
Total time = 84.3990 seconds
Total iterations = 1680 
