Marginal likelihood with initialization (1) = -0.6780019517
Marginal likelihood with initialization (2) = -0.6780003716
Marginal likelihood with initialization (3) = -0.6780007557
Marginal likelihood with initialization (4) = -0.6780008358
Marginal likelihood with initialization (5) = -0.6780010432
Iteration Marginal_Likelihood delta_Marginal_Likelihood Iteration_Time (secs)
0 -0.6780003716 -- 1.286
10 -0.3624166844 0.3155836872 3.251
20 -0.3131206441 0.0492960404 2.445
30 -0.3115916523 0.0015289918 2.398
40 -0.3114552703 0.0001363819 2.362
50 -0.3113716259 0.0000836445 2.521
60 -0.3112925864 0.0000790395 2.521
70 -0.3112156534 0.0000769330 2.516
80 -0.3111404200 0.0000752334 2.506
90 -0.3110666703 0.0000737498 2.495
100 -0.3109942298 0.0000724404 2.284
110 -0.3109229442 0.0000712857 2.295
120 -0.3108526733 0.0000702708 2.305
130 -0.3107832899 0.0000693834 2.347
140 -0.3107146778 0.0000686122 2.433
150 -0.3106467306 0.0000679471 2.583
160 -0.3105793513 0.0000673793 2.521
170 -0.3105124508 0.0000669005 2.531
180 -0.3104459474 0.0000665034 2.489
190 -0.3103797662 0.0000661811 3.150
200 -0.3103138387 0.0000659275 2.375
210 -0.3102481018 0.0000657369 2.289
220 -0.3101824979 0.0000656039 2.320
230 -0.3101169745 0.0000655234 2.302
240 -0.3100514835 0.0000654910 2.316
250 -0.3099859814 0.0000655021 2.382
260 -0.3099204288 0.0000655526 2.372
270 -0.3098547904 0.0000656384 2.323
280 -0.3097890347 0.0000657557 2.361
290 -0.3097231337 0.0000659010 2.394
300 -0.3096570631 0.0000660706 2.314
310 -0.3095908019 0.0000662612 2.330
320 -0.3095243323 0.0000664695 2.419
330 -0.3094576398 0.0000666925 2.323
340 -0.3093907128 0.0000669271 2.375
350 -0.3093235424 0.0000671704 2.542
360 -0.3092561227 0.0000674197 2.622
370 -0.3091884503 0.0000676724 2.527
380 -0.3091205244 0.0000679259 2.518
390 -0.3090523464 0.0000681780 2.519
400 -0.3089839201 0.0000684263 2.604
410 -0.3089152512 0.0000686689 2.532
420 -0.3088463473 0.0000689038 2.570
430 -0.3087772181 0.0000691292 2.380
440 -0.3087078746 0.0000693435 2.410
450 -0.3086383295 0.0000695451 2.571
460 -0.3085685967 0.0000697328 2.376
470 -0.3084986914 0.0000699053 2.338
480 -0.3084286298 0.0000700616 2.355
490 -0.3083584291 0.0000702007 2.351
500 -0.3082881071 0.0000703220 2.356
510 -0.3082176824 0.0000704247 2.391
520 -0.3081471741 0.0000705083 2.430
530 -0.3080766015 0.0000705726 2.559
540 -0.3080059843 0.0000706171 2.451
550 -0.3079353425 0.0000706418 2.356
560 -0.3078646959 0.0000706466 2.421
570 -0.3077940642 0.0000706316 2.428
580 -0.3077234673 0.0000705969 2.440
590 -0.3076529246 0.0000705427 2.477
600 -0.3075824553 0.0000704693 2.395
610 -0.3075120782 0.0000703771 2.408
620 -0.3074418116 0.0000702666 2.560
630 -0.3073716735 0.0000701381 2.567
640 -0.3073016813 0.0000699923 2.640
650 -0.3072318517 0.0000698296 2.603
660 -0.3071622009 0.0000696508 2.572
670 -0.3070927445 0.0000694564 2.583
680 -0.3070234974 0.0000692471 2.596
690 -0.3069544739 0.0000690235 2.406
700 -0.3068856875 0.0000687864 2.555
710 -0.3068171510 0.0000685364 2.549
720 -0.3067488768 0.0000682743 2.436
730 -0.3066808761 0.0000680006 2.353
740 -0.3066131599 0.0000677162 2.377
750 -0.3065457382 0.0000674217 2.325
760 -0.3064786204 0.0000671178 2.355
770 -0.3064118154 0.0000668050 2.383
780 -0.3063453312 0.0000664842 2.339
790 -0.3062791752 0.0000661559 2.518
800 -0.3062133545 0.0000658208 2.555
810 -0.3061478751 0.0000654794 2.423
820 -0.3060827428 0.0000651323 2.406
830 -0.3060179627 0.0000647801 2.427
840 -0.3059535394 0.0000644233 2.416
850 -0.3058894770 0.0000640625 2.527
860 -0.3058257789 0.0000636981 2.551
870 -0.3057624483 0.0000633306 2.544
880 -0.3056994877 0.0000629605 2.563
890 -0.3056368994 0.0000625883 2.602
900 -0.3055746852 0.0000622142 2.477
910 -0.3055128464 0.0000618388 2.534
920 -0.3054513840 0.0000614624 2.363
930 -0.3053902987 0.0000610853 2.381
940 -0.3053295908 0.0000607079 2.390
950 -0.3052692604 0.0000603305 2.557
960 -0.3052093070 0.0000599534 2.482
970 -0.3051497302 0.0000595768 2.414
980 -0.3050905291 0.0000592011 2.447
990 -0.3050317026 0.0000588265 2.459
1000 -0.3049732495 0.0000584531 2.598
1010 -0.3049151682 0.0000580813 2.620
1020 -0.3048574571 0.0000577112 2.610
1030 -0.3048001141 0.0000573429 2.584
1040 -0.3047431373 0.0000569768 2.592
1050 -0.3046865244 0.0000566129 2.591
1060 -0.3046302731 0.0000562513 2.584
1070 -0.3045743808 0.0000558923 2.579
1080 -0.3045188449 0.0000555359 2.576
1090 -0.3044636627 0.0000551822 2.553
1100 -0.3044088313 0.0000548314 2.431
1110 -0.3043543478 0.0000544835 2.369
1120 -0.3043002092 0.0000541386 2.406
1130 -0.3042464123 0.0000537969 2.370
1140 -0.3041929540 0.0000534583 2.347
1150 -0.3041398311 0.0000531229 2.360
1160 -0.3040870402 0.0000527908 2.381
1170 -0.3040345781 0.0000524621 2.535
1180 -0.3039824414 0.0000521367 2.585
1190 -0.3039306267 0.0000518147 2.574
1200 -0.3038791305 0.0000514962 2.576
1210 -0.3038279494 0.0000511811 2.456
1220 -0.3037770799 0.0000508695 2.402
1230 -0.3037265186 0.0000505614 2.462
1240 -0.3036762618 0.0000502568 2.351
1250 -0.3036263062 0.0000499557 2.492
1260 -0.3035766481 0.0000496581 2.382
1270 -0.3035272841 0.0000493640 2.407
1280 -0.3034782106 0.0000490734 2.601
1290 -0.3034294242 0.0000487864 2.621
1300 -0.3033809214 0.0000485028 2.640
1310 -0.3033326986 0.0000482228 2.586
1320 -0.3032847525 0.0000479462 2.576
1330 -0.3032370794 0.0000476730 2.499
1340 -0.3031896761 0.0000474033 2.525
1350 -0.3031425390 0.0000471371 2.428
1360 -0.3030956648 0.0000468742 2.382
1370 -0.3030490501 0.0000466147 2.411
1380 -0.3030026916 0.0000463585 2.416
1390 -0.3029565859 0.0000461057 3.110
1400 -0.3029107297 0.0000458562 2.512
1410 -0.3028651197 0.0000456100 2.388
1420 -0.3028197527 0.0000453670 2.596
1430 -0.3027746254 0.0000451272 2.603
1440 -0.3027297348 0.0000448907 2.603
1450 -0.3026850775 0.0000446573 2.588
1460 -0.3026406505 0.0000444270 2.581
1470 -0.3025964507 0.0000441998 2.588
1480 -0.3025524750 0.0000439757 2.618
1490 -0.3025087204 0.0000437546 2.597
1500 -0.3024651838 0.0000435366 2.699
1510 -0.3024218624 0.0000433215 2.589
1520 -0.3023787530 0.0000431093 2.500
1530 -0.3023358529 0.0000429001 2.421
1540 -0.3022931592 0.0000426937 2.591
1550 -0.3022506690 0.0000424902 2.394
1560 -0.3022083795 0.0000422895 2.582
1570 -0.3021662879 0.0000420916 2.539
1580 -0.3021243915 0.0000418964 2.409
1590 -0.3020826875 0.0000417040 2.353
1600 -0.3020411733 0.0000415142 2.499
1610 -0.3019998463 0.0000413271 2.363
1620 -0.3019587037 0.0000411426 2.348
1630 -0.3019177430 0.0000409607 2.379
1640 -0.3018769616 0.0000407813 2.424
1650 -0.3018363571 0.0000406045 2.507
1660 -0.3017959269 0.0000404302 2.571
1670 -0.3017556685 0.0000402584 2.568
1680 -0.3017155795 0.0000400890 2.561
1690 -0.3016756575 0.0000399220 2.547
1700 -0.3016359001 0.0000397574 2.539
1710 -0.3015963050 0.0000395951 2.542
1720 -0.3015568697 0.0000394352 2.544
1730 -0.3015175922 0.0000392776 2.570
1740 -0.3014784699 0.0000391222 2.562
1750 -0.3014395008 0.0000389691 2.575
1760 -0.3014006825 0.0000388183 2.579
1770 -0.3013620129 0.0000386696 2.571
1780 -0.3013234899 0.0000385230 2.374
1790 -0.3012851112 0.0000383787 2.392
1800 -0.3012468748 0.0000382364 2.337
1810 -0.3012087785 0.0000380963 2.337
1820 -0.3011708203 0.0000379582 2.366
1830 -0.3011329982 0.0000378222 2.345
1840 -0.3010953100 0.0000376882 2.454
1850 -0.3010577538 0.0000375562 2.552
1860 -0.3010203275 0.0000374262 2.391
1870 -0.3009830293 0.0000372982 2.528
1880 -0.3009458571 0.0000371722 2.569
1890 -0.3009088090 0.0000370481 2.542
1900 -0.3008718831 0.0000369259 2.531
1910 -0.3008350774 0.0000368057 2.535
1920 -0.3007983901 0.0000366873 2.539
1930 -0.3007618192 0.0000365709 2.546
1940 -0.3007253628 0.0000364563 2.561
1950 -0.3006890191 0.0000363437 2.338
1960 -0.3006527863 0.0000362329 2.344
1970 -0.3006166623 0.0000361240 2.494
1980 -0.3005806454 0.0000360169 2.551
1990 -0.3005447336 0.0000359118 2.370
2000 -0.3005089259 0.0000358077 2.348
2010 -0.3004732179 0.0000357079 2.543
2020 -0.3004376100 0.0000356080 2.617
2030 -0.3004020993 0.0000355107 2.484
2040 -0.3003666839 0.0000354154 2.371
2050 -0.3003313618 0.0000353222 2.556
2060 -0.3002961311 0.0000352306 2.566
2070 -0.3002609910 0.0000351401 2.573
2080 -0.3002259363 0.0000350547 2.487
2090 -0.3001909618 0.0000349745 2.390
2100 -0.3001560686 0.0000348932 2.451
2110 -0.3001274699 0.0000285987 2.403
2120 -0.3000866556 0.0000408144 2.412
2130 -0.3000518295 0.0000348261 2.418
2140 -0.3000172005 0.0000346290 2.367
2150 -0.2999870018 0.0000301987 2.342
2160 -0.2999519814 0.0000350204 2.629
2170 -0.2999167449 0.0000352365 2.384
2180 -0.2998715276 0.0000452172 2.369
2190 -0.2998369823 0.0000345454 2.507
2200 -0.2998026291 0.0000343532 2.589
2210 -0.2997684657 0.0000341634 2.591
2220 -0.2997344893 0.0000339764 2.546
2230 -0.2997006971 0.0000337923 2.539
2240 -0.2996670860 0.0000336111 2.553
2250 -0.2996336532 0.0000334328 2.563
2260 -0.2996003959 0.0000332573 2.550
2270 -0.2995673113 0.0000330847 2.623
2280 -0.2995343965 0.0000329147 2.537
2290 -0.2995016490 0.0000327475 2.552
2300 -0.2994690660 0.0000325830 2.561
2310 -0.2994366451 0.0000324210 2.552
2320 -0.2994043835 0.0000322615 2.452
2330 -0.2993722789 0.0000321046 2.379
2340 -0.2993403288 0.0000319501 2.578
2350 -0.2993085307 0.0000317981 2.580
2360 -0.2992768824 0.0000316483 2.558
2370 -0.2992453814 0.0000315010 2.515
2380 -0.2992140256 0.0000313559 2.324
2390 -0.2991828125 0.0000312130 2.432
2400 -0.2991517402 0.0000310724 2.356
2410 -0.2991208063 0.0000309339 2.342
2420 -0.2990900088 0.0000307975 2.347
2430 -0.2990593455 0.0000306633 2.346
2440 -0.2990288144 0.0000305311 2.347
2450 -0.2989984135 0.0000304009 2.420
2460 -0.2989681408 0.0000302727 2.592
2470 -0.2989379944 0.0000301465 2.414
2480 -0.2989079722 0.0000300222 2.517
2490 -0.2988780725 0.0000298997 2.403
2500 -0.2988482933 0.0000297792 2.533
2510 -0.2988186328 0.0000296605 2.544
2520 -0.2987890893 0.0000295435 2.535
2530 -0.2987596609 0.0000294284 2.535
2540 -0.2987303459 0.0000293150 2.552
2550 -0.2987011426 0.0000292033 2.572
2560 -0.2986720492 0.0000290933 2.573
2570 -0.2986430642 0.0000289850 4.022
2580 -0.2986141859 0.0000288784 2.408
2590 -0.2985854126 0.0000287733 2.403
2600 -0.2985567427 0.0000286698 2.407
2610 -0.2985281748 0.0000285679 2.386
2620 -0.2984997072 0.0000284676 2.369
2630 -0.2984713384 0.0000283688 2.398
2640 -0.2984430670 0.0000282715 2.566
2650 -0.2984148914 0.0000281756 2.561
2660 -0.2983868101 0.0000280812 2.552
2670 -0.2983588218 0.0000279883 2.555
2680 -0.2983309251 0.0000278968 2.572
2690 -0.2983031184 0.0000278066 2.633
2700 -0.2982754005 0.0000277179 2.541
2710 -0.2982477700 0.0000276305 2.544
2720 -0.2982202255 0.0000275445 2.534
2730 -0.2981927657 0.0000274598 2.415
2740 -0.2981653893 0.0000273764 2.313
2750 -0.2981380951 0.0000272943 2.318
2760 -0.2981108817 0.0000272134 2.335
2770 -0.2980837478 0.0000271338 2.360
2780 -0.2980566923 0.0000270555 2.317
2790 -0.2980297139 0.0000269784 2.515
2800 -0.2980028115 0.0000269025 2.556
2810 -0.2979759837 0.0000268278 2.627
2820 -0.2979492295 0.0000267542 2.532
2830 -0.2979225476 0.0000266819 2.435
2840 -0.2978959369 0.0000266107 2.387
2850 -0.2978693963 0.0000265406 2.416
2860 -0.2978429246 0.0000264717 2.327
2870 -0.2978165208 0.0000264038 2.386
2880 -0.2977901836 0.0000263371 2.383
2890 -0.2977639121 0.0000262715 2.416
2900 -0.2977377052 0.0000262069 2.398
2910 -0.2977115618 0.0000261434 2.409
2920 -0.2976854808 0.0000260810 2.499
2930 -0.2976594612 0.0000260196 2.537
2940 -0.2976335019 0.0000259592 2.522
2950 -0.2976076020 0.0000258999 2.537
2960 -0.2975817605 0.0000258416 2.528
2970 -0.2975559762 0.0000257842 2.531
2980 -0.2975302483 0.0000257279 2.517
2990 -0.2975045758 0.0000256725 2.545
3000 -0.2974789576 0.0000256182 2.543
3010 -0.2974533929 0.0000255647 2.544
3020 -0.2974278806 0.0000255123 2.520
3030 -0.2974024198 0.0000254608 2.497
3040 -0.2973770096 0.0000254102 2.373
3050 -0.2973516490 0.0000253606 2.403
3060 -0.2973263372 0.0000253118 2.379
3070 -0.2973010731 0.0000252640 2.465
3080 -0.2972758560 0.0000252172 2.557
3090 -0.2972506848 0.0000251712 2.561
3100 -0.2972255587 0.0000251261 2.530
3110 -0.2972004768 0.0000250819 2.460
3120 -0.2971754382 0.0000250386 2.370
3130 -0.2971504420 0.0000249962 2.398
3140 -0.2971254874 0.0000249546 2.394
3150 -0.2971005734 0.0000249140 2.345
3160 -0.2970756992 0.0000248742 2.338
3170 -0.2970508639 0.0000248353 2.405
3180 -0.2970260667 0.0000247972 2.383
3190 -0.2970013067 0.0000247600 2.312
3200 -0.2969765830 0.0000247237 2.330
3210 -0.2969518948 0.0000246882 2.339
3220 -0.2969272413 0.0000246535 2.439
3230 -0.2969026218 0.0000246195 2.537
3240 -0.2968780351 0.0000245867 2.513
3250 -0.2968534803 0.0000245548 2.513
3260 -0.2968289565 0.0000245238 2.526
3270 -0.2968044630 0.0000244936 2.554
3280 -0.2967799991 0.0000244639 2.554
3290 -0.2967555634 0.0000244356 2.580
3300 -0.2967311554 0.0000244080 2.556
3310 -0.2967068562 0.0000242993 2.555
3320 -0.2966824200 0.0000244361 2.534
3330 -0.2966613311 0.0000210889 2.552
3340 -0.2966337820 0.0000275491 2.571
3350 -0.2966094978 0.0000242842 2.502
3360 -0.2965852357 0.0000242622 2.677
3370 -0.2965609931 0.0000242425 2.418
3380 -0.2965367722 0.0000242209 2.297
3390 -0.2965125704 0.0000242018 2.316
3400 -0.2964883829 0.0000241875 2.305
3410 -0.2964642180 0.0000241648 2.321
3420 -0.2964400673 0.0000241507 2.417
3430 -0.2964159230 0.0000241443 2.317
3440 -0.2963917860 0.0000241369 2.390
3450 -0.2963681226 0.0000236634 2.328
3460 -0.2963435263 0.0000245964 2.403
3470 -0.2963193178 0.0000242085 2.478
3480 -0.2962951172 0.0000242006 2.505
3490 -0.2962708695 0.0000242477 2.522
3500 -0.2962474664 0.0000234031 2.565
3510 -0.2962149930 0.0000324735 2.515
3520 -0.2961907770 0.0000242160 2.507
3530 -0.2961666178 0.0000241591 2.506
3540 -0.2961425151 0.0000241028 2.554
3550 -0.2961184679 0.0000240472 2.519
3560 -0.2960944755 0.0000239924 2.505
3570 -0.2960705370 0.0000239385 2.495
3580 -0.2960466515 0.0000238854 2.392
3590 -0.2960228183 0.0000238333 2.306
3600 -0.2959990363 0.0000237820 2.338
3610 -0.2959753048 0.0000237315 2.496
3620 -0.2959516229 0.0000236819 2.517
3630 -0.2959279897 0.0000236332 2.498
3640 -0.2959044043 0.0000235853 2.497
3650 -0.2958808661 0.0000235383 2.494
3660 -0.2958573740 0.0000234921 2.368
3670 -0.2958339274 0.0000234467 2.371
3680 -0.2958105253 0.0000234021 2.381
3690 -0.2957871670 0.0000233583 2.417
3700 -0.2957638517 0.0000233153 2.399
3710 -0.2957405786 0.0000232731 2.391
3720 -0.2957173468 0.0000232317 2.513
3730 -0.2956941557 0.0000231911 2.404
3740 -0.2956710044 0.0000231513 2.395
3750 -0.2956478921 0.0000231122 2.315
3760 -0.2956248182 0.0000230739 2.313
3770 -0.2956017818 0.0000230364 2.522
3780 -0.2955787822 0.0000229996 2.493
3790 -0.2955558186 0.0000229636 2.536
3800 -0.2955328904 0.0000229283 2.512
3810 -0.2955099966 0.0000228937 2.501
3820 -0.2954871367 0.0000228599 2.506
3830 -0.2954643099 0.0000228268 2.519
3840 -0.2954415155 0.0000227945 2.511
3850 -0.2954187527 0.0000227628 2.658
3860 -0.2953960208 0.0000227319 2.605
3870 -0.2953733191 0.0000227017 2.504
3880 -0.2953506470 0.0000226722 2.468
3890 -0.2953280036 0.0000226434 2.329
3900 -0.2953053883 0.0000226153 2.359
3910 -0.2952828005 0.0000225879 2.360
3920 -0.2952602393 0.0000225612 2.381
3930 -0.2952377041 0.0000225352 2.328
3940 -0.2952151943 0.0000225098 2.307
3950 -0.2951927091 0.0000224852 2.422
3960 -0.2951702478 0.0000224613 2.387
3970 -0.2951478099 0.0000224380 2.452
3980 -0.2951253944 0.0000224154 2.602
3990 -0.2951030009 0.0000223935 2.622
4000 -0.2950806287 0.0000223723 2.591
4010 -0.2950582770 0.0000223517 2.541
4020 -0.2950359451 0.0000223318 2.536
4030 -0.2950136325 0.0000223126 2.393
4040 -0.2949913384 0.0000222941 2.522
4050 -0.2949690622 0.0000222762 2.533
4060 -0.2949468032 0.0000222590 2.498
4070 -0.2949245607 0.0000222425 2.381
4080 -0.2949023341 0.0000222266 2.340
4090 -0.2948801227 0.0000222114 2.320
4100 -0.2948579258 0.0000221969 2.374
4110 -0.2948357427 0.0000221830 2.348
4120 -0.2948135729 0.0000221699 2.377
4130 -0.2947914156 0.0000221573 2.437
4140 -0.2947692701 0.0000221455 2.504
4150 -0.2947471357 0.0000221343 2.500
4160 -0.2947250120 0.0000221237 2.523
4170 -0.2947028980 0.0000221140 2.498
4180 -0.2946807931 0.0000221049 2.497
4190 -0.2946587040 0.0000220890 2.504
4200 -0.2946366079 0.0000220961 2.331
4210 -0.2946145262 0.0000220817 2.308
4220 -0.2945924508 0.0000220754 2.411
4230 -0.2945703811 0.0000220697 2.500
4240 -0.2945483165 0.0000220647 2.503
4250 -0.2945262564 0.0000220601 2.398
4260 -0.2945041994 0.0000220569 2.304
4270 -0.2944821450 0.0000220544 2.316
4280 -0.2944600926 0.0000220525 2.308
4290 -0.2944380414 0.0000220511 2.492
4300 -0.2944159923 0.0000220491 2.513
4310 -0.2943939435 0.0000220488 2.504
4320 -0.2943718912 0.0000220523 2.501
4330 -0.2943498364 0.0000220548 2.486
4340 -0.2943277786 0.0000220578 2.493
4350 -0.2943057167 0.0000220618 2.437
4360 -0.2942836681 0.0000220487 2.331
4370 -0.2942615777 0.0000220903 2.338
4380 -0.2942394973 0.0000220804 2.452
4390 -0.2942174090 0.0000220883 2.503
4400 -0.2941953137 0.0000220953 2.505
4410 -0.2941732029 0.0000221108 2.355
4420 -0.2941510782 0.0000221246 2.368
4430 -0.2941289456 0.0000221326 2.298
4440 -0.2941067911 0.0000221545 2.328
4450 -0.2940846250 0.0000221661 2.315
4460 -0.2940624333 0.0000221917 2.330
4470 -0.2941033857 -0.0000409524 2.471
4480 -0.2940178188 0.0000855669 2.544
4490 -0.2939953244 0.0000224944 2.537
4500 -0.2939718928 0.0000234316 2.493
4510 -0.2939430611 0.0000288317 2.491
4520 -0.2939206392 0.0000224219 2.577
4530 -0.2938982390 0.0000224002 2.510
4540 -0.2938758601 0.0000223789 2.520
4550 -0.2938535019 0.0000223582 2.465
4560 -0.2938311640 0.0000223380 2.399
4570 -0.2938088456 0.0000223184 2.314
4580 -0.2937865462 0.0000222994 2.305
4590 -0.2937642652 0.0000222810 2.509
4600 -0.2937420019 0.0000222633 2.827
4610 -0.2937197558 0.0000222462 2.458
4620 -0.2936975261 0.0000222297 2.389
4630 -0.2936753123 0.0000222138 2.452
4640 -0.2936531137 0.0000221986 2.480
4650 -0.2936309297 0.0000221840 2.507
4660 -0.2936087597 0.0000221700 2.495
4670 -0.2935866031 0.0000221566 2.529
4680 -0.2935644593 0.0000221439 2.523
4690 -0.2935423276 0.0000221317 2.492
4700 -0.2935202074 0.0000221202 2.500
4710 -0.2934980981 0.0000221093 2.498
4720 -0.2934759991 0.0000220990 2.411
4730 -0.2934539098 0.0000220893 2.347
4740 -0.2934318296 0.0000220802 2.300
4750 -0.2934097579 0.0000220717 2.341
4760 -0.2933876941 0.0000220638 2.563
4770 -0.2933656375 0.0000220566 2.392
4780 -0.2933435876 0.0000220499 2.443
4790 -0.2933215437 0.0000220439 2.517
4800 -0.2932995053 0.0000220384 2.382
4810 -0.2932774717 0.0000220336 2.467
4820 -0.2932554424 0.0000220293 2.309
4830 -0.2932334167 0.0000220257 2.345
4840 -0.2932113941 0.0000220226 2.378
4850 -0.2931893739 0.0000220202 2.392
4860 -0.2931673555 0.0000220184 2.351
4870 -0.2931453384 0.0000220171 2.348
4880 -0.2931233219 0.0000220165 2.428
4890 -0.2931013054 0.0000220165 2.557
4900 -0.2930792884 0.0000220170 2.532
4910 -0.2930572701 0.0000220182 2.524
4920 -0.2930352501 0.0000220200 2.511
4930 -0.2930132278 0.0000220224 2.510
4940 -0.2929912024 0.0000220254 2.502
4950 -0.2929691734 0.0000220290 2.509
4960 -0.2929471402 0.0000220332 2.507
4970 -0.2929251023 0.0000220380 2.502
4980 -0.2929030589 0.0000220434 2.502
4990 -0.2928810095 0.0000220494 2.392
5000 -0.2928589534 0.0000220561 2.423
5010 -0.2928368901 0.0000220633 2.377
5020 -0.2928148189 0.0000220712 2.361
5030 -0.2927927393 0.0000220797 2.344
5040 -0.2927706505 0.0000220888 2.298
5050 -0.2927485520 0.0000220985 2.333
5060 -0.2927264432 0.0000221088 2.384
5070 -0.2927043234 0.0000221198 2.390
5080 -0.2926821921 0.0000221314 2.686
5090 -0.2926600485 0.0000221436 2.590
5100 -0.2926378921 0.0000221564 2.517
5110 -0.2926157222 0.0000221699 2.527
5120 -0.2925935382 0.0000221840 2.528
5130 -0.2925713395 0.0000221987 2.517
5140 -0.2925491253 0.0000222141 2.524
5150 -0.2925268952 0.0000222302 2.515
5160 -0.2925046484 0.0000222468 2.482
5170 -0.2924823842 0.0000222642 2.311
5180 -0.2924601021 0.0000222821 2.297
5190 -0.2924378013 0.0000223008 2.470
5200 -0.2924154813 0.0000223200 2.420
5210 -0.2923931413 0.0000223400 2.315
5220 -0.2923707807 0.0000223606 2.317
5230 -0.2923483988 0.0000223819 2.301
5240 -0.2923259950 0.0000224038 2.389
5250 -0.2923035685 0.0000224265 2.512
5260 -0.2922811187 0.0000224498 2.336
5270 -0.2922586449 0.0000224738 2.318
5280 -0.2922361464 0.0000224985 2.313
5290 -0.2922136226 0.0000225239 2.434
5300 -0.2921910726 0.0000225499 2.539
5310 -0.2921684959 0.0000225767 2.526
5320 -0.2921458917 0.0000226042 2.528
5330 -0.2921232592 0.0000226324 2.527
5340 -0.2921005979 0.0000226614 2.531
5350 -0.2920779069 0.0000226910 2.459
5360 -0.2920551855 0.0000227214 2.367
5370 -0.2920324330 0.0000227525 2.406
5380 -0.2920096486 0.0000227844 2.512
5390 -0.2919868316 0.0000228170 2.517
5400 -0.2919639813 0.0000228503 2.508
5410 -0.2919410968 0.0000228845 2.416
5420 -0.2919181775 0.0000229193 2.435
5430 -0.2918952225 0.0000229550 2.324
5440 -0.2918722310 0.0000229914 2.462
5450 -0.2918492024 0.0000230287 2.404
5460 -0.2918261357 0.0000230667 2.386
5470 -0.2918030302 0.0000231055 2.374
5480 -0.2917798851 0.0000231451 2.330
5490 -0.2917566996 0.0000231855 2.302
5500 -0.2917334728 0.0000232268 2.514
5510 -0.2917102038 0.0000232689 2.505
5520 -0.2916868920 0.0000233118 2.504
5530 -0.2916635364 0.0000233556 2.502
5540 -0.2916401361 0.0000234003 2.501
5550 -0.2916166904 0.0000234458 2.493
5560 -0.2915931982 0.0000234921 2.486
5570 -0.2915696588 0.0000235394 2.502
5580 -0.2915460712 0.0000235876 2.489
5590 -0.2915224346 0.0000236366 2.487
5600 -0.2914987480 0.0000236866 2.297
5610 -0.2914750105 0.0000237375 2.329
5620 -0.2914512212 0.0000237893 2.515
5630 -0.2914273791 0.0000238421 2.310
5640 -0.2914034832 0.0000238958 2.463
5650 -0.2913795327 0.0000239505 2.499
5660 -0.2913555265 0.0000240062 2.315
5670 -0.2913314636 0.0000240629 2.365
5680 -0.2913073431 0.0000241205 2.420
5690 -0.2912831639 0.0000241792 2.522
5700 -0.2912589249 0.0000242389 2.518
5710 -0.2912346252 0.0000242997 2.532
5720 -0.2912102638 0.0000243615 2.486
5730 -0.2911858394 0.0000244243 2.311
5740 -0.2911613511 0.0000244883 2.314
5750 -0.2911367978 0.0000245533 2.544
5760 -0.2911121783 0.0000246195 2.526
5770 -0.2910874916 0.0000246868 2.335
5780 -0.2910627364 0.0000247552 2.371
5790 -0.2910379117 0.0000248247 2.348
5800 -0.2910130162 0.0000248955 2.378
5810 -0.2909880488 0.0000249674 2.376
5820 -0.2909630083 0.0000250405 2.313
5830 -0.2909378935 0.0000251149 2.493
5840 -0.2909127030 0.0000251904 2.312
5850 -0.2908874357 0.0000252673 2.438
5860 -0.2908620903 0.0000253454 2.345
5870 -0.2908366655 0.0000254248 2.502
5880 -0.2908111600 0.0000255055 2.494
5890 -0.2907855724 0.0000255876 2.504
5900 -0.2907599014 0.0000256710 2.507
5910 -0.2907341456 0.0000257558 2.515
5920 -0.2907083037 0.0000258419 2.499
5930 -0.2906823741 0.0000259295 2.500
5940 -0.2906563556 0.0000260186 2.502
5950 -0.2906302465 0.0000261090 2.508
5960 -0.2906040455 0.0000262010 2.499
5970 -0.2905777510 0.0000262945 2.493
5980 -0.2905513615 0.0000263895 2.413
5990 -0.2905248754 0.0000264861 2.410
6000 -0.2904982912 0.0000265842 2.305
6010 -0.2904716072 0.0000266840 2.294
6020 -0.2904448217 0.0000267854 2.291
6030 -0.2904179333 0.0000268885 2.460
6040 -0.2903909400 0.0000269932 2.531
6050 -0.2903638403 0.0000270997 2.531
6060 -0.2903366323 0.0000272080 2.338
6070 -0.2903093143 0.0000273180 2.348
6080 -0.2902818844 0.0000274298 2.513
6090 -0.2902543409 0.0000275435 2.317
6100 -0.2902266818 0.0000276591 2.342
6110 -0.2901989052 0.0000277766 2.299
6120 -0.2901710091 0.0000278960 2.498
6130 -0.2901429917 0.0000280175 2.519
6140 -0.2901148508 0.0000281409 2.520
6150 -0.2900865844 0.0000282664 2.495
6160 -0.2900581903 0.0000283940 2.502
6170 -0.2900296665 0.0000285238 2.497
6180 -0.2900010108 0.0000286557 2.499
6190 -0.2899722209 0.0000287899 2.513
6200 -0.2899432946 0.0000289263 3.003
6210 -0.2899142296 0.0000290650 2.409
6220 -0.2898850235 0.0000292061 2.440
6230 -0.2898556739 0.0000293496 2.378
6240 -0.2898261783 0.0000294956 2.407
6250 -0.2897965343 0.0000296440 2.288
6260 -0.2897667393 0.0000297950 2.316
6270 -0.2897367907 0.0000299486 2.509
6280 -0.2897066859 0.0000301049 2.532
6290 -0.2896764220 0.0000302638 2.508
6300 -0.2896459965 0.0000304256 2.484
6310 -0.2896154063 0.0000305901 2.460
6320 -0.2895846488 0.0000307576 2.304
6330 -0.2895537208 0.0000309280 2.311
6340 -0.2895226194 0.0000311014 2.479
6350 -0.2894913415 0.0000312779 2.302
6360 -0.2894598840 0.0000314575 2.545
6370 -0.2894282436 0.0000316404 2.471
6380 -0.2893964171 0.0000318265 2.325
6390 -0.2893644011 0.0000320160 2.299
6400 -0.2893321923 0.0000322089 2.298
6410 -0.2892997870 0.0000324053 2.534
6420 -0.2892671817 0.0000326053 2.498
6430 -0.2892343727 0.0000328090 2.496
6440 -0.2892013564 0.0000330164 2.518
6450 -0.2891681287 0.0000332276 2.573
6460 -0.2891346860 0.0000334428 2.533
6470 -0.2891010240 0.0000336619 2.522
6480 -0.2890671388 0.0000338852 2.571
6490 -0.2890330261 0.0000341127 2.568
6500 -0.2889986816 0.0000343445 2.537
6510 -0.2889641010 0.0000345807 2.532
6520 -0.2889292796 0.0000348213 2.454
6530 -0.2888942130 0.0000350666 2.487
6540 -0.2888588964 0.0000353166 2.284
6550 -0.2888233250 0.0000355714 2.353
6560 -0.2887874939 0.0000358312 2.295
6570 -0.2887513979 0.0000360960 2.302
6580 -0.2887150320 0.0000363659 2.332
6590 -0.2886783908 0.0000366412 2.331
6600 -0.2886414689 0.0000369219 2.295
6610 -0.2886042607 0.0000372081 2.314
6620 -0.2885667607 0.0000375000 2.302
6630 -0.2885289629 0.0000377978 2.345
6640 -0.2884908615 0.0000381014 2.322
6650 -0.2884524503 0.0000384112 2.345
6660 -0.2884137231 0.0000387272 2.461
6670 -0.2883746737 0.0000390495 2.490
6680 -0.2883352954 0.0000393783 2.495
6690 -0.2882955816 0.0000397138 2.505
6700 -0.2882555255 0.0000400561 2.528
6710 -0.2882151202 0.0000404053 2.506
6720 -0.2881743587 0.0000407616 2.486
6730 -0.2881332336 0.0000411251 2.493
6740 -0.2880917376 0.0000414960 2.484
6750 -0.2880498632 0.0000418744 2.869
6760 -0.2880076027 0.0000422605 2.517
6770 -0.2879649484 0.0000426543 2.527
6780 -0.2879218923 0.0000430561 2.393
6790 -0.2878784264 0.0000434659 2.328
6800 -0.2878345424 0.0000438839 2.483
6810 -0.2877902322 0.0000443102 2.476
6820 -0.2877454873 0.0000447449 2.496
6830 -0.2877002993 0.0000451880 2.363
6840 -0.2876546597 0.0000456396 2.313
6850 -0.2876085598 0.0000460999 2.329
6860 -0.2875619911 0.0000465687 2.293
6870 -0.2875149449 0.0000470462 2.313
6880 -0.2874674127 0.0000475322 2.377
6890 -0.2874193859 0.0000480268 2.378
6900 -0.2873708561 0.0000485298 2.442
6910 -0.2873218149 0.0000490412 2.539
6920 -0.2872722543 0.0000495606 2.600
6930 -0.2872221664 0.0000500880 2.556
6940 -0.2871715435 0.0000506229 2.369
6950 -0.2871203785 0.0000511650 2.322
6960 -0.2870686646 0.0000517139 2.415
6970 -0.2870163955 0.0000522690 2.514
6980 -0.2869635658 0.0000528297 2.492
6990 -0.2869101706 0.0000533952 2.298
7000 -0.2868562058 0.0000539647 2.392
7010 -0.2868016686 0.0000545372 2.372
7020 -0.2867465571 0.0000551115 2.356
7030 -0.2866908707 0.0000556864 2.403
7040 -0.2866346104 0.0000562603 2.489
7050 -0.2865777787 0.0000568317 2.491
7060 -0.2865203801 0.0000573986 2.726
7070 -0.2864624210 0.0000579591 2.517
7080 -0.2864039103 0.0000585108 2.503
7090 -0.2863448590 0.0000590513 2.489
7100 -0.2862852812 0.0000595778 2.377
7110 -0.2862251936 0.0000600875 2.321
7120 -0.2861646165 0.0000605771 2.361
7130 -0.2861035732 0.0000610433 2.367
7140 -0.2860420908 0.0000614824 2.299
7150 -0.2859802001 0.0000618907 2.490
7160 -0.2859179358 0.0000622642 2.425
7170 -0.2858553369 0.0000625989 2.294
7180 -0.2857924463 0.0000628906 2.300
7190 -0.2857293112 0.0000631352 2.480
7200 -0.2856659827 0.0000633285 2.483
7210 -0.2856025162 0.0000634665 2.480
7220 -0.2855389707 0.0000635455 2.515
7230 -0.2854754089 0.0000635618 2.500
7240 -0.2854118967 0.0000635122 2.499
7250 -0.2853485028 0.0000633940 2.500
7260 -0.2852852979 0.0000632048 2.476
7270 -0.2852223548 0.0000629431 2.495
7280 -0.2851597471 0.0000626077 2.394
7290 -0.2850975489 0.0000621982 2.278
7300 -0.2850358338 0.0000617151 2.474
7310 -0.2849746743 0.0000611594 2.503
7320 -0.2849141413 0.0000605331 2.533
7330 -0.2848543028 0.0000598385 2.516
7340 -0.2847952238 0.0000590790 2.353
7350 -0.2847369655 0.0000582584 2.355
7360 -0.2846795845 0.0000573810 2.529
7370 -0.2846231328 0.0000564517 2.439
7380 -0.2845676571 0.0000554757 2.374
7390 -0.2845131987 0.0000544584 2.362
7400 -0.2844597933 0.0000534054 2.368
7410 -0.2844074709 0.0000523224 2.377
7420 -0.2843562558 0.0000512151 2.369
7430 -0.2843061669 0.0000500889 2.506
7440 -0.2842572176 0.0000489493 2.315
7450 -0.2842094163 0.0000478013 2.314
7460 -0.2841627665 0.0000466498 2.401
7470 -0.2841172673 0.0000454992 2.576
7480 -0.2840729137 0.0000443536 2.344
7490 -0.2840296969 0.0000432169 2.341
7500 -0.2839876047 0.0000420922 2.473
7510 -0.2839466221 0.0000409826 2.486
7520 -0.2839067315 0.0000398906 2.488
7530 -0.2838679130 0.0000388185 2.497
7540 -0.2838301449 0.0000377681 2.501
7550 -0.2837934039 0.0000367409 2.508
7560 -0.2837576657 0.0000357383 2.506
7570 -0.2837229047 0.0000347610 2.504
7580 -0.2836890948 0.0000338099 2.494
7590 -0.2836562094 0.0000328854 2.507
7600 -0.2836242217 0.0000319877 2.488
7610 -0.2835931046 0.0000311171 2.402
7620 -0.2835628312 0.0000302734 2.453
7630 -0.2835333749 0.0000294563 2.498
7640 -0.2835047091 0.0000286658 2.515
7650 -0.2834768080 0.0000279012 2.446
7660 -0.2834496458 0.0000271622 2.340
7670 -0.2834231977 0.0000264481 2.327
7680 -0.2833974392 0.0000257585 2.390
7690 -0.2833723466 0.0000250926 2.305
7700 -0.2833478969 0.0000244498 2.287
7710 -0.2833240675 0.0000238293 2.346
7720 -0.2833008369 0.0000232306 2.358
7730 -0.2832781841 0.0000226529 2.380
7740 -0.2832560887 0.0000220954 2.400
7750 -0.2832345313 0.0000215574 2.530
7760 -0.2832134930 0.0000210383 2.549
7770 -0.2831929556 0.0000205374 2.519
7780 -0.2831729017 0.0000200539 2.518
7790 -0.2831533145 0.0000195872 2.510
7800 -0.2831341779 0.0000191367 2.503
7810 -0.2831154762 0.0000187017 2.360
7820 -0.2830971946 0.0000182816 2.359
7830 -0.2830793188 0.0000178758 2.348
7840 -0.2830618350 0.0000174838 2.699
7850 -0.2830447301 0.0000171050 3.003
7860 -0.2830279913 0.0000167388 2.553
7870 -0.2830116065 0.0000163848 2.570
7880 -0.2829955640 0.0000160424 2.515
7890 -0.2829798527 0.0000157113 2.513
7900 -0.2829644619 0.0000153909 2.528
7910 -0.2829493811 0.0000150807 2.497
7920 -0.2829346006 0.0000147805 2.492
7930 -0.2829201108 0.0000144898 2.481
7940 -0.2829059027 0.0000142082 2.476
7950 -0.2828919674 0.0000139353 2.480
7960 -0.2828782966 0.0000136708 2.516
7970 -0.2828648821 0.0000134144 2.314
7980 -0.2828517164 0.0000131657 2.306
7990 -0.2828387919 0.0000129245 2.299
8000 -0.2828261014 0.0000126905 2.396
8010 -0.2828136381 0.0000124633 2.308
8020 -0.2828013955 0.0000122427 2.362
8030 -0.2827893670 0.0000120285 2.334
8040 -0.2827775466 0.0000118204 2.350
8050 -0.2827659285 0.0000116181 2.301
8060 -0.2827545069 0.0000114216 2.376
8070 -0.2827432764 0.0000112305 2.523
8080 -0.2827322318 0.0000110446 2.520
8090 -0.2827213680 0.0000108638 2.491
8100 -0.2827106801 0.0000106879 3.176
8110 -0.2827001634 0.0000105166 2.556
8120 -0.2826898135 0.0000103499 2.492
8130 -0.2826796259 0.0000101876 2.504
8140 -0.2826695965 0.0000100294 2.592
8150 -0.2826597211 0.0000098754 2.412
8160 -0.2826499959 0.0000097252 2.378
8170 -0.2826404170 0.0000095788 2.374
8180 -0.2826309809 0.0000094361 2.492
8190 -0.2826216840 0.0000092969 2.378
8200 -0.2826125228 0.0000091612 2.322
8210 -0.2826034942 0.0000090287 2.322
8220 -0.2825945948 0.0000088994 2.309
8230 -0.2825858216 0.0000087732 2.367
8240 -0.2825771717 0.0000086499 2.502
8250 -0.2825686422 0.0000085296 2.495
8260 -0.2825602301 0.0000084120 2.491
8270 -0.2825519330 0.0000082971 2.483
8280 -0.2825437481 0.0000081849 2.499
8290 -0.2825356729 0.0000080752 2.490
8300 -0.2825277050 0.0000079679 2.531
8310 -0.2825198419 0.0000078631 2.527
8320 -0.2825120814 0.0000077605 2.538
8330 -0.2825044212 0.0000076602 2.529
8340 -0.2824968592 0.0000075620 2.531
8350 -0.2824893933 0.0000074659 2.408
8360 -0.2824820214 0.0000073719 2.361
8370 -0.2824747415 0.0000072799 2.464
8380 -0.2824675517 0.0000071898 2.484
8390 -0.2824604502 0.0000071015 2.312
8400 -0.2824534351 0.0000070151 2.341
8410 -0.2824465047 0.0000069304 2.437
8420 -0.2824396572 0.0000068475 2.307
8430 -0.2824328910 0.0000067662 2.300
8440 -0.2824262046 0.0000066865 2.362
8450 -0.2824195962 0.0000066084 2.717
8460 -0.2824130644 0.0000065318 2.538
8470 -0.2824066077 0.0000064567 2.525
8480 -0.2824002246 0.0000063831 2.443
8490 -0.2823939138 0.0000063108 2.371
8500 -0.2823876738 0.0000062400 2.458
8510 -0.2823815033 0.0000061704 2.297
8520 -0.2823754011 0.0000061022 2.346
8530 -0.2823693659 0.0000060353 2.346
8540 -0.2823633963 0.0000059695 2.382
8550 -0.2823574913 0.0000059050 2.389
8560 -0.2823516497 0.0000058416 2.388
8570 -0.2823458703 0.0000057794 2.399
8580 -0.2823401519 0.0000057183 2.506
8590 -0.2823344936 0.0000056583 2.899
8600 -0.2823288943 0.0000055993 2.544
8610 -0.2823233529 0.0000055414 2.507
8620 -0.2823178684 0.0000054845 2.495
8630 -0.2823124398 0.0000054286 2.488
8640 -0.2823070662 0.0000053736 2.528
8650 -0.2823017467 0.0000053195 2.513
8660 -0.2822964803 0.0000052664 2.517
8670 -0.2822912662 0.0000052142 2.613
8680 -0.2822861034 0.0000051628 2.620
8690 -0.2822809911 0.0000051123 2.370
8700 -0.2822759285 0.0000050626 2.392
8710 -0.2822709148 0.0000050137 2.425
8720 -0.2822659492 0.0000049656 2.346
8730 -0.2822610309 0.0000049183 2.388
8740 -0.2822561592 0.0000048717 2.326
8750 -0.2822513332 0.0000048259 2.410
8760 -0.2822465524 0.0000047809 2.405
8770 -0.2822418159 0.0000047365 2.357
8780 -0.2822371231 0.0000046928 2.320
8790 -0.2822324734 0.0000046498 2.551
8800 -0.2822278659 0.0000046074 2.490
8810 -0.2822233002 0.0000045657 2.509
8820 -0.2822187755 0.0000045247 2.576
8830 -0.2822142913 0.0000044842 2.580
8840 -0.2822098469 0.0000044444 2.562
8850 -0.2822054417 0.0000044052 2.542
8860 -0.2822010752 0.0000043665 2.558
8870 -0.2821967468 0.0000043284 2.563
8880 -0.2821924559 0.0000042909 2.556
8890 -0.2821882020 0.0000042539 2.543
8900 -0.2821839845 0.0000042175 2.510
8910 -0.2821798029 0.0000041816 2.576
8920 -0.2821756568 0.0000041462 2.583
8930 -0.2821715455 0.0000041113 2.452
8940 -0.2821674687 0.0000040769 2.431
8950 -0.2821634257 0.0000040429 2.436
8960 -0.2821594162 0.0000040095 2.346
8970 -0.2821554397 0.0000039765 2.431
8980 -0.2821514957 0.0000039440 2.443
8990 -0.2821475838 0.0000039119 2.338
9000 -0.2821437035 0.0000038803 2.332
9010 -0.2821398545 0.0000038491 2.327
9020 -0.2821360362 0.0000038183 2.478
9030 -0.2821322482 0.0000037879 2.530
9040 -0.2821284903 0.0000037580 2.483
9050 -0.2821247619 0.0000037284 2.487
9060 -0.2821210626 0.0000036992 2.750
9070 -0.2821173922 0.0000036705 2.580
9080 -0.2821137501 0.0000036420 2.605
9090 -0.2821101361 0.0000036140 2.547
9100 -0.2821065498 0.0000035863 2.576
9110 -0.2821029908 0.0000035590 2.542
9120 -0.2820994587 0.0000035320 2.530
9130 -0.2820959533 0.0000035054 2.556
9140 -0.2820924742 0.0000034791 2.461
9150 -0.2820890210 0.0000034532 2.388
9160 -0.2820855934 0.0000034276 2.495
9170 -0.2820821912 0.0000034023 2.473
9180 -0.2820788139 0.0000033773 2.369
9190 -0.2820754613 0.0000033526 2.573
9200 -0.2820721331 0.0000033282 2.427
9210 -0.2820688290 0.0000033041 2.529
9220 -0.2820655486 0.0000032803 2.563
9230 -0.2820622918 0.0000032568 2.493
9240 -0.2820590582 0.0000032336 2.428
9250 -0.2820558475 0.0000032107 2.387
9260 -0.2820526594 0.0000031880 2.372
9270 -0.2820494938 0.0000031656 2.316
9280 -0.2820463503 0.0000031435 2.354
9290 -0.2820432286 0.0000031217 2.405
9300 -0.2820401286 0.0000031000 2.533
9310 -0.2820370499 0.0000030787 2.506
9320 -0.2820339923 0.0000030576 2.751
9330 -0.2820309556 0.0000030367 2.556
9340 -0.2820279395 0.0000030161 2.561
9350 -0.2820249438 0.0000029957 2.557
9360 -0.2820219682 0.0000029755 2.569
9370 -0.2820190126 0.0000029556 2.563
9380 -0.2820160767 0.0000029359 2.551
9390 -0.2820131603 0.0000029164 2.600
9400 -0.2820102631 0.0000028972 2.552
9410 -0.2820073849 0.0000028781 2.500
9420 -0.2820045257 0.0000028593 2.472
9430 -0.2820016850 0.0000028407 2.538
9440 -0.2819988627 0.0000028222 2.552
9450 -0.2819960587 0.0000028040 2.516
9460 -0.2819932727 0.0000027860 2.423
9470 -0.2819905046 0.0000027682 2.380
9480 -0.2819877540 0.0000027505 2.404
9490 -0.2819850209 0.0000027331 2.407
9500 -0.2819823051 0.0000027158 2.392
9510 -0.2819796064 0.0000026988 2.345
9520 -0.2819769245 0.0000026819 2.334
9530 -0.2819742593 0.0000026651 2.900
9540 -0.2819716107 0.0000026486 2.440
9550 -0.2819689785 0.0000026322 2.378
9560 -0.2819663625 0.0000026160 2.405
9570 -0.2819637625 0.0000026000 2.550
9580 -0.2819611783 0.0000025842 2.590
9590 -0.2819586099 0.0000025685 2.565
9600 -0.2819560569 0.0000025529 2.595
9610 -0.2819535194 0.0000025375 2.529
9620 -0.2819509971 0.0000025223 2.536
9630 -0.2819484898 0.0000025072 2.520
9640 -0.2819459975 0.0000024923 2.546
9650 -0.2819435199 0.0000024776 2.553
9660 -0.2819410570 0.0000024629 2.525
9670 -0.2819386085 0.0000024485 2.320
9680 -0.2819361744 0.0000024341 2.385
9690 -0.2819337544 0.0000024200 2.407
9700 -0.2819313485 0.0000024059 2.314
9710 -0.2819289565 0.0000023920 2.321
9720 -0.2819265783 0.0000023782 2.469
9730 -0.2819242137 0.0000023646 2.494
9740 -0.2819218627 0.0000023511 2.550
9750 -0.2819195250 0.0000023377 2.383
9760 -0.2819172005 0.0000023244 2.374
9770 -0.2819148892 0.0000023113 2.555
9780 -0.2819125909 0.0000022983 2.456
9790 -0.2819103054 0.0000022854 2.438
9800 -0.2819080327 0.0000022727 2.566
9810 -0.2819057727 0.0000022601 2.545
9820 -0.2819035251 0.0000022475 2.402
9830 -0.2819012900 0.0000022352 2.377
9840 -0.2818990671 0.0000022229 2.414
9850 -0.2818968564 0.0000022107 2.387
9860 -0.2818946578 0.0000021987 2.365
9870 -0.2818924710 0.0000021867 2.393
9880 -0.2818902962 0.0000021749 2.372
9890 -0.2818881330 0.0000021631 2.398
9900 -0.2818859815 0.0000021515 2.605
9910 -0.2818838415 0.0000021400 2.566
9920 -0.2818817129 0.0000021286 2.550
9930 -0.2818795956 0.0000021173 2.575
9940 -0.2818774895 0.0000021061 2.571
9950 -0.2818753945 0.0000020950 2.554
9960 -0.2818733105 0.0000020840 2.527
9970 -0.2818712374 0.0000020731 2.536
9980 -0.2818691751 0.0000020623 2.527
9990 -0.2818671236 0.0000020516 2.542
10000 -0.2818650827 0.0000020409 2.535
10010 -0.2818630523 0.0000020304 2.492
10020 -0.2818610323 0.0000020200 2.396
10030 -0.2818590227 0.0000020096 2.408
10040 -0.2818570233 0.0000019994 2.399
10050 -0.2818550341 0.0000019892 2.416
10060 -0.2818530550 0.0000019791 2.365
10070 -0.2818510859 0.0000019691 2.347
10080 -0.2818491267 0.0000019592 2.536
10090 -0.2818471773 0.0000019494 2.562
10100 -0.2818452377 0.0000019396 2.576
10110 -0.2818433077 0.0000019300 2.547
10120 -0.2818413873 0.0000019204 2.542
10130 -0.2818394764 0.0000019109 2.560
10140 -0.2818375749 0.0000019015 2.595
10150 -0.2818356827 0.0000018921 2.550
10160 -0.2818337999 0.0000018829 2.396
10170 -0.2818319262 0.0000018737 2.521
10180 -0.2818300616 0.0000018646 2.376
10190 -0.2818282060 0.0000018556 2.554
10200 -0.2818263594 0.0000018466 2.375
10210 -0.2818245217 0.0000018377 2.307
10220 -0.2818226928 0.0000018289 2.467
10230 -0.2818208727 0.0000018201 2.486
10240 -0.2818190612 0.0000018115 2.303
10250 -0.2818172583 0.0000018029 2.511
10260 -0.2818154640 0.0000017943 2.400
10270 -0.2818136781 0.0000017859 2.533
10280 -0.2818119006 0.0000017775 2.392
10290 -0.2818101315 0.0000017691 2.549
10300 -0.2818083706 0.0000017609 2.565
10310 -0.2818066179 0.0000017527 2.558
10320 -0.2818048734 0.0000017445 2.607
10330 -0.2818031369 0.0000017365 2.573
10340 -0.2818014084 0.0000017285 2.558
10350 -0.2817996879 0.0000017205 2.547
10360 -0.2817979753 0.0000017126 2.542
10370 -0.2817962705 0.0000017048 2.528
10380 -0.2817945734 0.0000016971 2.636
10390 -0.2817928841 0.0000016893 2.493
10400 -0.2817912024 0.0000016817 2.332
10410 -0.2817895282 0.0000016741 2.317
10420 -0.2817878616 0.0000016666 2.311
10430 -0.2817862025 0.0000016591 2.497
10440 -0.2817845508 0.0000016517 2.544
10450 -0.2817829065 0.0000016444 2.439
10460 -0.2817812694 0.0000016371 2.389
10470 -0.2817796396 0.0000016298 2.390
10480 -0.2817780170 0.0000016226 2.557
10490 -0.2817764015 0.0000016155 2.336
10500 -0.2817747931 0.0000016084 2.486
10510 -0.2817731918 0.0000016014 2.321
10520 -0.2817715974 0.0000015944 2.473
10530 -0.2817700099 0.0000015874 2.676
10540 -0.2817684294 0.0000015806 2.575
10550 -0.2817668556 0.0000015737 2.594
10560 -0.2817652887 0.0000015670 2.562
10570 -0.2817637284 0.0000015602 2.556
10580 -0.2817621749 0.0000015536 2.552
10590 -0.2817606280 0.0000015469 2.580
10600 -0.2817590876 0.0000015403 2.568
10610 -0.2817575538 0.0000015338 2.498
10620 -0.2817560265 0.0000015273 2.477
10630 -0.2817545056 0.0000015209 2.335
10640 -0.2817529912 0.0000015145 2.425
10650 -0.2817514830 0.0000015081 2.531
10660 -0.2817499812 0.0000015018 2.455
10670 -0.2817484857 0.0000014956 2.407
10680 -0.2817469963 0.0000014893 2.312
10690 -0.2817455131 0.0000014832 2.543
10700 -0.2817440361 0.0000014770 2.471
10710 -0.2817425652 0.0000014709 2.396
10720 -0.2817411003 0.0000014649 2.425
10730 -0.2817396414 0.0000014589 2.333
10740 -0.2817381884 0.0000014529 2.428
10750 -0.2817367414 0.0000014470 2.552
10760 -0.2817353002 0.0000014411 2.552
10770 -0.2817338649 0.0000014353 2.557
10780 -0.2817324354 0.0000014295 2.575
10790 -0.2817310117 0.0000014237 2.566
10800 -0.2817295937 0.0000014180 2.464
10810 -0.2817281813 0.0000014123 2.579
10820 -0.2817267746 0.0000014067 2.566
10830 -0.2817253735 0.0000014011 2.548
10840 -0.2817239780 0.0000013955 2.462
10850 -0.2817225880 0.0000013900 2.576
10860 -0.2817212035 0.0000013845 2.447
10870 -0.2817198244 0.0000013791 2.559
10880 -0.2817184508 0.0000013736 2.348
10890 -0.2817170825 0.0000013683 2.475
10900 -0.2817157196 0.0000013629 2.316
10910 -0.2817143620 0.0000013576 2.371
10920 -0.2817130097 0.0000013523 2.430
10930 -0.2817116626 0.0000013471 2.359
10940 -0.2817103207 0.0000013419 2.346
10950 -0.2817089840 0.0000013367 2.568
10960 -0.2817076524 0.0000013316 2.593
10970 -0.2817063260 0.0000013265 2.585
10980 -0.2817050046 0.0000013214 2.560
10990 -0.2817036882 0.0000013163 2.579
11000 -0.2817023769 0.0000013113 2.533
11010 -0.2817010705 0.0000013064 2.543
11020 -0.2816997691 0.0000013014 2.537
11030 -0.2816984726 0.0000012965 2.549
11040 -0.2816971810 0.0000012916 2.538
11050 -0.2816958942 0.0000012868 2.388
11060 -0.2816946122 0.0000012820 2.326
11070 -0.2816933351 0.0000012772 2.378
11080 -0.2816920626 0.0000012724 2.430
11090 -0.2816907949 0.0000012677 2.377
11100 -0.2816895320 0.0000012630 2.380
11110 -0.2816882736 0.0000012583 2.513
11120 -0.2816870199 0.0000012537 2.488
11130 -0.2816857709 0.0000012491 2.430
11140 -0.2816845264 0.0000012445 2.478
11150 -0.2816832864 0.0000012399 2.493
11160 -0.2816820510 0.0000012354 2.554
11170 -0.2816808201 0.0000012309 2.557
11180 -0.2816795936 0.0000012265 2.532
11190 -0.2816783716 0.0000012220 2.512
11200 -0.2816771540 0.0000012176 2.460
11210 -0.2816759408 0.0000012132 2.310
11220 -0.2816747319 0.0000012088 2.294
11230 -0.2816735274 0.0000012045 2.336
11240 -0.2816723272 0.0000012002 2.371
11250 -0.2816711313 0.0000011959 2.453
11260 -0.2816699396 0.0000011917 2.318
11270 -0.2816687522 0.0000011874 2.465
11280 -0.2816675689 0.0000011832 2.441
11290 -0.2816663899 0.0000011791 2.393
11300 -0.2816652150 0.0000011749 2.528
11310 -0.2816640442 0.0000011708 2.555
11320 -0.2816628775 0.0000011667 2.647
11330 -0.2816617149 0.0000011626 2.548
11340 -0.2816605564 0.0000011585 2.546
11350 -0.2816594019 0.0000011545 2.600
11360 -0.2816582514 0.0000011505 2.570
11370 -0.2816571049 0.0000011465 2.551
11380 -0.2816559623 0.0000011425 2.557
11390 -0.2816548237 0.0000011386 2.563
11400 -0.2816536890 0.0000011347 2.405
11410 -0.2816525582 0.0000011308 2.430
11420 -0.2816514313 0.0000011269 2.476
11430 -0.2816503082 0.0000011231 2.412
11440 -0.2816491889 0.0000011193 2.536
11450 -0.2816480735 0.0000011155 2.374
11460 -0.2816469618 0.0000011117 2.580
11470 -0.2816458539 0.0000011079 2.470
11480 -0.2816447497 0.0000011042 2.529
11490 -0.2816436492 0.0000011005 2.384
11500 -0.2816425525 0.0000010968 2.373
11510 -0.2816414594 0.0000010931 2.351
11520 -0.2816403699 0.0000010894 2.339
11530 -0.2816392841 0.0000010858 2.566
11540 -0.2816382019 0.0000010822 2.580
11550 -0.2816371233 0.0000010786 2.572
11560 -0.2816360483 0.0000010750 2.546
11570 -0.2816349768 0.0000010715 2.534
11580 -0.2816339089 0.0000010679 2.533
11590 -0.2816328444 0.0000010644 2.551
11600 -0.2816317835 0.0000010609 2.531
11610 -0.2816307260 0.0000010575 2.553
11620 -0.2816296720 0.0000010540 2.543
11630 -0.2816286214 0.0000010506 2.551
11640 -0.2816275743 0.0000010472 2.570
11650 -0.2816265305 0.0000010438 2.546
11660 -0.2816254901 0.0000010404 2.328
11670 -0.2816244531 0.0000010370 2.310
11680 -0.2816234194 0.0000010337 2.381
11690 -0.2816223890 0.0000010304 2.376
11700 -0.2816213619 0.0000010271 2.328
11710 -0.2816203382 0.0000010238 2.324
11720 -0.2816193177 0.0000010205 2.344
11730 -0.2816183004 0.0000010173 2.545
11740 -0.2816172864 0.0000010140 2.770
11750 -0.2816162756 0.0000010108 2.560
11760 -0.2816152680 0.0000010076 2.554
11770 -0.2816142636 0.0000010044 2.534
11780 -0.2816132623 0.0000010013 2.554
11790 -0.2816122642 0.0000009981 2.543
Marginal Likelihood = -0.2816122642
Total time = 2908.8380 seconds
Total iterations = 11790 
