Marginal likelihood with initialization (1) = -0.5963409063
Marginal likelihood with initialization (2) = -0.5963402772
Marginal likelihood with initialization (3) = -0.5963393479
Marginal likelihood with initialization (4) = -0.5963405178
Marginal likelihood with initialization (5) = -0.5963390094
Iteration Marginal_Likelihood delta_Marginal_Likelihood Iteration_Time (secs)
0 -0.5963390094 -- 0.782
10 -0.4180537712 0.1782852381 1.677
20 -0.3702140063 0.0478397649 1.341
30 -0.3682378814 0.0019761250 1.246
40 -0.3678956281 0.0003422532 1.228
50 -0.3676155784 0.0002800497 1.245
60 -0.3673321209 0.0002834575 1.247
70 -0.3670377974 0.0002943235 1.238
80 -0.3667292255 0.0003085719 1.246
90 -0.3664036306 0.0003255950 1.253
100 -0.3660584276 0.0003452029 1.256
110 -0.3656911590 0.0003672686 1.192
120 -0.3652994806 0.0003916784 1.201
130 -0.3648811404 0.0004183403 1.211
140 -0.3644339326 0.0004472077 1.199
150 -0.3639556218 0.0004783109 1.201
160 -0.3634438327 0.0005117890 1.205
170 -0.3628959846 0.0005478482 1.199
180 -0.3623086161 0.0005873684 1.231
190 -0.3616783434 0.0006302727 1.185
200 -0.3609998021 0.0006785413 1.214
210 -0.3602680948 0.0007317073 1.289
220 -0.3594777530 0.0007903418 1.272
230 -0.3586294434 0.0008483096 1.207
240 -0.3577410861 0.0008883572 1.218
250 -0.3568224987 0.0009185874 1.323
260 -0.3558711477 0.0009513511 1.634
270 -0.3548605664 0.0010105813 1.336
280 -0.3537653587 0.0010952077 1.335
290 -0.3525552966 0.0012100621 1.337
300 -0.3511986623 0.0013566343 1.402
310 -0.3496765800 0.0015220823 1.343
320 -0.3480193643 0.0016572157 1.344
330 -0.3463557990 0.0016635652 1.342
340 -0.3448932873 0.0014625117 1.295
350 -0.3437689618 0.0011243255 1.310
360 -0.3429641190 0.0008048428 1.266
370 -0.3423893437 0.0005747753 1.293
380 -0.3419659128 0.0004234309 1.251
390 -0.3416420303 0.0003238825 1.278
400 -0.3413857315 0.0002562988 1.258
410 -0.3411770779 0.0002086536 1.274
420 -0.3410032179 0.0001738600 1.258
430 -0.3408555606 0.0001476573 1.265
440 -0.3407281641 0.0001273965 1.247
450 -0.3406167914 0.0001113727 1.273
460 -0.3405183398 0.0000984517 1.244
470 -0.3404304830 0.0000878567 1.271
480 -0.3403514413 0.0000790418 1.219
490 -0.3402798275 0.0000716138 1.157
500 -0.3402145434 0.0000652841 1.148
510 -0.3401547069 0.0000598366 1.165
520 -0.3400995999 0.0000551069 1.157
530 -0.3400486318 0.0000509681 1.165
540 -0.3400013111 0.0000473207 1.280
550 -0.3399572253 0.0000440858 1.278
560 -0.3399160250 0.0000412003 1.259
570 -0.3398774119 0.0000386130 1.264
580 -0.3398411298 0.0000362821 1.232
590 -0.3398069570 0.0000341729 1.187
600 -0.3397747003 0.0000322567 1.184
610 -0.3397441908 0.0000305095 1.192
620 -0.3397152798 0.0000289110 1.150
630 -0.3396878358 0.0000274440 1.234
640 -0.3396617422 0.0000260936 1.258
650 -0.3396368948 0.0000248473 1.258
660 -0.3396132006 0.0000236942 1.174
670 -0.3395905760 0.0000226247 1.221
680 -0.3395689454 0.0000216306 1.151
690 -0.3395482408 0.0000207046 1.194
700 -0.3395284003 0.0000198405 1.177
710 -0.3395093678 0.0000190325 1.177
720 -0.3394910920 0.0000182758 1.279
730 -0.3394735262 0.0000175658 1.267
740 -0.3394566274 0.0000168988 1.265
750 -0.3394403563 0.0000162711 1.236
760 -0.3394246766 0.0000156796 1.281
770 -0.3394095551 0.0000151216 1.265
780 -0.3393949608 0.0000145943 1.302
790 -0.3393808652 0.0000140955 1.254
800 -0.3393672420 0.0000136232 1.270
810 -0.3393540666 0.0000131754 1.238
820 -0.3393413161 0.0000127505 1.256
830 -0.3393289693 0.0000123467 1.259
840 -0.3393170066 0.0000119628 1.280
850 -0.3393054092 0.0000115973 1.245
860 -0.3392941600 0.0000112492 1.255
870 -0.3392832428 0.0000109172 1.264
880 -0.3392726425 0.0000106004 1.267
890 -0.3392623447 0.0000102978 1.261
900 -0.3392523361 0.0000100086 1.266
910 -0.3392426042 0.0000097319 1.261
920 -0.3392331372 0.0000094671 1.254
930 -0.3392239238 0.0000092134 1.163
940 -0.3392149535 0.0000089702 1.178
950 -0.3392062165 0.0000087370 1.174
960 -0.3391977033 0.0000085132 1.254
970 -0.3391894051 0.0000082982 1.255
980 -0.3391813135 0.0000080916 1.261
990 -0.3391734205 0.0000078930 1.187
1000 -0.3391657186 0.0000077019 1.215
1010 -0.3391582006 0.0000075180 1.165
1020 -0.3391508598 0.0000073409 1.149
1030 -0.3391436896 0.0000071702 1.148
1040 -0.3391366839 0.0000070057 1.185
1050 -0.3391298369 0.0000068470 1.199
1060 -0.3391231430 0.0000066939 1.147
1070 -0.3391165970 0.0000065461 1.155
1080 -0.3391101937 0.0000064033 1.153
1090 -0.3391039283 0.0000062654 1.245
1100 -0.3390977963 0.0000061320 1.231
1110 -0.3390917932 0.0000060031 1.146
1120 -0.3390859149 0.0000058783 1.148
1130 -0.3390801573 0.0000057576 1.306
1140 -0.3390745166 0.0000056407 1.237
1150 -0.3390689891 0.0000055275 1.244
1160 -0.3390635713 0.0000054178 1.234
1170 -0.3390582598 0.0000053115 1.282
1180 -0.3390530513 0.0000052084 1.502
1190 -0.3390479429 0.0000051084 1.250
1200 -0.3390429315 0.0000050114 1.249
1210 -0.3390380142 0.0000049173 1.259
1220 -0.3390331883 0.0000048259 1.254
1230 -0.3390284511 0.0000047371 1.249
1240 -0.3390238002 0.0000046509 1.242
1250 -0.3390192331 0.0000045671 1.240
1260 -0.3390147474 0.0000044857 1.246
1270 -0.3390103410 0.0000044065 1.322
1280 -0.3390060115 0.0000043294 1.259
1290 -0.3390017570 0.0000042545 1.255
1300 -0.3389975754 0.0000041816 1.245
1310 -0.3389934648 0.0000041106 1.245
1320 -0.3389894233 0.0000040415 1.246
1330 -0.3389854490 0.0000039742 1.253
1340 -0.3389815404 0.0000039087 1.251
1350 -0.3389776956 0.0000038448 1.249
1360 -0.3389739130 0.0000037825 1.244
1370 -0.3389701912 0.0000037219 1.149
1380 -0.3389665285 0.0000036627 1.132
1390 -0.3389629235 0.0000036050 1.149
1400 -0.3389593747 0.0000035487 1.167
1410 -0.3389558809 0.0000034938 1.173
1420 -0.3389524407 0.0000034402 1.196
1430 -0.3389490529 0.0000033879 1.200
1440 -0.3389457160 0.0000033368 1.141
1450 -0.3389424291 0.0000032869 1.172
1460 -0.3389391909 0.0000032382 1.249
1470 -0.3389360003 0.0000031906 1.251
1480 -0.3389328561 0.0000031441 1.211
1490 -0.3389297574 0.0000030987 1.227
1500 -0.3389267032 0.0000030543 1.219
1510 -0.3389236923 0.0000030109 1.242
1520 -0.3389207239 0.0000029684 1.244
1530 -0.3389177970 0.0000029269 1.250
1540 -0.3389149108 0.0000028863 1.231
1550 -0.3389120643 0.0000028465 1.237
1560 -0.3389092567 0.0000028076 1.232
1570 -0.3389064871 0.0000027696 1.248
1580 -0.3389037548 0.0000027323 1.240
1590 -0.3389010589 0.0000026959 1.245
1600 -0.3388983987 0.0000026602 1.226
1610 -0.3388957736 0.0000026252 1.239
1620 -0.3388931826 0.0000025909 1.236
1630 -0.3388906252 0.0000025574 1.242
1640 -0.3388881007 0.0000025245 1.238
1650 -0.3388856084 0.0000024923 1.175
1660 -0.3388831476 0.0000024608 1.151
1670 -0.3388807178 0.0000024298 1.202
1680 -0.3388783183 0.0000023995 1.250
1690 -0.3388759486 0.0000023697 1.199
1700 -0.3388736080 0.0000023406 1.150
1710 -0.3388712960 0.0000023120 1.124
1720 -0.3388690121 0.0000022839 1.158
1730 -0.3388667557 0.0000022564 1.203
1740 -0.3388645263 0.0000022294 1.130
1750 -0.3388623233 0.0000022029 1.134
1760 -0.3388601464 0.0000021769 1.175
1770 -0.3388579950 0.0000021514 1.116
1780 -0.3388558686 0.0000021264 1.161
1790 -0.3388537668 0.0000021018 1.137
1800 -0.3388516892 0.0000020776 1.123
1810 -0.3388496353 0.0000020539 1.121
1820 -0.3388476046 0.0000020306 1.135
1830 -0.3388455969 0.0000020078 1.237
1840 -0.3388436115 0.0000019853 1.235
1850 -0.3388416483 0.0000019632 1.249
1860 -0.3388397068 0.0000019416 1.220
1870 -0.3388377865 0.0000019202 1.235
1880 -0.3388358872 0.0000018993 1.218
1890 -0.3388340085 0.0000018787 1.242
1900 -0.3388321500 0.0000018585 1.215
1910 -0.3388303114 0.0000018386 1.231
1920 -0.3388284923 0.0000018191 1.207
1930 -0.3388266925 0.0000017998 1.232
1940 -0.3388249116 0.0000017809 1.229
1950 -0.3388231492 0.0000017623 1.238
1960 -0.3388214052 0.0000017440 1.205
1970 -0.3388196792 0.0000017260 1.222
1980 -0.3388179708 0.0000017084 1.201
1990 -0.3388162799 0.0000016909 1.227
2000 -0.3388146061 0.0000016738 1.205
2010 -0.3388129491 0.0000016570 1.227
2020 -0.3388113087 0.0000016404 1.211
2030 -0.3388096847 0.0000016240 1.233
2040 -0.3388080768 0.0000016080 1.228
2050 -0.3388064846 0.0000015921 1.221
2060 -0.3388049081 0.0000015766 1.175
2070 -0.3388033468 0.0000015612 1.164
2080 -0.3388018007 0.0000015461 1.204
2090 -0.3388002695 0.0000015313 1.147
2100 -0.3387987529 0.0000015166 1.141
2110 -0.3387972507 0.0000015022 1.150
2120 -0.3387957627 0.0000014880 1.220
2130 -0.3387942887 0.0000014740 1.193
2140 -0.3387928285 0.0000014602 1.155
2150 -0.3387913819 0.0000014466 1.151
2160 -0.3387899487 0.0000014332 1.160
2170 -0.3387885286 0.0000014200 1.196
2180 -0.3387871216 0.0000014070 1.281
2190 -0.3387857273 0.0000013942 1.154
2200 -0.3387843457 0.0000013816 1.157
2210 -0.3387829765 0.0000013692 1.151
2220 -0.3387816196 0.0000013569 1.152
2230 -0.3387802748 0.0000013448 1.438
2240 -0.3387789419 0.0000013329 1.309
2250 -0.3387776208 0.0000013211 1.218
2260 -0.3387763112 0.0000013096 1.287
2270 -0.3387750131 0.0000012981 1.245
2280 -0.3387737263 0.0000012868 1.246
2290 -0.3387724505 0.0000012757 1.215
2300 -0.3387711858 0.0000012648 1.226
2310 -0.3387699318 0.0000012540 1.208
2320 -0.3387686885 0.0000012433 1.234
2330 -0.3387674557 0.0000012328 1.224
2340 -0.3387662334 0.0000012224 1.235
2350 -0.3387650212 0.0000012121 1.215
2360 -0.3387638192 0.0000012020 1.231
2370 -0.3387626272 0.0000011921 1.214
2380 -0.3387614449 0.0000011822 1.226
2390 -0.3387602724 0.0000011725 1.216
2400 -0.3387591095 0.0000011629 1.225
2410 -0.3387579561 0.0000011534 1.213
2420 -0.3387568120 0.0000011441 1.230
2430 -0.3387556771 0.0000011349 1.219
2440 -0.3387545513 0.0000011258 1.218
2450 -0.3387534345 0.0000011168 1.219
2460 -0.3387523266 0.0000011079 1.232
2470 -0.3387512275 0.0000010992 1.210
2480 -0.3387501370 0.0000010905 1.145
2490 -0.3387490550 0.0000010820 1.139
2500 -0.3387479815 0.0000010735 1.146
2510 -0.3387469163 0.0000010652 1.194
2520 -0.3387458593 0.0000010570 1.217
2530 -0.3387448105 0.0000010488 1.236
2540 -0.3387437697 0.0000010408 1.218
2550 -0.3387427368 0.0000010329 1.231
2560 -0.3387417118 0.0000010250 1.217
2570 -0.3387406945 0.0000010173 1.223
2580 -0.3387396848 0.0000010097 1.203
2590 -0.3387386827 0.0000010021 1.230
2600 -0.3387376881 0.0000009946 1.208
Marginal Likelihood = -0.3387376881
Total time = 320.0386 seconds
Total iterations = 2600 
