Marginal likelihood with initialization (1) = -0.6173704444
Marginal likelihood with initialization (2) = -0.6173693499
Marginal likelihood with initialization (3) = -0.6173715226
Marginal likelihood with initialization (4) = -0.6173702517
Marginal likelihood with initialization (5) = -0.6173702128
Iteration Marginal_Likelihood delta_Marginal_Likelihood Iteration_Time (secs)
0 -0.6173693499 -- 0.907
10 -0.4181776343 0.1991917156 2.067
20 -0.3584826299 0.0596950044 1.494
30 -0.3567651069 0.0017175230 1.382
40 -0.3564981124 0.0002669944 1.361
50 -0.3562984924 0.0001996201 1.355
60 -0.3561035726 0.0001949198 1.427
70 -0.3559081285 0.0001954441 1.399
80 -0.3557109509 0.0001971776 1.425
90 -0.3555114016 0.0001995493 1.427
100 -0.3553090285 0.0002023731 1.433
110 -0.3551034943 0.0002055343 1.513
120 -0.3548945559 0.0002089384 1.445
130 -0.3546820553 0.0002125006 1.409
140 -0.3544659113 0.0002161440 1.538
150 -0.3542461118 0.0002197996 1.521
160 -0.3540227059 0.0002234058 1.505
170 -0.3537957962 0.0002269097 1.612
180 -0.3535655293 0.0002302669 1.552
190 -0.3533320879 0.0002334413 1.580
200 -0.3530956823 0.0002364057 1.556
210 -0.3528565413 0.0002391410 1.550
220 -0.3526149052 0.0002416361 1.550
230 -0.3523710182 0.0002438870 1.536
240 -0.3521251220 0.0002458962 1.533
250 -0.3518774504 0.0002476716 1.540
260 -0.3516282247 0.0002492258 1.443
270 -0.3513776495 0.0002505751 1.447
280 -0.3511259106 0.0002517390 1.527
290 -0.3508731719 0.0002527386 1.526
300 -0.3506195750 0.0002535969 1.547
310 -0.3503652383 0.0002543367 1.539
320 -0.3501106883 0.0002545500 1.544
330 -0.3498546932 0.0002559951 1.534
340 -0.3495986065 0.0002560867 1.545
350 -0.3493420252 0.0002565813 1.541
360 -0.3490882241 0.0002538011 1.545
370 -0.3488283546 0.0002598695 1.544
380 -0.3485690833 0.0002592713 1.550
390 -0.3483102238 0.0002588595 1.549
400 -0.3480506493 0.0002595745 1.551
410 -0.3477902897 0.0002603596 1.548
420 -0.3475290116 0.0002612781 1.534
430 -0.3472667539 0.0002622577 1.518
440 -0.3470033820 0.0002633719 1.420
450 -0.3467389339 0.0002644482 1.432
460 -0.3464734966 0.0002654373 1.429
470 -0.3462076396 0.0002658569 1.429
480 -0.3459421646 0.0002654750 1.436
490 -0.3456744408 0.0002677238 1.406
500 -0.3454157264 0.0002587144 1.398
510 -0.3451597554 0.0002559710 1.394
520 -0.3449060067 0.0002537487 1.463
530 -0.3446540012 0.0002520055 1.390
540 -0.3444033182 0.0002506830 1.393
550 -0.3441534471 0.0002498711 1.390
560 -0.3439039264 0.0002495207 1.382
570 -0.3436543667 0.0002495598 1.458
580 -0.3434042234 0.0002501432 1.494
590 -0.3431530634 0.0002511600 1.510
600 -0.3429004788 0.0002525847 1.512
610 -0.3426461185 0.0002543603 1.526
620 -0.3423897457 0.0002563728 1.544
630 -0.3421312179 0.0002585278 1.634
640 -0.3418706822 0.0002605357 1.607
650 -0.3416079049 0.0002627774 1.607
660 -0.3413414879 0.0002664169 1.583
670 -0.3410775909 0.0002638971 1.542
680 -0.3408111104 0.0002664805 1.606
690 -0.3405413615 0.0002697489 1.481
700 -0.3402676859 0.0002736756 1.500
710 -0.3399894767 0.0002782092 1.499
720 -0.3397064888 0.0002829879 1.545
730 -0.3394187690 0.0002877198 1.543
740 -0.3391264580 0.0002923110 1.545
750 -0.3388253950 0.0003010629 1.536
760 -0.3385255028 0.0002998922 1.533
770 -0.3382211599 0.0003043430 1.509
780 -0.3379116591 0.0003095007 1.525
790 -0.3375935492 0.0003181100 1.521
800 -0.3372742191 0.0003193300 1.534
810 -0.3369472891 0.0003269300 1.543
820 -0.3366114696 0.0003358195 1.566
830 -0.3362654557 0.0003460139 1.572
840 -0.3359079633 0.0003574925 1.779
850 -0.3355377957 0.0003701676 1.408
860 -0.3351539544 0.0003838412 1.455
870 -0.3347558115 0.0003981430 1.532
880 -0.3343433622 0.0004124493 1.538
890 -0.3339175698 0.0004257924 1.531
900 -0.3334807844 0.0004367854 1.534
910 -0.3330371633 0.0004436211 1.591
920 -0.3325929295 0.0004442338 1.559
930 -0.3321562243 0.0004367052 1.578
940 -0.3317363350 0.0004198894 1.555
950 -0.3313423071 0.0003940278 1.531
960 -0.3309813445 0.0003609626 1.426
970 -0.3306576430 0.0003237015 1.454
980 -0.3303721234 0.0002855196 1.406
990 -0.3301230175 0.0002491059 1.394
1000 -0.3299068723 0.0002161452 1.399
1010 -0.3297195160 0.0001873562 1.432
1020 -0.3295567462 0.0001627698 1.417
1030 -0.3294147132 0.0001420331 1.437
1040 -0.3292900761 0.0001246371 1.458
1050 -0.3291800244 0.0001100517 1.434
1060 -0.3290822329 0.0000977915 1.452
1070 -0.3289947933 0.0000874396 1.520
1080 -0.3289161427 0.0000786506 1.540
1090 -0.3288449996 0.0000711431 1.541
1100 -0.3287803094 0.0000646902 1.539
1110 -0.3287212003 0.0000591091 1.541
1120 -0.3286669472 0.0000542531 1.538
1130 -0.3286169439 0.0000500033 1.543
1140 -0.3285706804 0.0000462636 1.535
1150 -0.3285277248 0.0000429556 1.536
1160 -0.3284877097 0.0000400151 1.516
1170 -0.3284503206 0.0000373891 1.537
1180 -0.3284152867 0.0000350339 1.523
1190 -0.3283823738 0.0000329129 1.519
1200 -0.3283513784 0.0000309954 1.519
1210 -0.3283221226 0.0000292558 1.386
1220 -0.3282944506 0.0000276721 1.384
1230 -0.3282682248 0.0000262257 1.493
1240 -0.3282433240 0.0000249009 1.455
1250 -0.3282196401 0.0000236838 1.383
1260 -0.3281970773 0.0000225629 1.384
1270 -0.3281755495 0.0000215278 1.438
1280 -0.3281549799 0.0000205697 1.396
1290 -0.3281352990 0.0000196808 1.389
1300 -0.3281164446 0.0000188545 1.424
1310 -0.3280983599 0.0000180846 1.455
1320 -0.3280809938 0.0000173661 1.455
1330 -0.3280642997 0.0000166942 1.403
1340 -0.3280482350 0.0000160647 1.436
1350 -0.3280327609 0.0000154741 1.496
1360 -0.3280178418 0.0000149190 1.507
1370 -0.3280034452 0.0000143966 1.508
1380 -0.3279895411 0.0000139041 1.492
1390 -0.3279761018 0.0000134393 1.500
1400 -0.3279631018 0.0000130000 1.513
1410 -0.3279505176 0.0000125842 1.514
1420 -0.3279383273 0.0000121903 1.515
1430 -0.3279265107 0.0000118166 1.499
1440 -0.3279150490 0.0000114617 1.481
1450 -0.3279039246 0.0000111244 1.515
1460 -0.3278931213 0.0000108033 1.486
1470 -0.3278826239 0.0000104975 1.494
1480 -0.3278724180 0.0000102059 1.508
1490 -0.3278624905 0.0000099275 1.512
1500 -0.3278528288 0.0000096617 1.504
1510 -0.3278434212 0.0000094076 1.465
1520 -0.3278342568 0.0000091644 1.479
1530 -0.3278253253 0.0000089315 1.485
1540 -0.3278166169 0.0000087084 1.472
1550 -0.3278081225 0.0000084944 1.476
1560 -0.3277998334 0.0000082891 1.474
1570 -0.3277917416 0.0000080918 1.393
1580 -0.3277838392 0.0000079023 1.354
1590 -0.3277761191 0.0000077201 1.374
1600 -0.3277685744 0.0000075448 1.349
1610 -0.3277611984 0.0000073759 1.426
1620 -0.3277539851 0.0000072133 1.421
1630 -0.3277469286 0.0000070566 1.361
1640 -0.3277400232 0.0000069054 1.382
1650 -0.3277332637 0.0000067595 1.350
1660 -0.3277266450 0.0000066187 1.349
1670 -0.3277201623 0.0000064827 1.351
1680 -0.3277138111 0.0000063512 1.349
1690 -0.3277075869 0.0000062241 1.352
1700 -0.3277014857 0.0000061012 1.399
1710 -0.3276955035 0.0000059823 1.708
1720 -0.3276896364 0.0000058671 1.463
1730 -0.3276838808 0.0000057555 1.559
1740 -0.3276782334 0.0000056475 1.503
1750 -0.3276726907 0.0000055427 1.471
1760 -0.3276672496 0.0000054411 1.471
1770 -0.3276619070 0.0000053426 1.465
1780 -0.3276566601 0.0000052469 1.461
1790 -0.3276515060 0.0000051541 1.460
1800 -0.3276464421 0.0000050639 1.458
1810 -0.3276414658 0.0000049763 1.459
1820 -0.3276365746 0.0000048912 1.461
1830 -0.3276317662 0.0000048084 1.456
1840 -0.3276270382 0.0000047280 1.472
1850 -0.3276223885 0.0000046497 1.469
1860 -0.3276178150 0.0000045735 1.468
1870 -0.3276133156 0.0000044994 1.475
1880 -0.3276088884 0.0000044272 1.464
1890 -0.3276045314 0.0000043569 1.462
1900 -0.3276002430 0.0000042885 1.466
1910 -0.3275960212 0.0000042217 1.466
1920 -0.3275918645 0.0000041567 1.468
1930 -0.3275877712 0.0000040933 1.462
1940 -0.3275837397 0.0000040315 1.480
1950 -0.3275797686 0.0000039712 1.470
1960 -0.3275758563 0.0000039123 1.461
1970 -0.3275720014 0.0000038549 1.503
1980 -0.3275682026 0.0000037988 1.493
1990 -0.3275644585 0.0000037441 1.401
2000 -0.3275607678 0.0000036906 1.378
2010 -0.3275571294 0.0000036384 1.390
2020 -0.3275535420 0.0000035874 1.469
2030 -0.3275500044 0.0000035376 1.485
2040 -0.3275465156 0.0000034888 1.484
2050 -0.3275430744 0.0000034412 1.486
2060 -0.3275396798 0.0000033946 1.487
2070 -0.3275363308 0.0000033491 1.487
2080 -0.3275330263 0.0000033045 1.480
2090 -0.3275297654 0.0000032609 1.377
2100 -0.3275265472 0.0000032182 1.374
2110 -0.3275233707 0.0000031764 1.379
2120 -0.3275202352 0.0000031356 1.401
2130 -0.3275171396 0.0000030955 1.379
2140 -0.3275140833 0.0000030563 1.393
2150 -0.3275110654 0.0000030179 1.345
2160 -0.3275080851 0.0000029803 1.355
2170 -0.3275051416 0.0000029435 1.354
2180 -0.3275022343 0.0000029073 1.451
2190 -0.3274993623 0.0000028719 1.366
2200 -0.3274965251 0.0000028372 1.352
2210 -0.3274937219 0.0000028032 1.344
2220 -0.3274909520 0.0000027699 1.392
2230 -0.3274882149 0.0000027371 1.371
2240 -0.3274855098 0.0000027051 1.382
2250 -0.3274828363 0.0000026736 1.465
2260 -0.3274801936 0.0000026427 1.453
2270 -0.3274775812 0.0000026124 1.457
2280 -0.3274749986 0.0000025826 1.469
2290 -0.3274724452 0.0000025534 1.479
2300 -0.3274699204 0.0000025248 1.475
2310 -0.3274674238 0.0000024966 1.485
2320 -0.3274649548 0.0000024690 1.478
2330 -0.3274625129 0.0000024419 1.474
2340 -0.3274600977 0.0000024152 1.470
2350 -0.3274577087 0.0000023890 1.476
2360 -0.3274553454 0.0000023633 1.480
2370 -0.3274530074 0.0000023380 1.488
2380 -0.3274506942 0.0000023132 1.482
2390 -0.3274484054 0.0000022888 1.453
2400 -0.3274461407 0.0000022648 1.433
2410 -0.3274438995 0.0000022412 1.383
2420 -0.3274416815 0.0000022180 1.470
2430 -0.3274394863 0.0000021952 1.474
2440 -0.3274373135 0.0000021728 1.481
2450 -0.3274351628 0.0000021507 1.464
2460 -0.3274330337 0.0000021290 1.448
2470 -0.3274309260 0.0000021077 1.459
2480 -0.3274288393 0.0000020867 1.468
2490 -0.3274267732 0.0000020661 1.451
2500 -0.3274247275 0.0000020458 1.453
2510 -0.3274227017 0.0000020258 1.439
2520 -0.3274206957 0.0000020061 1.333
2530 -0.3274187090 0.0000019867 1.350
2540 -0.3274167413 0.0000019676 1.452
2550 -0.3274147924 0.0000019489 1.476
2560 -0.3274128621 0.0000019304 1.437
2570 -0.3274109499 0.0000019122 1.354
2580 -0.3274090556 0.0000018943 1.359
2590 -0.3274071790 0.0000018766 1.388
2600 -0.3274053197 0.0000018592 1.387
2610 -0.3274034776 0.0000018421 1.393
2620 -0.3274016523 0.0000018253 1.391
2630 -0.3273998437 0.0000018086 1.392
2640 -0.3273980514 0.0000017923 1.397
2650 -0.3273962752 0.0000017761 1.368
2660 -0.3273945150 0.0000017603 1.351
2670 -0.3273927704 0.0000017446 1.384
2680 -0.3273910413 0.0000017291 1.470
2690 -0.3273893273 0.0000017139 1.469
2700 -0.3273876284 0.0000016989 1.481
2710 -0.3273859443 0.0000016841 1.461
2720 -0.3273842747 0.0000016696 1.451
2730 -0.3273826195 0.0000016552 1.461
2740 -0.3273809785 0.0000016410 1.456
2750 -0.3273793515 0.0000016270 1.447
2760 -0.3273777382 0.0000016132 1.459
2770 -0.3273761386 0.0000015996 1.459
2780 -0.3273745524 0.0000015862 1.464
2790 -0.3273729794 0.0000015730 1.460
2800 -0.3273714194 0.0000015600 1.462
2810 -0.3273698723 0.0000015471 1.454
2820 -0.3273683379 0.0000015344 1.455
2830 -0.3273668161 0.0000015218 1.455
2840 -0.3273653066 0.0000015095 1.455
2850 -0.3273638093 0.0000014973 1.454
2860 -0.3273623241 0.0000014852 1.510
2870 -0.3273608508 0.0000014733 1.459
2880 -0.3273593892 0.0000014616 1.458
2890 -0.3273579391 0.0000014500 1.459
2900 -0.3273565005 0.0000014386 1.476
2910 -0.3273550732 0.0000014273 1.416
2920 -0.3273536571 0.0000014162 1.353
2930 -0.3273522519 0.0000014052 1.337
2940 -0.3273508576 0.0000013943 1.351
2950 -0.3273494741 0.0000013836 1.369
2960 -0.3273481011 0.0000013730 1.340
2970 -0.3273467386 0.0000013625 1.431
2980 -0.3273453864 0.0000013522 1.374
2990 -0.3273440445 0.0000013420 1.372
3000 -0.3273427126 0.0000013319 1.366
3010 -0.3273413907 0.0000013219 1.464
3020 -0.3273400786 0.0000013121 1.458
3030 -0.3273387762 0.0000013024 1.473
3040 -0.3273374835 0.0000012928 1.452
3050 -0.3273362002 0.0000012833 1.453
3060 -0.3273349263 0.0000012739 1.473
3070 -0.3273336616 0.0000012646 1.476
3080 -0.3273324062 0.0000012555 1.475
3090 -0.3273311597 0.0000012464 1.478
3100 -0.3273299222 0.0000012375 1.473
3110 -0.3273286936 0.0000012287 1.545
3120 -0.3273274737 0.0000012199 1.597
3130 -0.3273262624 0.0000012113 1.465
3140 -0.3273250596 0.0000012027 1.471
3150 -0.3273238653 0.0000011943 1.372
3160 -0.3273226794 0.0000011860 1.339
3170 -0.3273215016 0.0000011777 1.364
3180 -0.3273203321 0.0000011696 1.426
3190 -0.3273191706 0.0000011615 1.469
3200 -0.3273180170 0.0000011535 1.405
3210 -0.3273168714 0.0000011456 1.347
3220 -0.3273157335 0.0000011379 1.340
3230 -0.3273146034 0.0000011301 1.353
3240 -0.3273134809 0.0000011225 1.448
3250 -0.3273123659 0.0000011150 1.379
3260 -0.3273112584 0.0000011075 1.343
3270 -0.3273101582 0.0000011001 1.374
3280 -0.3273090654 0.0000010928 1.456
3290 -0.3273079798 0.0000010856 1.447
3300 -0.3273069013 0.0000010785 1.449
3310 -0.3273058299 0.0000010714 1.470
3320 -0.3273047655 0.0000010644 1.459
3330 -0.3273037080 0.0000010575 1.509
3340 -0.3273026573 0.0000010507 1.493
3350 -0.3273016134 0.0000010439 1.472
3360 -0.3273005762 0.0000010372 1.456
3370 -0.3272995457 0.0000010306 1.460
3380 -0.3272985217 0.0000010240 1.455
3390 -0.3272975042 0.0000010175 1.458
3400 -0.3272964931 0.0000010111 1.483
3410 -0.3272954884 0.0000010047 1.468
3420 -0.3272944900 0.0000009984 1.474
Marginal Likelihood = -0.3272944900
Total time = 501.6977 seconds
Total iterations = 3420 
