INFO [2025-05-01 22:52:17] $x
INFO [2025-05-01 22:52:17] snps_list
INFO [2025-05-01 22:52:17] 
INFO [2025-05-01 22:52:17] $category.names
INFO [2025-05-01 22:52:17] c("BayeScan", "PCAdapt", "FST_PZ", "FST_NS", "FST_9Sites")
INFO [2025-05-01 22:52:17] 
INFO [2025-05-01 22:52:17] $filename
INFO [2025-05-01 22:52:17] [1] "../results/venn_snps_analysis.png"
INFO [2025-05-01 22:52:17] 
INFO [2025-05-01 22:52:17] $output
INFO [2025-05-01 22:52:17] [1] TRUE
INFO [2025-05-01 22:52:17] 
INFO [2025-05-01 22:52:17] $imagetype
INFO [2025-05-01 22:52:17] [1] "png"
INFO [2025-05-01 22:52:17] 
INFO [2025-05-01 22:52:17] $resolution
INFO [2025-05-01 22:52:17] [1] 300
INFO [2025-05-01 22:52:17] 
INFO [2025-05-01 22:52:17] $compression
INFO [2025-05-01 22:52:17] [1] "lzw"
INFO [2025-05-01 22:52:17] 
INFO [2025-05-01 22:52:17] $lwd
INFO [2025-05-01 22:52:17] [1] 1
INFO [2025-05-01 22:52:17] 
INFO [2025-05-01 22:52:17] $lty
INFO [2025-05-01 22:52:17] [1] "blank"
INFO [2025-05-01 22:52:17] 
INFO [2025-05-01 22:52:17] $fill
INFO [2025-05-01 22:52:17] c("#5BACED", "#F5AC2E", "#8BC34A", "#FF5722", "#9C27B0")
INFO [2025-05-01 22:52:17] 
INFO [2025-05-01 22:52:17] $cex
INFO [2025-05-01 22:52:17] [1] 1.25
INFO [2025-05-01 22:52:17] 
INFO [2025-05-01 22:52:17] $fontfamily
INFO [2025-05-01 22:52:17] [1] "sans"
INFO [2025-05-01 22:52:17] 
INFO [2025-05-01 22:52:17] $cat.cex
INFO [2025-05-01 22:52:17] [1] 1
INFO [2025-05-01 22:52:17] 
INFO [2025-05-01 22:52:17] $cat.fontfamily
INFO [2025-05-01 22:52:17] [1] "sans"
INFO [2025-05-01 22:52:17] 
INFO [2025-05-01 22:52:17] $cat.default.pos
INFO [2025-05-01 22:52:17] [1] "outer"
INFO [2025-05-01 22:52:17] 
