INFO [2025-05-01 23:09:45] $x
INFO [2025-05-01 23:09:45] snps_list
INFO [2025-05-01 23:09:45] 
INFO [2025-05-01 23:09:45] $category.names
INFO [2025-05-01 23:09:45] c("PCAdapt", "FST_PZ", "FST_NS", "FST_9Sites")
INFO [2025-05-01 23:09:45] 
INFO [2025-05-01 23:09:45] $filename
INFO [2025-05-01 23:09:45] [1] "../results/venn_pcadapt_fst_outliers.png"
INFO [2025-05-01 23:09:45] 
INFO [2025-05-01 23:09:45] $output
INFO [2025-05-01 23:09:45] [1] TRUE
INFO [2025-05-01 23:09:45] 
INFO [2025-05-01 23:09:45] $imagetype
INFO [2025-05-01 23:09:45] [1] "png"
INFO [2025-05-01 23:09:45] 
INFO [2025-05-01 23:09:45] $resolution
INFO [2025-05-01 23:09:45] [1] 300
INFO [2025-05-01 23:09:45] 
INFO [2025-05-01 23:09:45] $compression
INFO [2025-05-01 23:09:45] [1] "lzw"
INFO [2025-05-01 23:09:45] 
INFO [2025-05-01 23:09:45] $lwd
INFO [2025-05-01 23:09:45] [1] 1
INFO [2025-05-01 23:09:45] 
INFO [2025-05-01 23:09:45] $lty
INFO [2025-05-01 23:09:45] [1] "blank"
INFO [2025-05-01 23:09:45] 
INFO [2025-05-01 23:09:45] $fill
INFO [2025-05-01 23:09:45] c("#F5AC2E", "#8BC34A", "#FF5722", "#9C27B0")
INFO [2025-05-01 23:09:45] 
INFO [2025-05-01 23:09:45] $cex
INFO [2025-05-01 23:09:45] [1] 1.25
INFO [2025-05-01 23:09:45] 
INFO [2025-05-01 23:09:45] $fontfamily
INFO [2025-05-01 23:09:45] [1] "sans"
INFO [2025-05-01 23:09:45] 
INFO [2025-05-01 23:09:45] $cat.cex
INFO [2025-05-01 23:09:45] [1] 1
INFO [2025-05-01 23:09:45] 
INFO [2025-05-01 23:09:45] $cat.fontfamily
INFO [2025-05-01 23:09:45] [1] "sans"
INFO [2025-05-01 23:09:45] 
INFO [2025-05-01 23:09:45] $cat.default.pos
INFO [2025-05-01 23:09:45] [1] "outer"
INFO [2025-05-01 23:09:45] 
