INFO [2025-05-01 22:52:40] $x
INFO [2025-05-01 22:52:40] snps_list
INFO [2025-05-01 22:52:40] 
INFO [2025-05-01 22:52:40] $category.names
INFO [2025-05-01 22:52:40] c("BayeScan", "PCAdapt", "FST_PZ", "FST_NS", "FST_9Sites")
INFO [2025-05-01 22:52:40] 
INFO [2025-05-01 22:52:40] $filename
INFO [2025-05-01 22:52:40] [1] "../results/venn_snps_analysis.png"
INFO [2025-05-01 22:52:40] 
INFO [2025-05-01 22:52:40] $output
INFO [2025-05-01 22:52:40] [1] TRUE
INFO [2025-05-01 22:52:40] 
INFO [2025-05-01 22:52:40] $imagetype
INFO [2025-05-01 22:52:40] [1] "png"
INFO [2025-05-01 22:52:40] 
INFO [2025-05-01 22:52:40] $resolution
INFO [2025-05-01 22:52:40] [1] 300
INFO [2025-05-01 22:52:40] 
INFO [2025-05-01 22:52:40] $compression
INFO [2025-05-01 22:52:40] [1] "lzw"
INFO [2025-05-01 22:52:40] 
INFO [2025-05-01 22:52:40] $lwd
INFO [2025-05-01 22:52:40] [1] 1
INFO [2025-05-01 22:52:40] 
INFO [2025-05-01 22:52:40] $lty
INFO [2025-05-01 22:52:40] [1] "blank"
INFO [2025-05-01 22:52:40] 
INFO [2025-05-01 22:52:40] $fill
INFO [2025-05-01 22:52:40] c("#5BACED", "#F5AC2E", "#8BC34A", "#FF5722", "#9C27B0")
INFO [2025-05-01 22:52:40] 
INFO [2025-05-01 22:52:40] $cex
INFO [2025-05-01 22:52:40] [1] 1.25
INFO [2025-05-01 22:52:40] 
INFO [2025-05-01 22:52:40] $fontfamily
INFO [2025-05-01 22:52:40] [1] "sans"
INFO [2025-05-01 22:52:40] 
INFO [2025-05-01 22:52:40] $cat.cex
INFO [2025-05-01 22:52:40] [1] 1
INFO [2025-05-01 22:52:40] 
INFO [2025-05-01 22:52:40] $cat.fontfamily
INFO [2025-05-01 22:52:40] [1] "sans"
INFO [2025-05-01 22:52:40] 
INFO [2025-05-01 22:52:40] $cat.default.pos
INFO [2025-05-01 22:52:40] [1] "outer"
INFO [2025-05-01 22:52:40] 
