INFO [2025-05-01 22:59:06] $x
INFO [2025-05-01 22:59:06] fst_snps_list
INFO [2025-05-01 22:59:06] 
INFO [2025-05-01 22:59:06] $category.names
INFO [2025-05-01 22:59:06] c("FST_PZ", "FST_NS", "FST_9Sites")
INFO [2025-05-01 22:59:06] 
INFO [2025-05-01 22:59:06] $filename
INFO [2025-05-01 22:59:06] [1] "../results/venn_fst_outliers.png"
INFO [2025-05-01 22:59:06] 
INFO [2025-05-01 22:59:06] $output
INFO [2025-05-01 22:59:06] [1] TRUE
INFO [2025-05-01 22:59:06] 
INFO [2025-05-01 22:59:06] $imagetype
INFO [2025-05-01 22:59:06] [1] "png"
INFO [2025-05-01 22:59:06] 
INFO [2025-05-01 22:59:06] $resolution
INFO [2025-05-01 22:59:06] [1] 300
INFO [2025-05-01 22:59:06] 
INFO [2025-05-01 22:59:06] $compression
INFO [2025-05-01 22:59:06] [1] "lzw"
INFO [2025-05-01 22:59:06] 
INFO [2025-05-01 22:59:06] $lwd
INFO [2025-05-01 22:59:06] [1] 1
INFO [2025-05-01 22:59:06] 
INFO [2025-05-01 22:59:06] $lty
INFO [2025-05-01 22:59:06] [1] "blank"
INFO [2025-05-01 22:59:06] 
INFO [2025-05-01 22:59:06] $fill
INFO [2025-05-01 22:59:06] c("#8BC34A", "#FF5722", "#9C27B0")
INFO [2025-05-01 22:59:06] 
INFO [2025-05-01 22:59:06] $cex
INFO [2025-05-01 22:59:06] [1] 1.25
INFO [2025-05-01 22:59:06] 
INFO [2025-05-01 22:59:06] $fontfamily
INFO [2025-05-01 22:59:06] [1] "sans"
INFO [2025-05-01 22:59:06] 
INFO [2025-05-01 22:59:06] $cat.cex
INFO [2025-05-01 22:59:06] [1] 1
INFO [2025-05-01 22:59:06] 
INFO [2025-05-01 22:59:06] $cat.fontfamily
INFO [2025-05-01 22:59:06] [1] "sans"
INFO [2025-05-01 22:59:06] 
INFO [2025-05-01 22:59:06] $cat.default.pos
INFO [2025-05-01 22:59:06] [1] "outer"
INFO [2025-05-01 22:59:06] 
