INFO [2025-05-03 19:58:24] $x
INFO [2025-05-03 19:58:24] snps_list
INFO [2025-05-03 19:58:24] 
INFO [2025-05-03 19:58:24] $category.names
INFO [2025-05-03 19:58:24] c("BayeScan", "PCAdapt", "FST_PZ", "FST_NS", "FST_9Sites")
INFO [2025-05-03 19:58:24] 
INFO [2025-05-03 19:58:24] $filename
INFO [2025-05-03 19:58:24] [1] "../results/venn_snps_analysis.png"
INFO [2025-05-03 19:58:24] 
INFO [2025-05-03 19:58:24] $output
INFO [2025-05-03 19:58:24] [1] TRUE
INFO [2025-05-03 19:58:24] 
INFO [2025-05-03 19:58:24] $imagetype
INFO [2025-05-03 19:58:24] [1] "png"
INFO [2025-05-03 19:58:24] 
INFO [2025-05-03 19:58:24] $resolution
INFO [2025-05-03 19:58:24] [1] 300
INFO [2025-05-03 19:58:24] 
INFO [2025-05-03 19:58:24] $compression
INFO [2025-05-03 19:58:24] [1] "lzw"
INFO [2025-05-03 19:58:24] 
INFO [2025-05-03 19:58:24] $lwd
INFO [2025-05-03 19:58:24] [1] 1
INFO [2025-05-03 19:58:24] 
INFO [2025-05-03 19:58:24] $lty
INFO [2025-05-03 19:58:24] [1] "blank"
INFO [2025-05-03 19:58:24] 
INFO [2025-05-03 19:58:24] $fill
INFO [2025-05-03 19:58:24] c("#5BACED", "#F5AC2E", "#8BC34A", "#FF5722", "#9C27B0")
INFO [2025-05-03 19:58:24] 
INFO [2025-05-03 19:58:24] $cex
INFO [2025-05-03 19:58:24] [1] 1.25
INFO [2025-05-03 19:58:24] 
INFO [2025-05-03 19:58:24] $fontfamily
INFO [2025-05-03 19:58:24] [1] "sans"
INFO [2025-05-03 19:58:24] 
INFO [2025-05-03 19:58:24] $cat.cex
INFO [2025-05-03 19:58:24] [1] 1
INFO [2025-05-03 19:58:24] 
INFO [2025-05-03 19:58:24] $cat.fontfamily
INFO [2025-05-03 19:58:24] [1] "sans"
INFO [2025-05-03 19:58:24] 
INFO [2025-05-03 19:58:24] $cat.default.pos
INFO [2025-05-03 19:58:24] [1] "outer"
INFO [2025-05-03 19:58:24] 
