
@----------------------------------------------------------@
|        PLINK!       |     v1.07      |   10/Aug/2009     |
|----------------------------------------------------------|
|  (C) 2009 Shaun Purcell, GNU General Public License, v2  |
|----------------------------------------------------------|
|  For documentation, citation & bug-report instructions:  |
|        http://pngu.mgh.harvard.edu/purcell/plink/        |
@----------------------------------------------------------@

Skipping web check... [ --noweb ] 
Writing this text to log file [ /home/n311pc/bioinfo/Popgen_Qmacdougallii/data/structure_formats/qmacd_ref_gen_rob.log ]
Analysis started: Wed Mar 12 18:03:07 2025

Options in effect:
	--file /home/n311pc/bioinfo/Popgen_Qmacdougallii/data/structure_formats/qmacd_ref_gen_rob.plk
	--noweb
	--make-bed
	--out /home/n311pc/bioinfo/Popgen_Qmacdougallii/data/structure_formats/qmacd_ref_gen_rob

5426 (of 5426) markers to be included from [ /home/n311pc/bioinfo/Popgen_Qmacdougallii/data/structure_formats/qmacd_ref_gen_rob.plk.map ]
Warning, found 79 individuals with ambiguous sex codes
Writing list of these individuals to [ /home/n311pc/bioinfo/Popgen_Qmacdougallii/data/structure_formats/qmacd_ref_gen_rob.nosex ]
79 individuals read from [ /home/n311pc/bioinfo/Popgen_Qmacdougallii/data/structure_formats/qmacd_ref_gen_rob.plk.ped ] 
0 individuals with nonmissing phenotypes
Assuming a disease phenotype (1=unaff, 2=aff, 0=miss)
Missing phenotype value is also -9
0 cases, 0 controls and 79 missing
0 males, 0 females, and 79 of unspecified sex
Before frequency and genotyping pruning, there are 5426 SNPs
0 founders and 79 non-founders found
5426 SNPs with no founder genotypes observed
Warning, MAF set to 0 for these SNPs (see --nonfounders)
Writing list of these SNPs to [ /home/n311pc/bioinfo/Popgen_Qmacdougallii/data/structure_formats/qmacd_ref_gen_rob.nof ]
Total genotyping rate in remaining individuals is 1
0 SNPs failed missingness test ( GENO > 1 )
0 SNPs failed frequency test ( MAF < 0 )
After frequency and genotyping pruning, there are 5426 SNPs
After filtering, 0 cases, 0 controls and 79 missing
After filtering, 0 males, 0 females, and 79 of unspecified sex
Writing pedigree information to [ /home/n311pc/bioinfo/Popgen_Qmacdougallii/data/structure_formats/qmacd_ref_gen_rob.fam ] 
Writing map (extended format) information to [ /home/n311pc/bioinfo/Popgen_Qmacdougallii/data/structure_formats/qmacd_ref_gen_rob.bim ] 
Writing genotype bitfile to [ /home/n311pc/bioinfo/Popgen_Qmacdougallii/data/structure_formats/qmacd_ref_gen_rob.bed ] 
Using (default) SNP-major mode

Analysis finished: Wed Mar 12 18:03:07 2025

